Archive member included to satisfy reference by file (symbol)

/app/stm32cubeide/plugins/com.st.stm32cube.ide.mcu.externaltools.gnu-tools-for-stm32.10.3-2021.10.linux64_1.0.200.202301161003/tools/bin/../lib/gcc/arm-none-eabi/10.3.1/../../../../arm-none-eabi/lib/thumb/v7e-m/nofp/libc_nano.a(lib_a-errno.o)
                              ./APP/syscalls.o (__errno)
/app/stm32cubeide/plugins/com.st.stm32cube.ide.mcu.externaltools.gnu-tools-for-stm32.10.3-2021.10.linux64_1.0.200.202301161003/tools/bin/../lib/gcc/arm-none-eabi/10.3.1/../../../../arm-none-eabi/lib/thumb/v7e-m/nofp/libc_nano.a(lib_a-exit.o)
                              /app/stm32cubeide/plugins/com.st.stm32cube.ide.mcu.externaltools.gnu-tools-for-stm32.10.3-2021.10.linux64_1.0.200.202301161003/tools/bin/../lib/gcc/arm-none-eabi/10.3.1/../../../../arm-none-eabi/lib/thumb/v7e-m/nofp/crt0.o (exit)
/app/stm32cubeide/plugins/com.st.stm32cube.ide.mcu.externaltools.gnu-tools-for-stm32.10.3-2021.10.linux64_1.0.200.202301161003/tools/bin/../lib/gcc/arm-none-eabi/10.3.1/../../../../arm-none-eabi/lib/thumb/v7e-m/nofp/libc_nano.a(lib_a-impure.o)
                              /app/stm32cubeide/plugins/com.st.stm32cube.ide.mcu.externaltools.gnu-tools-for-stm32.10.3-2021.10.linux64_1.0.200.202301161003/tools/bin/../lib/gcc/arm-none-eabi/10.3.1/../../../../arm-none-eabi/lib/thumb/v7e-m/nofp/libc_nano.a(lib_a-exit.o) (_global_impure_ptr)
/app/stm32cubeide/plugins/com.st.stm32cube.ide.mcu.externaltools.gnu-tools-for-stm32.10.3-2021.10.linux64_1.0.200.202301161003/tools/bin/../lib/gcc/arm-none-eabi/10.3.1/../../../../arm-none-eabi/lib/thumb/v7e-m/nofp/libc_nano.a(lib_a-init.o)
                              /app/stm32cubeide/plugins/com.st.stm32cube.ide.mcu.externaltools.gnu-tools-for-stm32.10.3-2021.10.linux64_1.0.200.202301161003/tools/bin/../lib/gcc/arm-none-eabi/10.3.1/../../../../arm-none-eabi/lib/thumb/v7e-m/nofp/crt0.o (__libc_init_array)
/app/stm32cubeide/plugins/com.st.stm32cube.ide.mcu.externaltools.gnu-tools-for-stm32.10.3-2021.10.linux64_1.0.200.202301161003/tools/bin/../lib/gcc/arm-none-eabi/10.3.1/../../../../arm-none-eabi/lib/thumb/v7e-m/nofp/libc_nano.a(lib_a-memcpy-stub.o)
                              ./APP/main.o (memcpy)
/app/stm32cubeide/plugins/com.st.stm32cube.ide.mcu.externaltools.gnu-tools-for-stm32.10.3-2021.10.linux64_1.0.200.202301161003/tools/bin/../lib/gcc/arm-none-eabi/10.3.1/../../../../arm-none-eabi/lib/thumb/v7e-m/nofp/libc_nano.a(lib_a-memset.o)
                              /app/stm32cubeide/plugins/com.st.stm32cube.ide.mcu.externaltools.gnu-tools-for-stm32.10.3-2021.10.linux64_1.0.200.202301161003/tools/bin/../lib/gcc/arm-none-eabi/10.3.1/../../../../arm-none-eabi/lib/thumb/v7e-m/nofp/crt0.o (memset)

Discarded input sections

 .text          0x0000000000000000        0x0 /app/stm32cubeide/plugins/com.st.stm32cube.ide.mcu.externaltools.gnu-tools-for-stm32.10.3-2021.10.linux64_1.0.200.202301161003/tools/bin/../lib/gcc/arm-none-eabi/10.3.1/thumb/v7e-m/nofp/crti.o
 .data          0x0000000000000000        0x0 /app/stm32cubeide/plugins/com.st.stm32cube.ide.mcu.externaltools.gnu-tools-for-stm32.10.3-2021.10.linux64_1.0.200.202301161003/tools/bin/../lib/gcc/arm-none-eabi/10.3.1/thumb/v7e-m/nofp/crti.o
 .bss           0x0000000000000000        0x0 /app/stm32cubeide/plugins/com.st.stm32cube.ide.mcu.externaltools.gnu-tools-for-stm32.10.3-2021.10.linux64_1.0.200.202301161003/tools/bin/../lib/gcc/arm-none-eabi/10.3.1/thumb/v7e-m/nofp/crti.o
 .data          0x0000000000000000        0x4 /app/stm32cubeide/plugins/com.st.stm32cube.ide.mcu.externaltools.gnu-tools-for-stm32.10.3-2021.10.linux64_1.0.200.202301161003/tools/bin/../lib/gcc/arm-none-eabi/10.3.1/thumb/v7e-m/nofp/crtbegin.o
 .rodata        0x0000000000000000       0x24 /app/stm32cubeide/plugins/com.st.stm32cube.ide.mcu.externaltools.gnu-tools-for-stm32.10.3-2021.10.linux64_1.0.200.202301161003/tools/bin/../lib/gcc/arm-none-eabi/10.3.1/thumb/v7e-m/nofp/crtbegin.o
 .text          0x0000000000000000       0x7c /app/stm32cubeide/plugins/com.st.stm32cube.ide.mcu.externaltools.gnu-tools-for-stm32.10.3-2021.10.linux64_1.0.200.202301161003/tools/bin/../lib/gcc/arm-none-eabi/10.3.1/../../../../arm-none-eabi/lib/thumb/v7e-m/nofp/crt0.o
 .data          0x0000000000000000        0x0 /app/stm32cubeide/plugins/com.st.stm32cube.ide.mcu.externaltools.gnu-tools-for-stm32.10.3-2021.10.linux64_1.0.200.202301161003/tools/bin/../lib/gcc/arm-none-eabi/10.3.1/../../../../arm-none-eabi/lib/thumb/v7e-m/nofp/crt0.o
 .bss           0x0000000000000000        0x0 /app/stm32cubeide/plugins/com.st.stm32cube.ide.mcu.externaltools.gnu-tools-for-stm32.10.3-2021.10.linux64_1.0.200.202301161003/tools/bin/../lib/gcc/arm-none-eabi/10.3.1/../../../../arm-none-eabi/lib/thumb/v7e-m/nofp/crt0.o
 .ARM.extab     0x0000000000000000        0x0 /app/stm32cubeide/plugins/com.st.stm32cube.ide.mcu.externaltools.gnu-tools-for-stm32.10.3-2021.10.linux64_1.0.200.202301161003/tools/bin/../lib/gcc/arm-none-eabi/10.3.1/../../../../arm-none-eabi/lib/thumb/v7e-m/nofp/crt0.o
 .ARM.exidx     0x0000000000000000       0x10 /app/stm32cubeide/plugins/com.st.stm32cube.ide.mcu.externaltools.gnu-tools-for-stm32.10.3-2021.10.linux64_1.0.200.202301161003/tools/bin/../lib/gcc/arm-none-eabi/10.3.1/../../../../arm-none-eabi/lib/thumb/v7e-m/nofp/crt0.o
 .ARM.attributes
                0x0000000000000000       0x1c /app/stm32cubeide/plugins/com.st.stm32cube.ide.mcu.externaltools.gnu-tools-for-stm32.10.3-2021.10.linux64_1.0.200.202301161003/tools/bin/../lib/gcc/arm-none-eabi/10.3.1/../../../../arm-none-eabi/lib/thumb/v7e-m/nofp/crt0.o
 .group         0x0000000000000000        0xc ./APP/main.o
 .group         0x0000000000000000        0xc ./APP/main.o
 .group         0x0000000000000000        0xc ./APP/main.o
 .group         0x0000000000000000        0xc ./APP/main.o
 .group         0x0000000000000000        0xc ./APP/main.o
 .group         0x0000000000000000        0xc ./APP/main.o
 .group         0x0000000000000000        0xc ./APP/main.o
 .group         0x0000000000000000        0xc ./APP/main.o
 .group         0x0000000000000000        0xc ./APP/main.o
 .group         0x0000000000000000        0xc ./APP/main.o
 .group         0x0000000000000000        0xc ./APP/main.o
 .group         0x0000000000000000        0xc ./APP/main.o
 .group         0x0000000000000000        0xc ./APP/main.o
 .group         0x0000000000000000        0xc ./APP/main.o
 .group         0x0000000000000000        0xc ./APP/main.o
 .group         0x0000000000000000        0xc ./APP/main.o
 .group         0x0000000000000000        0xc ./APP/main.o
 .group         0x0000000000000000        0xc ./APP/main.o
 .group         0x0000000000000000        0xc ./APP/main.o
 .group         0x0000000000000000        0xc ./APP/main.o
 .group         0x0000000000000000        0xc ./APP/main.o
 .group         0x0000000000000000        0xc ./APP/main.o
 .group         0x0000000000000000        0xc ./APP/main.o
 .group         0x0000000000000000        0xc ./APP/main.o
 .group         0x0000000000000000        0xc ./APP/main.o
 .group         0x0000000000000000        0xc ./APP/main.o
 .group         0x0000000000000000        0xc ./APP/main.o
 .group         0x0000000000000000        0xc ./APP/main.o
 .group         0x0000000000000000        0xc ./APP/main.o
 .group         0x0000000000000000        0xc ./APP/main.o
 .group         0x0000000000000000        0xc ./APP/main.o
 .group         0x0000000000000000        0xc ./APP/main.o
 .group         0x0000000000000000        0xc ./APP/main.o
 .group         0x0000000000000000        0xc ./APP/main.o
 .group         0x0000000000000000        0xc ./APP/main.o
 .group         0x0000000000000000        0xc ./APP/main.o
 .group         0x0000000000000000        0xc ./APP/main.o
 .group         0x0000000000000000        0xc ./APP/main.o
 .group         0x0000000000000000        0xc ./APP/main.o
 .group         0x0000000000000000        0xc ./APP/main.o
 .group         0x0000000000000000        0xc ./APP/main.o
 .group         0x0000000000000000        0xc ./APP/main.o
 .group         0x0000000000000000        0xc ./APP/main.o
 .group         0x0000000000000000        0xc ./APP/main.o
 .group         0x0000000000000000        0xc ./APP/main.o
 .group         0x0000000000000000        0xc ./APP/main.o
 .text          0x0000000000000000        0x0 ./APP/main.o
 .data          0x0000000000000000        0x0 ./APP/main.o
 .bss           0x0000000000000000        0x0 ./APP/main.o
 .group         0x0000000000000000        0xc ./APP/syscalls.o
 .group         0x0000000000000000        0xc ./APP/syscalls.o
 .group         0x0000000000000000        0xc ./APP/syscalls.o
 .group         0x0000000000000000        0xc ./APP/syscalls.o
 .group         0x0000000000000000        0xc ./APP/syscalls.o
 .group         0x0000000000000000        0xc ./APP/syscalls.o
 .group         0x0000000000000000        0xc ./APP/syscalls.o
 .group         0x0000000000000000        0xc ./APP/syscalls.o
 .group         0x0000000000000000        0xc ./APP/syscalls.o
 .group         0x0000000000000000        0xc ./APP/syscalls.o
 .group         0x0000000000000000        0xc ./APP/syscalls.o
 .group         0x0000000000000000        0xc ./APP/syscalls.o
 .group         0x0000000000000000        0xc ./APP/syscalls.o
 .group         0x0000000000000000        0xc ./APP/syscalls.o
 .group         0x0000000000000000        0xc ./APP/syscalls.o
 .group         0x0000000000000000        0xc ./APP/syscalls.o
 .group         0x0000000000000000        0xc ./APP/syscalls.o
 .group         0x0000000000000000        0xc ./APP/syscalls.o
 .group         0x0000000000000000        0xc ./APP/syscalls.o
 .group         0x0000000000000000        0xc ./APP/syscalls.o
 .group         0x0000000000000000        0xc ./APP/syscalls.o
 .group         0x0000000000000000        0xc ./APP/syscalls.o
 .group         0x0000000000000000        0xc ./APP/syscalls.o
 .group         0x0000000000000000        0xc ./APP/syscalls.o
 .group         0x0000000000000000        0xc ./APP/syscalls.o
 .group         0x0000000000000000        0xc ./APP/syscalls.o
 .group         0x0000000000000000        0xc ./APP/syscalls.o
 .group         0x0000000000000000        0xc ./APP/syscalls.o
 .group         0x0000000000000000        0xc ./APP/syscalls.o
 .group         0x0000000000000000        0xc ./APP/syscalls.o
 .group         0x0000000000000000        0xc ./APP/syscalls.o
 .group         0x0000000000000000        0xc ./APP/syscalls.o
 .group         0x0000000000000000        0xc ./APP/syscalls.o
 .group         0x0000000000000000        0xc ./APP/syscalls.o
 .group         0x0000000000000000        0xc ./APP/syscalls.o
 .group         0x0000000000000000        0xc ./APP/syscalls.o
 .group         0x0000000000000000        0xc ./APP/syscalls.o
 .group         0x0000000000000000        0xc ./APP/syscalls.o
 .group         0x0000000000000000        0xc ./APP/syscalls.o
 .group         0x0000000000000000        0xc ./APP/syscalls.o
 .group         0x0000000000000000        0xc ./APP/syscalls.o
 .group         0x0000000000000000        0xc ./APP/syscalls.o
 .group         0x0000000000000000        0xc ./APP/syscalls.o
 .group         0x0000000000000000        0xc ./APP/syscalls.o
 .group         0x0000000000000000        0xc ./APP/syscalls.o
 .group         0x0000000000000000        0xc ./APP/syscalls.o
 .group         0x0000000000000000        0xc ./APP/syscalls.o
 .text          0x0000000000000000        0x0 ./APP/syscalls.o
 .data          0x0000000000000000        0x0 ./APP/syscalls.o
 .bss           0x0000000000000000        0x0 ./APP/syscalls.o
 .text.ITM_SendChar
                0x0000000000000000       0x4c ./APP/syscalls.o
 .bss.__env     0x0000000000000000        0x4 ./APP/syscalls.o
 .data.environ  0x0000000000000000        0x4 ./APP/syscalls.o
 .text.initialise_monitor_handles
                0x0000000000000000        0xc ./APP/syscalls.o
 .text._getpid  0x0000000000000000        0xe ./APP/syscalls.o
 .text._kill    0x0000000000000000       0x20 ./APP/syscalls.o
 .text._exit    0x0000000000000000       0x14 ./APP/syscalls.o
 .text._read    0x0000000000000000       0x3a ./APP/syscalls.o
 .text._write   0x0000000000000000       0x38 ./APP/syscalls.o
 .text._close   0x0000000000000000       0x16 ./APP/syscalls.o
 .text._fstat   0x0000000000000000       0x1e ./APP/syscalls.o
 .text._isatty  0x0000000000000000       0x14 ./APP/syscalls.o
 .text._lseek   0x0000000000000000       0x18 ./APP/syscalls.o
 .text._open    0x0000000000000000       0x1a ./APP/syscalls.o
 .text._wait    0x0000000000000000       0x1e ./APP/syscalls.o
 .text._unlink  0x0000000000000000       0x1e ./APP/syscalls.o
 .text._times   0x0000000000000000       0x16 ./APP/syscalls.o
 .text._stat    0x0000000000000000       0x1e ./APP/syscalls.o
 .text._link    0x0000000000000000       0x20 ./APP/syscalls.o
 .text._fork    0x0000000000000000       0x16 ./APP/syscalls.o
 .text._execve  0x0000000000000000       0x22 ./APP/syscalls.o
 .debug_info    0x0000000000000000      0x70f ./APP/syscalls.o
 .debug_abbrev  0x0000000000000000      0x1af ./APP/syscalls.o
 .debug_aranges
                0x0000000000000000       0xb0 ./APP/syscalls.o
 .debug_ranges  0x0000000000000000       0xa0 ./APP/syscalls.o
 .debug_macro   0x0000000000000000      0x25e ./APP/syscalls.o
 .debug_macro   0x0000000000000000      0xa78 ./APP/syscalls.o
 .debug_macro   0x0000000000000000       0x22 ./APP/syscalls.o
 .debug_macro   0x0000000000000000       0x4c ./APP/syscalls.o
 .debug_macro   0x0000000000000000       0x18 ./APP/syscalls.o
 .debug_macro   0x0000000000000000       0x94 ./APP/syscalls.o
 .debug_macro   0x0000000000000000       0x3c ./APP/syscalls.o
 .debug_macro   0x0000000000000000       0x34 ./APP/syscalls.o
 .debug_macro   0x0000000000000000       0x57 ./APP/syscalls.o
 .debug_macro   0x0000000000000000      0x174 ./APP/syscalls.o
 .debug_macro   0x0000000000000000      0x341 ./APP/syscalls.o
 .debug_macro   0x0000000000000000       0x16 ./APP/syscalls.o
 .debug_macro   0x0000000000000000       0x43 ./APP/syscalls.o
 .debug_macro   0x0000000000000000       0x34 ./APP/syscalls.o
 .debug_macro   0x0000000000000000       0x10 ./APP/syscalls.o
 .debug_macro   0x0000000000000000       0x58 ./APP/syscalls.o
 .debug_macro   0x0000000000000000       0x71 ./APP/syscalls.o
 .debug_macro   0x0000000000000000       0x1c ./APP/syscalls.o
 .debug_macro   0x0000000000000000      0x12a ./APP/syscalls.o
 .debug_macro   0x0000000000000000       0x10 ./APP/syscalls.o
 .debug_macro   0x0000000000000000       0x35 ./APP/syscalls.o
 .debug_macro   0x0000000000000000       0x10 ./APP/syscalls.o
 .debug_macro   0x0000000000000000       0x10 ./APP/syscalls.o
 .debug_macro   0x0000000000000000       0x10 ./APP/syscalls.o
 .debug_macro   0x0000000000000000       0x6a ./APP/syscalls.o
 .debug_macro   0x0000000000000000       0x1c ./APP/syscalls.o
 .debug_macro   0x0000000000000000       0x52 ./APP/syscalls.o
 .debug_macro   0x0000000000000000       0x22 ./APP/syscalls.o
 .debug_macro   0x0000000000000000       0x10 ./APP/syscalls.o
 .debug_macro   0x0000000000000000       0x52 ./APP/syscalls.o
 .debug_macro   0x0000000000000000       0xd5 ./APP/syscalls.o
 .debug_macro   0x0000000000000000       0x1c ./APP/syscalls.o
 .debug_macro   0x0000000000000000       0x3d ./APP/syscalls.o
 .debug_macro   0x0000000000000000       0x35 ./APP/syscalls.o
 .debug_macro   0x0000000000000000      0x12c ./APP/syscalls.o
 .debug_macro   0x0000000000000000       0x16 ./APP/syscalls.o
 .debug_macro   0x0000000000000000       0x16 ./APP/syscalls.o
 .debug_macro   0x0000000000000000       0x29 ./APP/syscalls.o
 .debug_macro   0x0000000000000000       0x10 ./APP/syscalls.o
 .debug_macro   0x0000000000000000      0x241 ./APP/syscalls.o
 .debug_macro   0x0000000000000000       0x1c ./APP/syscalls.o
 .debug_macro   0x0000000000000000       0x10 ./APP/syscalls.o
 .debug_macro   0x0000000000000000       0x10 ./APP/syscalls.o
 .debug_macro   0x0000000000000000       0x16 ./APP/syscalls.o
 .debug_macro   0x0000000000000000      0x145 ./APP/syscalls.o
 .debug_macro   0x0000000000000000      0x189 ./APP/syscalls.o
 .debug_macro   0x0000000000000000       0x16 ./APP/syscalls.o
 .debug_macro   0x0000000000000000       0xce ./APP/syscalls.o
 .debug_line    0x0000000000000000      0x7cf ./APP/syscalls.o
 .debug_str     0x0000000000000000     0x8b40 ./APP/syscalls.o
 .comment       0x0000000000000000       0x51 ./APP/syscalls.o
 .debug_frame   0x0000000000000000      0x2d4 ./APP/syscalls.o
 .ARM.attributes
                0x0000000000000000       0x2e ./APP/syscalls.o
 .group         0x0000000000000000        0xc ./APP/sysmem.o
 .group         0x0000000000000000        0xc ./APP/sysmem.o
 .group         0x0000000000000000        0xc ./APP/sysmem.o
 .group         0x0000000000000000        0xc ./APP/sysmem.o
 .group         0x0000000000000000        0xc ./APP/sysmem.o
 .group         0x0000000000000000        0xc ./APP/sysmem.o
 .group         0x0000000000000000        0xc ./APP/sysmem.o
 .group         0x0000000000000000        0xc ./APP/sysmem.o
 .group         0x0000000000000000        0xc ./APP/sysmem.o
 .group         0x0000000000000000        0xc ./APP/sysmem.o
 .group         0x0000000000000000        0xc ./APP/sysmem.o
 .group         0x0000000000000000        0xc ./APP/sysmem.o
 .group         0x0000000000000000        0xc ./APP/sysmem.o
 .group         0x0000000000000000        0xc ./APP/sysmem.o
 .group         0x0000000000000000        0xc ./APP/sysmem.o
 .group         0x0000000000000000        0xc ./APP/sysmem.o
 .group         0x0000000000000000        0xc ./APP/sysmem.o
 .group         0x0000000000000000        0xc ./APP/sysmem.o
 .group         0x0000000000000000        0xc ./APP/sysmem.o
 .group         0x0000000000000000        0xc ./APP/sysmem.o
 .group         0x0000000000000000        0xc ./APP/sysmem.o
 .group         0x0000000000000000        0xc ./APP/sysmem.o
 .text          0x0000000000000000        0x0 ./APP/sysmem.o
 .data          0x0000000000000000        0x0 ./APP/sysmem.o
 .bss           0x0000000000000000        0x0 ./APP/sysmem.o
 .bss.__sbrk_heap_end
                0x0000000000000000        0x4 ./APP/sysmem.o
 .text._sbrk    0x0000000000000000       0x6c ./APP/sysmem.o
 .debug_info    0x0000000000000000      0x171 ./APP/sysmem.o
 .debug_abbrev  0x0000000000000000       0xbb ./APP/sysmem.o
 .debug_aranges
                0x0000000000000000       0x20 ./APP/sysmem.o
 .debug_ranges  0x0000000000000000       0x10 ./APP/sysmem.o
 .debug_macro   0x0000000000000000       0xff ./APP/sysmem.o
 .debug_macro   0x0000000000000000      0xa78 ./APP/sysmem.o
 .debug_macro   0x0000000000000000       0x10 ./APP/sysmem.o
 .debug_macro   0x0000000000000000       0x22 ./APP/sysmem.o
 .debug_macro   0x0000000000000000       0x4c ./APP/sysmem.o
 .debug_macro   0x0000000000000000       0x18 ./APP/sysmem.o
 .debug_macro   0x0000000000000000       0x94 ./APP/sysmem.o
 .debug_macro   0x0000000000000000       0x3c ./APP/sysmem.o
 .debug_macro   0x0000000000000000       0x34 ./APP/sysmem.o
 .debug_macro   0x0000000000000000      0x174 ./APP/sysmem.o
 .debug_macro   0x0000000000000000       0x16 ./APP/sysmem.o
 .debug_macro   0x0000000000000000       0x43 ./APP/sysmem.o
 .debug_macro   0x0000000000000000       0x57 ./APP/sysmem.o
 .debug_macro   0x0000000000000000       0x34 ./APP/sysmem.o
 .debug_macro   0x0000000000000000       0x10 ./APP/sysmem.o
 .debug_macro   0x0000000000000000       0x58 ./APP/sysmem.o
 .debug_macro   0x0000000000000000       0x71 ./APP/sysmem.o
 .debug_macro   0x0000000000000000       0x1c ./APP/sysmem.o
 .debug_macro   0x0000000000000000      0x12a ./APP/sysmem.o
 .debug_macro   0x0000000000000000      0x23b ./APP/sysmem.o
 .debug_macro   0x0000000000000000      0x103 ./APP/sysmem.o
 .debug_macro   0x0000000000000000       0x6a ./APP/sysmem.o
 .debug_macro   0x0000000000000000      0x1df ./APP/sysmem.o
 .debug_line    0x0000000000000000      0x490 ./APP/sysmem.o
 .debug_str     0x0000000000000000     0x5dce ./APP/sysmem.o
 .comment       0x0000000000000000       0x51 ./APP/sysmem.o
 .debug_frame   0x0000000000000000       0x34 ./APP/sysmem.o
 .ARM.attributes
                0x0000000000000000       0x2e ./APP/sysmem.o
 .group         0x0000000000000000        0xc ./HAL/Keypad/Keypad.o
 .text          0x0000000000000000        0x0 ./HAL/Keypad/Keypad.o
 .data          0x0000000000000000        0x0 ./HAL/Keypad/Keypad.o
 .bss           0x0000000000000000        0x0 ./HAL/Keypad/Keypad.o
 .debug_info    0x0000000000000000       0x21 ./HAL/Keypad/Keypad.o
 .debug_abbrev  0x0000000000000000       0x13 ./HAL/Keypad/Keypad.o
 .debug_aranges
                0x0000000000000000       0x18 ./HAL/Keypad/Keypad.o
 .debug_macro   0x0000000000000000       0x11 ./HAL/Keypad/Keypad.o
 .debug_macro   0x0000000000000000      0xa78 ./HAL/Keypad/Keypad.o
 .debug_line    0x0000000000000000       0x37 ./HAL/Keypad/Keypad.o
 .debug_str     0x0000000000000000     0x2d13 ./HAL/Keypad/Keypad.o
 .comment       0x0000000000000000       0x51 ./HAL/Keypad/Keypad.o
 .ARM.attributes
                0x0000000000000000       0x2e ./HAL/Keypad/Keypad.o
 .group         0x0000000000000000        0xc ./HAL/LCD/LCD.o
 .text          0x0000000000000000        0x0 ./HAL/LCD/LCD.o
 .data          0x0000000000000000        0x0 ./HAL/LCD/LCD.o
 .bss           0x0000000000000000        0x0 ./HAL/LCD/LCD.o
 .debug_info    0x0000000000000000       0x21 ./HAL/LCD/LCD.o
 .debug_abbrev  0x0000000000000000       0x13 ./HAL/LCD/LCD.o
 .debug_aranges
                0x0000000000000000       0x18 ./HAL/LCD/LCD.o
 .debug_macro   0x0000000000000000       0x11 ./HAL/LCD/LCD.o
 .debug_macro   0x0000000000000000      0xa78 ./HAL/LCD/LCD.o
 .debug_line    0x0000000000000000       0x31 ./HAL/LCD/LCD.o
 .debug_str     0x0000000000000000     0x2d0d ./HAL/LCD/LCD.o
 .comment       0x0000000000000000       0x51 ./HAL/LCD/LCD.o
 .ARM.attributes
                0x0000000000000000       0x2e ./HAL/LCD/LCD.o
 .group         0x0000000000000000        0xc ./HAL/S7_Segment/S7_Segment.o
 .text          0x0000000000000000        0x0 ./HAL/S7_Segment/S7_Segment.o
 .data          0x0000000000000000        0x0 ./HAL/S7_Segment/S7_Segment.o
 .bss           0x0000000000000000        0x0 ./HAL/S7_Segment/S7_Segment.o
 .debug_info    0x0000000000000000       0x21 ./HAL/S7_Segment/S7_Segment.o
 .debug_abbrev  0x0000000000000000       0x13 ./HAL/S7_Segment/S7_Segment.o
 .debug_aranges
                0x0000000000000000       0x18 ./HAL/S7_Segment/S7_Segment.o
 .debug_macro   0x0000000000000000       0x11 ./HAL/S7_Segment/S7_Segment.o
 .debug_macro   0x0000000000000000      0xa78 ./HAL/S7_Segment/S7_Segment.o
 .debug_line    0x0000000000000000       0x3f ./HAL/S7_Segment/S7_Segment.o
 .debug_str     0x0000000000000000     0x2d1b ./HAL/S7_Segment/S7_Segment.o
 .comment       0x0000000000000000       0x51 ./HAL/S7_Segment/S7_Segment.o
 .ARM.attributes
                0x0000000000000000       0x2e ./HAL/S7_Segment/S7_Segment.o
 .group         0x0000000000000000        0xc ./MCAL/GPIO/GPIO.o
 .group         0x0000000000000000        0xc ./MCAL/GPIO/GPIO.o
 .group         0x0000000000000000        0xc ./MCAL/GPIO/GPIO.o
 .group         0x0000000000000000        0xc ./MCAL/GPIO/GPIO.o
 .group         0x0000000000000000        0xc ./MCAL/GPIO/GPIO.o
 .group         0x0000000000000000        0xc ./MCAL/GPIO/GPIO.o
 .group         0x0000000000000000        0xc ./MCAL/GPIO/GPIO.o
 .group         0x0000000000000000        0xc ./MCAL/GPIO/GPIO.o
 .group         0x0000000000000000        0xc ./MCAL/GPIO/GPIO.o
 .group         0x0000000000000000        0xc ./MCAL/GPIO/GPIO.o
 .group         0x0000000000000000        0xc ./MCAL/GPIO/GPIO.o
 .group         0x0000000000000000        0xc ./MCAL/GPIO/GPIO.o
 .group         0x0000000000000000        0xc ./MCAL/GPIO/GPIO.o
 .group         0x0000000000000000        0xc ./MCAL/GPIO/GPIO.o
 .group         0x0000000000000000        0xc ./MCAL/GPIO/GPIO.o
 .group         0x0000000000000000        0xc ./MCAL/GPIO/GPIO.o
 .group         0x0000000000000000        0xc ./MCAL/GPIO/GPIO.o
 .group         0x0000000000000000        0xc ./MCAL/GPIO/GPIO.o
 .group         0x0000000000000000        0xc ./MCAL/GPIO/GPIO.o
 .group         0x0000000000000000        0xc ./MCAL/GPIO/GPIO.o
 .group         0x0000000000000000        0xc ./MCAL/GPIO/GPIO.o
 .group         0x0000000000000000        0xc ./MCAL/GPIO/GPIO.o
 .group         0x0000000000000000        0xc ./MCAL/GPIO/GPIO.o
 .group         0x0000000000000000        0xc ./MCAL/GPIO/GPIO.o
 .group         0x0000000000000000        0xc ./MCAL/GPIO/GPIO.o
 .group         0x0000000000000000        0xc ./MCAL/GPIO/GPIO.o
 .group         0x0000000000000000        0xc ./MCAL/GPIO/GPIO.o
 .group         0x0000000000000000        0xc ./MCAL/GPIO/GPIO.o
 .group         0x0000000000000000        0xc ./MCAL/GPIO/GPIO.o
 .group         0x0000000000000000        0xc ./MCAL/GPIO/GPIO.o
 .group         0x0000000000000000        0xc ./MCAL/GPIO/GPIO.o
 .group         0x0000000000000000        0xc ./MCAL/GPIO/GPIO.o
 .group         0x0000000000000000        0xc ./MCAL/GPIO/GPIO.o
 .group         0x0000000000000000        0xc ./MCAL/GPIO/GPIO.o
 .group         0x0000000000000000        0xc ./MCAL/GPIO/GPIO.o
 .group         0x0000000000000000        0xc ./MCAL/GPIO/GPIO.o
 .group         0x0000000000000000        0xc ./MCAL/GPIO/GPIO.o
 .group         0x0000000000000000        0xc ./MCAL/GPIO/GPIO.o
 .group         0x0000000000000000        0xc ./MCAL/GPIO/GPIO.o
 .group         0x0000000000000000        0xc ./MCAL/GPIO/GPIO.o
 .group         0x0000000000000000        0xc ./MCAL/GPIO/GPIO.o
 .group         0x0000000000000000        0xc ./MCAL/GPIO/GPIO.o
 .group         0x0000000000000000        0xc ./MCAL/GPIO/GPIO.o
 .group         0x0000000000000000        0xc ./MCAL/GPIO/GPIO.o
 .group         0x0000000000000000        0xc ./MCAL/GPIO/GPIO.o
 .group         0x0000000000000000        0xc ./MCAL/GPIO/GPIO.o
 .text          0x0000000000000000        0x0 ./MCAL/GPIO/GPIO.o
 .data          0x0000000000000000        0x0 ./MCAL/GPIO/GPIO.o
 .bss           0x0000000000000000        0x0 ./MCAL/GPIO/GPIO.o
 .rodata.GPIO_IDRControl_Registers
                0x0000000000000000       0x24 ./MCAL/GPIO/GPIO.o
 .rodata.GPIO_ModeSelect_Registers
                0x0000000000000000       0x24 ./MCAL/GPIO/GPIO.o
 .rodata.GPIO_AlternateFunctionLowSelect_Registers
                0x0000000000000000       0x24 ./MCAL/GPIO/GPIO.o
 .rodata.GPIO_AlternateFunctionHighSelect_Registers
                0x0000000000000000       0x24 ./MCAL/GPIO/GPIO.o
 .rodata.RCC_Port_ClockControl_Register
                0x0000000000000000       0x24 ./MCAL/GPIO/GPIO.o
 .rodata.RCC_Port_ClockConfig_Register
                0x0000000000000000       0x24 ./MCAL/GPIO/GPIO.o
 .text.GPIO_ReadFromInputPin
                0x0000000000000000       0x38 ./MCAL/GPIO/GPIO.o
 .text.GPIO_ReadFromInputPort
                0x0000000000000000       0x34 ./MCAL/GPIO/GPIO.o
 .text.GPIO_ReadFromOutputPin
                0x0000000000000000       0x7c ./MCAL/GPIO/GPIO.o
 .text.GPIO_ReadFromOutputPort
                0x0000000000000000       0x30 ./MCAL/GPIO/GPIO.o
 .debug_macro   0x0000000000000000      0xa78 ./MCAL/GPIO/GPIO.o
 .debug_macro   0x0000000000000000       0xca ./MCAL/GPIO/GPIO.o
 .debug_macro   0x0000000000000000       0x22 ./MCAL/GPIO/GPIO.o
 .debug_macro   0x0000000000000000       0x8e ./MCAL/GPIO/GPIO.o
 .debug_macro   0x0000000000000000       0x51 ./MCAL/GPIO/GPIO.o
 .debug_macro   0x0000000000000000      0x103 ./MCAL/GPIO/GPIO.o
 .debug_macro   0x0000000000000000       0x6a ./MCAL/GPIO/GPIO.o
 .debug_macro   0x0000000000000000      0x1df ./MCAL/GPIO/GPIO.o
 .debug_macro   0x0000000000000000       0x52 ./MCAL/GPIO/GPIO.o
 .debug_macro   0x0000000000000000       0x18 ./MCAL/GPIO/GPIO.o
 .debug_macro   0x0000000000000000       0x3c ./MCAL/GPIO/GPIO.o
 .debug_macro   0x0000000000000000       0x34 ./MCAL/GPIO/GPIO.o
 .debug_macro   0x0000000000000000       0x16 ./MCAL/GPIO/GPIO.o
 .debug_macro   0x0000000000000000       0x97 ./MCAL/GPIO/GPIO.o
 .debug_macro   0x0000000000000000      0x341 ./MCAL/GPIO/GPIO.o
 .debug_macro   0x0000000000000000       0xfd ./MCAL/GPIO/GPIO.o
 .debug_macro   0x0000000000000000       0x10 ./MCAL/GPIO/GPIO.o
 .debug_macro   0x0000000000000000       0x16 ./MCAL/GPIO/GPIO.o
 .debug_macro   0x0000000000000000       0x43 ./MCAL/GPIO/GPIO.o
 .debug_macro   0x0000000000000000       0x34 ./MCAL/GPIO/GPIO.o
 .debug_macro   0x0000000000000000       0x10 ./MCAL/GPIO/GPIO.o
 .debug_macro   0x0000000000000000       0x58 ./MCAL/GPIO/GPIO.o
 .debug_macro   0x0000000000000000       0x71 ./MCAL/GPIO/GPIO.o
 .debug_macro   0x0000000000000000       0x1c ./MCAL/GPIO/GPIO.o
 .debug_macro   0x0000000000000000      0x12a ./MCAL/GPIO/GPIO.o
 .debug_macro   0x0000000000000000       0x10 ./MCAL/GPIO/GPIO.o
 .debug_macro   0x0000000000000000       0x1c ./MCAL/GPIO/GPIO.o
 .debug_macro   0x0000000000000000       0x52 ./MCAL/GPIO/GPIO.o
 .debug_macro   0x0000000000000000       0x22 ./MCAL/GPIO/GPIO.o
 .debug_macro   0x0000000000000000       0x10 ./MCAL/GPIO/GPIO.o
 .debug_macro   0x0000000000000000       0x52 ./MCAL/GPIO/GPIO.o
 .debug_macro   0x0000000000000000       0xd5 ./MCAL/GPIO/GPIO.o
 .debug_macro   0x0000000000000000       0x1c ./MCAL/GPIO/GPIO.o
 .debug_macro   0x0000000000000000       0x3d ./MCAL/GPIO/GPIO.o
 .debug_macro   0x0000000000000000       0x16 ./MCAL/GPIO/GPIO.o
 .debug_macro   0x0000000000000000      0x145 ./MCAL/GPIO/GPIO.o
 .debug_macro   0x0000000000000000       0x16 ./MCAL/GPIO/GPIO.o
 .debug_macro   0x0000000000000000       0x35 ./MCAL/GPIO/GPIO.o
 .debug_macro   0x0000000000000000       0x16 ./MCAL/GPIO/GPIO.o
 .debug_macro   0x0000000000000000       0x29 ./MCAL/GPIO/GPIO.o
 .debug_macro   0x0000000000000000       0x16 ./MCAL/GPIO/GPIO.o
 .debug_macro   0x0000000000000000       0x20 ./MCAL/GPIO/GPIO.o
 .debug_macro   0x0000000000000000       0x22 ./MCAL/GPIO/GPIO.o
 .debug_macro   0x0000000000000000      0x19b ./MCAL/GPIO/GPIO.o
 .debug_macro   0x0000000000000000       0xd0 ./MCAL/GPIO/GPIO.o
 .debug_macro   0x0000000000000000      0x138 ./MCAL/GPIO/GPIO.o
 .text          0x0000000000000000       0x14 ./Startup/startup_stm32f407vgtx.o
 .data          0x0000000000000000        0x0 ./Startup/startup_stm32f407vgtx.o
 .bss           0x0000000000000000        0x0 ./Startup/startup_stm32f407vgtx.o
 .text          0x0000000000000000        0x0 /app/stm32cubeide/plugins/com.st.stm32cube.ide.mcu.externaltools.gnu-tools-for-stm32.10.3-2021.10.linux64_1.0.200.202301161003/tools/bin/../lib/gcc/arm-none-eabi/10.3.1/../../../../arm-none-eabi/lib/thumb/v7e-m/nofp/libc_nano.a(lib_a-errno.o)
 .data          0x0000000000000000        0x0 /app/stm32cubeide/plugins/com.st.stm32cube.ide.mcu.externaltools.gnu-tools-for-stm32.10.3-2021.10.linux64_1.0.200.202301161003/tools/bin/../lib/gcc/arm-none-eabi/10.3.1/../../../../arm-none-eabi/lib/thumb/v7e-m/nofp/libc_nano.a(lib_a-errno.o)
 .bss           0x0000000000000000        0x0 /app/stm32cubeide/plugins/com.st.stm32cube.ide.mcu.externaltools.gnu-tools-for-stm32.10.3-2021.10.linux64_1.0.200.202301161003/tools/bin/../lib/gcc/arm-none-eabi/10.3.1/../../../../arm-none-eabi/lib/thumb/v7e-m/nofp/libc_nano.a(lib_a-errno.o)
 .text.__errno  0x0000000000000000        0xc /app/stm32cubeide/plugins/com.st.stm32cube.ide.mcu.externaltools.gnu-tools-for-stm32.10.3-2021.10.linux64_1.0.200.202301161003/tools/bin/../lib/gcc/arm-none-eabi/10.3.1/../../../../arm-none-eabi/lib/thumb/v7e-m/nofp/libc_nano.a(lib_a-errno.o)
 .debug_frame   0x0000000000000000       0x20 /app/stm32cubeide/plugins/com.st.stm32cube.ide.mcu.externaltools.gnu-tools-for-stm32.10.3-2021.10.linux64_1.0.200.202301161003/tools/bin/../lib/gcc/arm-none-eabi/10.3.1/../../../../arm-none-eabi/lib/thumb/v7e-m/nofp/libc_nano.a(lib_a-errno.o)
 .ARM.attributes
                0x0000000000000000       0x2e /app/stm32cubeide/plugins/com.st.stm32cube.ide.mcu.externaltools.gnu-tools-for-stm32.10.3-2021.10.linux64_1.0.200.202301161003/tools/bin/../lib/gcc/arm-none-eabi/10.3.1/../../../../arm-none-eabi/lib/thumb/v7e-m/nofp/libc_nano.a(lib_a-errno.o)
 .text          0x0000000000000000        0x0 /app/stm32cubeide/plugins/com.st.stm32cube.ide.mcu.externaltools.gnu-tools-for-stm32.10.3-2021.10.linux64_1.0.200.202301161003/tools/bin/../lib/gcc/arm-none-eabi/10.3.1/../../../../arm-none-eabi/lib/thumb/v7e-m/nofp/libc_nano.a(lib_a-exit.o)
 .data          0x0000000000000000        0x0 /app/stm32cubeide/plugins/com.st.stm32cube.ide.mcu.externaltools.gnu-tools-for-stm32.10.3-2021.10.linux64_1.0.200.202301161003/tools/bin/../lib/gcc/arm-none-eabi/10.3.1/../../../../arm-none-eabi/lib/thumb/v7e-m/nofp/libc_nano.a(lib_a-exit.o)
 .bss           0x0000000000000000        0x0 /app/stm32cubeide/plugins/com.st.stm32cube.ide.mcu.externaltools.gnu-tools-for-stm32.10.3-2021.10.linux64_1.0.200.202301161003/tools/bin/../lib/gcc/arm-none-eabi/10.3.1/../../../../arm-none-eabi/lib/thumb/v7e-m/nofp/libc_nano.a(lib_a-exit.o)
 .text.exit     0x0000000000000000       0x28 /app/stm32cubeide/plugins/com.st.stm32cube.ide.mcu.externaltools.gnu-tools-for-stm32.10.3-2021.10.linux64_1.0.200.202301161003/tools/bin/../lib/gcc/arm-none-eabi/10.3.1/../../../../arm-none-eabi/lib/thumb/v7e-m/nofp/libc_nano.a(lib_a-exit.o)
 .debug_frame   0x0000000000000000       0x28 /app/stm32cubeide/plugins/com.st.stm32cube.ide.mcu.externaltools.gnu-tools-for-stm32.10.3-2021.10.linux64_1.0.200.202301161003/tools/bin/../lib/gcc/arm-none-eabi/10.3.1/../../../../arm-none-eabi/lib/thumb/v7e-m/nofp/libc_nano.a(lib_a-exit.o)
 .ARM.attributes
                0x0000000000000000       0x2e /app/stm32cubeide/plugins/com.st.stm32cube.ide.mcu.externaltools.gnu-tools-for-stm32.10.3-2021.10.linux64_1.0.200.202301161003/tools/bin/../lib/gcc/arm-none-eabi/10.3.1/../../../../arm-none-eabi/lib/thumb/v7e-m/nofp/libc_nano.a(lib_a-exit.o)
 .text          0x0000000000000000        0x0 /app/stm32cubeide/plugins/com.st.stm32cube.ide.mcu.externaltools.gnu-tools-for-stm32.10.3-2021.10.linux64_1.0.200.202301161003/tools/bin/../lib/gcc/arm-none-eabi/10.3.1/../../../../arm-none-eabi/lib/thumb/v7e-m/nofp/libc_nano.a(lib_a-impure.o)
 .data          0x0000000000000000        0x0 /app/stm32cubeide/plugins/com.st.stm32cube.ide.mcu.externaltools.gnu-tools-for-stm32.10.3-2021.10.linux64_1.0.200.202301161003/tools/bin/../lib/gcc/arm-none-eabi/10.3.1/../../../../arm-none-eabi/lib/thumb/v7e-m/nofp/libc_nano.a(lib_a-impure.o)
 .bss           0x0000000000000000        0x0 /app/stm32cubeide/plugins/com.st.stm32cube.ide.mcu.externaltools.gnu-tools-for-stm32.10.3-2021.10.linux64_1.0.200.202301161003/tools/bin/../lib/gcc/arm-none-eabi/10.3.1/../../../../arm-none-eabi/lib/thumb/v7e-m/nofp/libc_nano.a(lib_a-impure.o)
 .data._impure_ptr
                0x0000000000000000        0x4 /app/stm32cubeide/plugins/com.st.stm32cube.ide.mcu.externaltools.gnu-tools-for-stm32.10.3-2021.10.linux64_1.0.200.202301161003/tools/bin/../lib/gcc/arm-none-eabi/10.3.1/../../../../arm-none-eabi/lib/thumb/v7e-m/nofp/libc_nano.a(lib_a-impure.o)
 .data.impure_data
                0x0000000000000000       0x60 /app/stm32cubeide/plugins/com.st.stm32cube.ide.mcu.externaltools.gnu-tools-for-stm32.10.3-2021.10.linux64_1.0.200.202301161003/tools/bin/../lib/gcc/arm-none-eabi/10.3.1/../../../../arm-none-eabi/lib/thumb/v7e-m/nofp/libc_nano.a(lib_a-impure.o)
 .rodata._global_impure_ptr
                0x0000000000000000        0x4 /app/stm32cubeide/plugins/com.st.stm32cube.ide.mcu.externaltools.gnu-tools-for-stm32.10.3-2021.10.linux64_1.0.200.202301161003/tools/bin/../lib/gcc/arm-none-eabi/10.3.1/../../../../arm-none-eabi/lib/thumb/v7e-m/nofp/libc_nano.a(lib_a-impure.o)
 .ARM.attributes
                0x0000000000000000       0x2e /app/stm32cubeide/plugins/com.st.stm32cube.ide.mcu.externaltools.gnu-tools-for-stm32.10.3-2021.10.linux64_1.0.200.202301161003/tools/bin/../lib/gcc/arm-none-eabi/10.3.1/../../../../arm-none-eabi/lib/thumb/v7e-m/nofp/libc_nano.a(lib_a-impure.o)
 .text          0x0000000000000000        0x0 /app/stm32cubeide/plugins/com.st.stm32cube.ide.mcu.externaltools.gnu-tools-for-stm32.10.3-2021.10.linux64_1.0.200.202301161003/tools/bin/../lib/gcc/arm-none-eabi/10.3.1/../../../../arm-none-eabi/lib/thumb/v7e-m/nofp/libc_nano.a(lib_a-init.o)
 .data          0x0000000000000000        0x0 /app/stm32cubeide/plugins/com.st.stm32cube.ide.mcu.externaltools.gnu-tools-for-stm32.10.3-2021.10.linux64_1.0.200.202301161003/tools/bin/../lib/gcc/arm-none-eabi/10.3.1/../../../../arm-none-eabi/lib/thumb/v7e-m/nofp/libc_nano.a(lib_a-init.o)
 .bss           0x0000000000000000        0x0 /app/stm32cubeide/plugins/com.st.stm32cube.ide.mcu.externaltools.gnu-tools-for-stm32.10.3-2021.10.linux64_1.0.200.202301161003/tools/bin/../lib/gcc/arm-none-eabi/10.3.1/../../../../arm-none-eabi/lib/thumb/v7e-m/nofp/libc_nano.a(lib_a-init.o)
 .text          0x0000000000000000        0x0 /app/stm32cubeide/plugins/com.st.stm32cube.ide.mcu.externaltools.gnu-tools-for-stm32.10.3-2021.10.linux64_1.0.200.202301161003/tools/bin/../lib/gcc/arm-none-eabi/10.3.1/../../../../arm-none-eabi/lib/thumb/v7e-m/nofp/libc_nano.a(lib_a-memcpy-stub.o)
 .data          0x0000000000000000        0x0 /app/stm32cubeide/plugins/com.st.stm32cube.ide.mcu.externaltools.gnu-tools-for-stm32.10.3-2021.10.linux64_1.0.200.202301161003/tools/bin/../lib/gcc/arm-none-eabi/10.3.1/../../../../arm-none-eabi/lib/thumb/v7e-m/nofp/libc_nano.a(lib_a-memcpy-stub.o)
 .bss           0x0000000000000000        0x0 /app/stm32cubeide/plugins/com.st.stm32cube.ide.mcu.externaltools.gnu-tools-for-stm32.10.3-2021.10.linux64_1.0.200.202301161003/tools/bin/../lib/gcc/arm-none-eabi/10.3.1/../../../../arm-none-eabi/lib/thumb/v7e-m/nofp/libc_nano.a(lib_a-memcpy-stub.o)
 .text          0x0000000000000000        0x0 /app/stm32cubeide/plugins/com.st.stm32cube.ide.mcu.externaltools.gnu-tools-for-stm32.10.3-2021.10.linux64_1.0.200.202301161003/tools/bin/../lib/gcc/arm-none-eabi/10.3.1/../../../../arm-none-eabi/lib/thumb/v7e-m/nofp/libc_nano.a(lib_a-memset.o)
 .data          0x0000000000000000        0x0 /app/stm32cubeide/plugins/com.st.stm32cube.ide.mcu.externaltools.gnu-tools-for-stm32.10.3-2021.10.linux64_1.0.200.202301161003/tools/bin/../lib/gcc/arm-none-eabi/10.3.1/../../../../arm-none-eabi/lib/thumb/v7e-m/nofp/libc_nano.a(lib_a-memset.o)
 .bss           0x0000000000000000        0x0 /app/stm32cubeide/plugins/com.st.stm32cube.ide.mcu.externaltools.gnu-tools-for-stm32.10.3-2021.10.linux64_1.0.200.202301161003/tools/bin/../lib/gcc/arm-none-eabi/10.3.1/../../../../arm-none-eabi/lib/thumb/v7e-m/nofp/libc_nano.a(lib_a-memset.o)
 .text.memset   0x0000000000000000       0x10 /app/stm32cubeide/plugins/com.st.stm32cube.ide.mcu.externaltools.gnu-tools-for-stm32.10.3-2021.10.linux64_1.0.200.202301161003/tools/bin/../lib/gcc/arm-none-eabi/10.3.1/../../../../arm-none-eabi/lib/thumb/v7e-m/nofp/libc_nano.a(lib_a-memset.o)
 .debug_frame   0x0000000000000000       0x20 /app/stm32cubeide/plugins/com.st.stm32cube.ide.mcu.externaltools.gnu-tools-for-stm32.10.3-2021.10.linux64_1.0.200.202301161003/tools/bin/../lib/gcc/arm-none-eabi/10.3.1/../../../../arm-none-eabi/lib/thumb/v7e-m/nofp/libc_nano.a(lib_a-memset.o)
 .ARM.attributes
                0x0000000000000000       0x2e /app/stm32cubeide/plugins/com.st.stm32cube.ide.mcu.externaltools.gnu-tools-for-stm32.10.3-2021.10.linux64_1.0.200.202301161003/tools/bin/../lib/gcc/arm-none-eabi/10.3.1/../../../../arm-none-eabi/lib/thumb/v7e-m/nofp/libc_nano.a(lib_a-memset.o)
 .text          0x0000000000000000        0x0 /app/stm32cubeide/plugins/com.st.stm32cube.ide.mcu.externaltools.gnu-tools-for-stm32.10.3-2021.10.linux64_1.0.200.202301161003/tools/bin/../lib/gcc/arm-none-eabi/10.3.1/thumb/v7e-m/nofp/crtend.o
 .data          0x0000000000000000        0x0 /app/stm32cubeide/plugins/com.st.stm32cube.ide.mcu.externaltools.gnu-tools-for-stm32.10.3-2021.10.linux64_1.0.200.202301161003/tools/bin/../lib/gcc/arm-none-eabi/10.3.1/thumb/v7e-m/nofp/crtend.o
 .bss           0x0000000000000000        0x0 /app/stm32cubeide/plugins/com.st.stm32cube.ide.mcu.externaltools.gnu-tools-for-stm32.10.3-2021.10.linux64_1.0.200.202301161003/tools/bin/../lib/gcc/arm-none-eabi/10.3.1/thumb/v7e-m/nofp/crtend.o
 .rodata        0x0000000000000000       0x24 /app/stm32cubeide/plugins/com.st.stm32cube.ide.mcu.externaltools.gnu-tools-for-stm32.10.3-2021.10.linux64_1.0.200.202301161003/tools/bin/../lib/gcc/arm-none-eabi/10.3.1/thumb/v7e-m/nofp/crtend.o
 .eh_frame      0x0000000000000000        0x4 /app/stm32cubeide/plugins/com.st.stm32cube.ide.mcu.externaltools.gnu-tools-for-stm32.10.3-2021.10.linux64_1.0.200.202301161003/tools/bin/../lib/gcc/arm-none-eabi/10.3.1/thumb/v7e-m/nofp/crtend.o
 .ARM.attributes
                0x0000000000000000       0x2e /app/stm32cubeide/plugins/com.st.stm32cube.ide.mcu.externaltools.gnu-tools-for-stm32.10.3-2021.10.linux64_1.0.200.202301161003/tools/bin/../lib/gcc/arm-none-eabi/10.3.1/thumb/v7e-m/nofp/crtend.o
 .text          0x0000000000000000        0x0 /app/stm32cubeide/plugins/com.st.stm32cube.ide.mcu.externaltools.gnu-tools-for-stm32.10.3-2021.10.linux64_1.0.200.202301161003/tools/bin/../lib/gcc/arm-none-eabi/10.3.1/thumb/v7e-m/nofp/crtn.o
 .data          0x0000000000000000        0x0 /app/stm32cubeide/plugins/com.st.stm32cube.ide.mcu.externaltools.gnu-tools-for-stm32.10.3-2021.10.linux64_1.0.200.202301161003/tools/bin/../lib/gcc/arm-none-eabi/10.3.1/thumb/v7e-m/nofp/crtn.o
 .bss           0x0000000000000000        0x0 /app/stm32cubeide/plugins/com.st.stm32cube.ide.mcu.externaltools.gnu-tools-for-stm32.10.3-2021.10.linux64_1.0.200.202301161003/tools/bin/../lib/gcc/arm-none-eabi/10.3.1/thumb/v7e-m/nofp/crtn.o

Memory Configuration

Name             Origin             Length             Attributes
CCMRAM           0x0000000010000000 0x0000000000010000 xrw
RAM              0x0000000020000000 0x0000000000020000 xrw
FLASH            0x0000000008000000 0x0000000000100000 xr
*default*        0x0000000000000000 0xffffffffffffffff

Linker script and memory map

LOAD /app/stm32cubeide/plugins/com.st.stm32cube.ide.mcu.externaltools.gnu-tools-for-stm32.10.3-2021.10.linux64_1.0.200.202301161003/tools/bin/../lib/gcc/arm-none-eabi/10.3.1/thumb/v7e-m/nofp/crti.o
LOAD /app/stm32cubeide/plugins/com.st.stm32cube.ide.mcu.externaltools.gnu-tools-for-stm32.10.3-2021.10.linux64_1.0.200.202301161003/tools/bin/../lib/gcc/arm-none-eabi/10.3.1/thumb/v7e-m/nofp/crtbegin.o
LOAD /app/stm32cubeide/plugins/com.st.stm32cube.ide.mcu.externaltools.gnu-tools-for-stm32.10.3-2021.10.linux64_1.0.200.202301161003/tools/bin/../lib/gcc/arm-none-eabi/10.3.1/../../../../arm-none-eabi/lib/thumb/v7e-m/nofp/crt0.o
LOAD ./APP/main.o
LOAD ./APP/syscalls.o
LOAD ./APP/sysmem.o
LOAD ./HAL/Keypad/Keypad.o
LOAD ./HAL/LCD/LCD.o
LOAD ./HAL/S7_Segment/S7_Segment.o
LOAD ./MCAL/GPIO/GPIO.o
LOAD ./Startup/startup_stm32f407vgtx.o
START GROUP
LOAD /app/stm32cubeide/plugins/com.st.stm32cube.ide.mcu.externaltools.gnu-tools-for-stm32.10.3-2021.10.linux64_1.0.200.202301161003/tools/bin/../lib/gcc/arm-none-eabi/10.3.1/../../../../arm-none-eabi/lib/thumb/v7e-m/nofp/libc_nano.a
LOAD /app/stm32cubeide/plugins/com.st.stm32cube.ide.mcu.externaltools.gnu-tools-for-stm32.10.3-2021.10.linux64_1.0.200.202301161003/tools/bin/../lib/gcc/arm-none-eabi/10.3.1/../../../../arm-none-eabi/lib/thumb/v7e-m/nofp/libm.a
END GROUP
START GROUP
LOAD /app/stm32cubeide/plugins/com.st.stm32cube.ide.mcu.externaltools.gnu-tools-for-stm32.10.3-2021.10.linux64_1.0.200.202301161003/tools/bin/../lib/gcc/arm-none-eabi/10.3.1/thumb/v7e-m/nofp/libgcc.a
LOAD /app/stm32cubeide/plugins/com.st.stm32cube.ide.mcu.externaltools.gnu-tools-for-stm32.10.3-2021.10.linux64_1.0.200.202301161003/tools/bin/../lib/gcc/arm-none-eabi/10.3.1/../../../../arm-none-eabi/lib/thumb/v7e-m/nofp/libc_nano.a
END GROUP
START GROUP
LOAD /app/stm32cubeide/plugins/com.st.stm32cube.ide.mcu.externaltools.gnu-tools-for-stm32.10.3-2021.10.linux64_1.0.200.202301161003/tools/bin/../lib/gcc/arm-none-eabi/10.3.1/thumb/v7e-m/nofp/libgcc.a
LOAD /app/stm32cubeide/plugins/com.st.stm32cube.ide.mcu.externaltools.gnu-tools-for-stm32.10.3-2021.10.linux64_1.0.200.202301161003/tools/bin/../lib/gcc/arm-none-eabi/10.3.1/../../../../arm-none-eabi/lib/thumb/v7e-m/nofp/libc_nano.a
LOAD /app/stm32cubeide/plugins/com.st.stm32cube.ide.mcu.externaltools.gnu-tools-for-stm32.10.3-2021.10.linux64_1.0.200.202301161003/tools/bin/../lib/gcc/arm-none-eabi/10.3.1/../../../../arm-none-eabi/lib/thumb/v7e-m/nofp/libnosys.a
END GROUP
START GROUP
LOAD /app/stm32cubeide/plugins/com.st.stm32cube.ide.mcu.externaltools.gnu-tools-for-stm32.10.3-2021.10.linux64_1.0.200.202301161003/tools/bin/../lib/gcc/arm-none-eabi/10.3.1/thumb/v7e-m/nofp/libgcc.a
LOAD /app/stm32cubeide/plugins/com.st.stm32cube.ide.mcu.externaltools.gnu-tools-for-stm32.10.3-2021.10.linux64_1.0.200.202301161003/tools/bin/../lib/gcc/arm-none-eabi/10.3.1/../../../../arm-none-eabi/lib/thumb/v7e-m/nofp/libc_nano.a
LOAD /app/stm32cubeide/plugins/com.st.stm32cube.ide.mcu.externaltools.gnu-tools-for-stm32.10.3-2021.10.linux64_1.0.200.202301161003/tools/bin/../lib/gcc/arm-none-eabi/10.3.1/../../../../arm-none-eabi/lib/thumb/v7e-m/nofp/libnosys.a
END GROUP
LOAD /app/stm32cubeide/plugins/com.st.stm32cube.ide.mcu.externaltools.gnu-tools-for-stm32.10.3-2021.10.linux64_1.0.200.202301161003/tools/bin/../lib/gcc/arm-none-eabi/10.3.1/thumb/v7e-m/nofp/crtend.o
LOAD /app/stm32cubeide/plugins/com.st.stm32cube.ide.mcu.externaltools.gnu-tools-for-stm32.10.3-2021.10.linux64_1.0.200.202301161003/tools/bin/../lib/gcc/arm-none-eabi/10.3.1/thumb/v7e-m/nofp/crtn.o
                0x0000000020020000                _estack = (ORIGIN (RAM) + LENGTH (RAM))
                0x0000000000000200                _Min_Heap_Size = 0x200
                0x0000000000000400                _Min_Stack_Size = 0x400

.isr_vector     0x0000000008000000      0x1a8
                0x0000000008000000                . = ALIGN (0x4)
 *(.isr_vector)
 .isr_vector    0x0000000008000000      0x1a8 ./Startup/startup_stm32f407vgtx.o
                0x0000000008000000                g_pfnVectors
                0x00000000080001a8                . = ALIGN (0x4)

.text           0x00000000080001a8      0x3b8
                0x00000000080001a8                . = ALIGN (0x4)
 *(.text)
 .text          0x00000000080001a8       0x40 /app/stm32cubeide/plugins/com.st.stm32cube.ide.mcu.externaltools.gnu-tools-for-stm32.10.3-2021.10.linux64_1.0.200.202301161003/tools/bin/../lib/gcc/arm-none-eabi/10.3.1/thumb/v7e-m/nofp/crtbegin.o
 *(.text*)
 .text.main     0x00000000080001e8      0x128 ./APP/main.o
                0x00000000080001e8                main
 .text.delay    0x0000000008000310       0x2c ./MCAL/GPIO/GPIO.o
                0x0000000008000310                delay
 .text.GPIO_Init
                0x000000000800033c       0x92 ./MCAL/GPIO/GPIO.o
                0x000000000800033c                GPIO_Init
 *fill*         0x00000000080003ce        0x2 
 .text.GPIO_ToggleOutputPin
                0x00000000080003d0       0x44 ./MCAL/GPIO/GPIO.o
                0x00000000080003d0                GPIO_ToggleOutputPin
 .text.GPIO_PeripheralClockControl
                0x0000000008000414       0x7c ./MCAL/GPIO/GPIO.o
                0x0000000008000414                GPIO_PeripheralClockControl
 .text.Reset_Handler
                0x0000000008000490       0x50 ./Startup/startup_stm32f407vgtx.o
                0x0000000008000490                Reset_Handler
 .text.Default_Handler
                0x00000000080004e0        0x2 ./Startup/startup_stm32f407vgtx.o
                0x00000000080004e0                RTC_Alarm_IRQHandler
                0x00000000080004e0                HASH_RNG_IRQHandler
                0x00000000080004e0                EXTI2_IRQHandler
                0x00000000080004e0                TIM8_CC_IRQHandler
                0x00000000080004e0                DebugMon_Handler
                0x00000000080004e0                TIM1_CC_IRQHandler
                0x00000000080004e0                DMA2_Stream5_IRQHandler
                0x00000000080004e0                HardFault_Handler
                0x00000000080004e0                DMA1_Stream5_IRQHandler
                0x00000000080004e0                SysTick_Handler
                0x00000000080004e0                PVD_IRQHandler
                0x00000000080004e0                SDIO_IRQHandler
                0x00000000080004e0                TAMP_STAMP_IRQHandler
                0x00000000080004e0                PendSV_Handler
                0x00000000080004e0                NMI_Handler
                0x00000000080004e0                CAN2_RX1_IRQHandler
                0x00000000080004e0                EXTI3_IRQHandler
                0x00000000080004e0                TIM8_TRG_COM_TIM14_IRQHandler
                0x00000000080004e0                TIM1_UP_TIM10_IRQHandler
                0x00000000080004e0                TIM8_UP_TIM13_IRQHandler
                0x00000000080004e0                I2C3_ER_IRQHandler
                0x00000000080004e0                LCD_TFT_IRQHandler
                0x00000000080004e0                EXTI0_IRQHandler
                0x00000000080004e0                I2C2_EV_IRQHandler
                0x00000000080004e0                DMA1_Stream2_IRQHandler
                0x00000000080004e0                CAN1_RX0_IRQHandler
                0x00000000080004e0                FPU_IRQHandler
                0x00000000080004e0                OTG_HS_WKUP_IRQHandler
                0x00000000080004e0                UsageFault_Handler
                0x00000000080004e0                CAN2_SCE_IRQHandler
                0x00000000080004e0                DMA2_Stream2_IRQHandler
                0x00000000080004e0                SPI1_IRQHandler
                0x00000000080004e0                TIM6_DAC_IRQHandler
                0x00000000080004e0                TIM1_BRK_TIM9_IRQHandler
                0x00000000080004e0                DCMI_IRQHandler
                0x00000000080004e0                CAN2_RX0_IRQHandler
                0x00000000080004e0                DMA2_Stream3_IRQHandler
                0x00000000080004e0                USART6_IRQHandler
                0x00000000080004e0                USART3_IRQHandler
                0x00000000080004e0                CRYP_IRQHandler
                0x00000000080004e0                CAN1_RX1_IRQHandler
                0x00000000080004e0                UART5_IRQHandler
                0x00000000080004e0                DMA2_Stream0_IRQHandler
                0x00000000080004e0                TIM4_IRQHandler
                0x00000000080004e0                I2C1_EV_IRQHandler
                0x00000000080004e0                DMA1_Stream6_IRQHandler
                0x00000000080004e0                DMA1_Stream1_IRQHandler
                0x00000000080004e0                UART4_IRQHandler
                0x00000000080004e0                LCD_TFT_1_IRQHandler
                0x00000000080004e0                TIM3_IRQHandler
                0x00000000080004e0                RCC_IRQHandler
                0x00000000080004e0                TIM8_BRK_TIM12_IRQHandler
                0x00000000080004e0                Default_Handler
                0x00000000080004e0                EXTI15_10_IRQHandler
                0x00000000080004e0                ADC_IRQHandler
                0x00000000080004e0                DMA1_Stream7_IRQHandler
                0x00000000080004e0                TIM7_IRQHandler
                0x00000000080004e0                CAN2_TX_IRQHandler
                0x00000000080004e0                TIM5_IRQHandler
                0x00000000080004e0                DMA2_Stream7_IRQHandler
                0x00000000080004e0                I2C3_EV_IRQHandler
                0x00000000080004e0                EXTI9_5_IRQHandler
                0x00000000080004e0                RTC_WKUP_IRQHandler
                0x00000000080004e0                ETH_WKUP_IRQHandler
                0x00000000080004e0                SPI2_IRQHandler
                0x00000000080004e0                OTG_HS_EP1_IN_IRQHandler
                0x00000000080004e0                MemManage_Handler
                0x00000000080004e0                DMA1_Stream0_IRQHandler
                0x00000000080004e0                CAN1_TX_IRQHandler
                0x00000000080004e0                SVC_Handler
                0x00000000080004e0                EXTI4_IRQHandler
                0x00000000080004e0                FSMC_IRQHandler
                0x00000000080004e0                ETH_IRQHandler
                0x00000000080004e0                OTG_HS_EP1_OUT_IRQHandler
                0x00000000080004e0                WWDG_IRQHandler
                0x00000000080004e0                TIM2_IRQHandler
                0x00000000080004e0                OTG_FS_WKUP_IRQHandler
                0x00000000080004e0                TIM1_TRG_COM_TIM11_IRQHandler
                0x00000000080004e0                OTG_HS_IRQHandler
                0x00000000080004e0                EXTI1_IRQHandler
                0x00000000080004e0                USART2_IRQHandler
                0x00000000080004e0                I2C2_ER_IRQHandler
                0x00000000080004e0                DMA2_Stream1_IRQHandler
                0x00000000080004e0                CAN1_SCE_IRQHandler
                0x00000000080004e0                DMA2_Stream4_IRQHandler
                0x00000000080004e0                BusFault_Handler
                0x00000000080004e0                USART1_IRQHandler
                0x00000000080004e0                OTG_FS_IRQHandler
                0x00000000080004e0                SPI3_IRQHandler
                0x00000000080004e0                DMA1_Stream4_IRQHandler
                0x00000000080004e0                I2C1_ER_IRQHandler
                0x00000000080004e0                DMA2_Stream6_IRQHandler
                0x00000000080004e0                DMA1_Stream3_IRQHandler
 *fill*         0x00000000080004e2        0x2 
 .text.__libc_init_array
                0x00000000080004e4       0x48 /app/stm32cubeide/plugins/com.st.stm32cube.ide.mcu.externaltools.gnu-tools-for-stm32.10.3-2021.10.linux64_1.0.200.202301161003/tools/bin/../lib/gcc/arm-none-eabi/10.3.1/../../../../arm-none-eabi/lib/thumb/v7e-m/nofp/libc_nano.a(lib_a-init.o)
                0x00000000080004e4                __libc_init_array
 .text.memcpy   0x000000000800052c       0x1c /app/stm32cubeide/plugins/com.st.stm32cube.ide.mcu.externaltools.gnu-tools-for-stm32.10.3-2021.10.linux64_1.0.200.202301161003/tools/bin/../lib/gcc/arm-none-eabi/10.3.1/../../../../arm-none-eabi/lib/thumb/v7e-m/nofp/libc_nano.a(lib_a-memcpy-stub.o)
                0x000000000800052c                memcpy
 *(.glue_7)
 .glue_7        0x0000000008000548        0x0 linker stubs
 *(.glue_7t)
 .glue_7t       0x0000000008000548        0x0 linker stubs
 *(.eh_frame)
 .eh_frame      0x0000000008000548        0x0 /app/stm32cubeide/plugins/com.st.stm32cube.ide.mcu.externaltools.gnu-tools-for-stm32.10.3-2021.10.linux64_1.0.200.202301161003/tools/bin/../lib/gcc/arm-none-eabi/10.3.1/thumb/v7e-m/nofp/crtbegin.o
 *(.init)
 .init          0x0000000008000548        0x4 /app/stm32cubeide/plugins/com.st.stm32cube.ide.mcu.externaltools.gnu-tools-for-stm32.10.3-2021.10.linux64_1.0.200.202301161003/tools/bin/../lib/gcc/arm-none-eabi/10.3.1/thumb/v7e-m/nofp/crti.o
                0x0000000008000548                _init
 .init          0x000000000800054c        0x8 /app/stm32cubeide/plugins/com.st.stm32cube.ide.mcu.externaltools.gnu-tools-for-stm32.10.3-2021.10.linux64_1.0.200.202301161003/tools/bin/../lib/gcc/arm-none-eabi/10.3.1/thumb/v7e-m/nofp/crtn.o
 *(.fini)
 .fini          0x0000000008000554        0x4 /app/stm32cubeide/plugins/com.st.stm32cube.ide.mcu.externaltools.gnu-tools-for-stm32.10.3-2021.10.linux64_1.0.200.202301161003/tools/bin/../lib/gcc/arm-none-eabi/10.3.1/thumb/v7e-m/nofp/crti.o
                0x0000000008000554                _fini
 .fini          0x0000000008000558        0x8 /app/stm32cubeide/plugins/com.st.stm32cube.ide.mcu.externaltools.gnu-tools-for-stm32.10.3-2021.10.linux64_1.0.200.202301161003/tools/bin/../lib/gcc/arm-none-eabi/10.3.1/thumb/v7e-m/nofp/crtn.o
                0x0000000008000560                . = ALIGN (0x4)
                0x0000000008000560                _etext = .

.vfp11_veneer   0x0000000008000560        0x0
 .vfp11_veneer  0x0000000008000560        0x0 linker stubs

.v4_bx          0x0000000008000560        0x0
 .v4_bx         0x0000000008000560        0x0 linker stubs

.iplt           0x0000000008000560        0x0
 .iplt          0x0000000008000560        0x0 /app/stm32cubeide/plugins/com.st.stm32cube.ide.mcu.externaltools.gnu-tools-for-stm32.10.3-2021.10.linux64_1.0.200.202301161003/tools/bin/../lib/gcc/arm-none-eabi/10.3.1/thumb/v7e-m/nofp/crtbegin.o

.rodata         0x0000000008000560       0x48
                0x0000000008000560                . = ALIGN (0x4)
 *(.rodata)
 *(.rodata*)
 .rodata.GPIO_ODRControl_Registers
                0x0000000008000560       0x24 ./MCAL/GPIO/GPIO.o
                0x0000000008000560                GPIO_ODRControl_Registers
 .rodata.RCC_Port_AHB1ClockEnable_Registers
                0x0000000008000584       0x24 ./MCAL/GPIO/GPIO.o
                0x0000000008000584                RCC_Port_AHB1ClockEnable_Registers
                0x00000000080005a8                . = ALIGN (0x4)

.rel.dyn        0x00000000080005a8        0x0
 .rel.iplt      0x00000000080005a8        0x0 /app/stm32cubeide/plugins/com.st.stm32cube.ide.mcu.externaltools.gnu-tools-for-stm32.10.3-2021.10.linux64_1.0.200.202301161003/tools/bin/../lib/gcc/arm-none-eabi/10.3.1/thumb/v7e-m/nofp/crtbegin.o

.ARM.extab      0x00000000080005a8        0x0
                0x00000000080005a8                . = ALIGN (0x4)
 *(.ARM.extab* .gnu.linkonce.armextab.*)
                0x00000000080005a8                . = ALIGN (0x4)

.ARM            0x00000000080005a8        0x0
                0x00000000080005a8                . = ALIGN (0x4)
                0x00000000080005a8                __exidx_start = .
 *(.ARM.exidx*)
                0x00000000080005a8                __exidx_end = .
                0x00000000080005a8                . = ALIGN (0x4)

.preinit_array  0x00000000080005a8        0x0
                0x00000000080005a8                . = ALIGN (0x4)
                0x00000000080005a8                PROVIDE (__preinit_array_start = .)
 *(.preinit_array*)
                0x00000000080005a8                PROVIDE (__preinit_array_end = .)
                0x00000000080005a8                . = ALIGN (0x4)

.init_array     0x00000000080005a8        0x4
                0x00000000080005a8                . = ALIGN (0x4)
                0x00000000080005a8                PROVIDE (__init_array_start = .)
 *(SORT_BY_NAME(.init_array.*))
 *(.init_array*)
 .init_array    0x00000000080005a8        0x4 /app/stm32cubeide/plugins/com.st.stm32cube.ide.mcu.externaltools.gnu-tools-for-stm32.10.3-2021.10.linux64_1.0.200.202301161003/tools/bin/../lib/gcc/arm-none-eabi/10.3.1/thumb/v7e-m/nofp/crtbegin.o
                0x00000000080005ac                PROVIDE (__init_array_end = .)
                0x00000000080005ac                . = ALIGN (0x4)

.fini_array     0x00000000080005ac        0x4
                0x00000000080005ac                . = ALIGN (0x4)
                [!provide]                        PROVIDE (__fini_array_start = .)
 *(SORT_BY_NAME(.fini_array.*))
 *(.fini_array*)
 .fini_array    0x00000000080005ac        0x4 /app/stm32cubeide/plugins/com.st.stm32cube.ide.mcu.externaltools.gnu-tools-for-stm32.10.3-2021.10.linux64_1.0.200.202301161003/tools/bin/../lib/gcc/arm-none-eabi/10.3.1/thumb/v7e-m/nofp/crtbegin.o
                [!provide]                        PROVIDE (__fini_array_end = .)
                0x00000000080005b0                . = ALIGN (0x4)
                0x00000000080005b0                _sidata = LOADADDR (.data)

.data           0x0000000020000000       0xd0 load address 0x00000000080005b0
                0x0000000020000000                . = ALIGN (0x4)
                0x0000000020000000                _sdata = .
 *(.data)
 *(.data*)
 .data.gpio_registers
                0x0000000020000000       0xd0 ./MCAL/GPIO/GPIO.o
                0x0000000020000000                gpio_registers
 *(.RamFunc)
 *(.RamFunc*)
                0x00000000200000d0                . = ALIGN (0x4)
                0x00000000200000d0                _edata = .
                0x0000000008000680                _siccmram = LOADADDR (.ccmram)

.igot.plt       0x00000000200000d0        0x0 load address 0x0000000008000680
 .igot.plt      0x00000000200000d0        0x0 /app/stm32cubeide/plugins/com.st.stm32cube.ide.mcu.externaltools.gnu-tools-for-stm32.10.3-2021.10.linux64_1.0.200.202301161003/tools/bin/../lib/gcc/arm-none-eabi/10.3.1/thumb/v7e-m/nofp/crtbegin.o

.ccmram         0x0000000010000000        0x0 load address 0x0000000008000680
                0x0000000010000000                . = ALIGN (0x4)
                0x0000000010000000                _sccmram = .
 *(.ccmram)
 *(.ccmram*)
                0x0000000010000000                . = ALIGN (0x4)
                0x0000000010000000                _eccmram = .
                0x0000000010000000                . = ALIGN (0x4)

.bss            0x00000000200000d0       0x1c
                0x00000000200000d0                _sbss = .
                0x00000000200000d0                __bss_start__ = _sbss
 *(.bss)
 .bss           0x00000000200000d0       0x1c /app/stm32cubeide/plugins/com.st.stm32cube.ide.mcu.externaltools.gnu-tools-for-stm32.10.3-2021.10.linux64_1.0.200.202301161003/tools/bin/../lib/gcc/arm-none-eabi/10.3.1/thumb/v7e-m/nofp/crtbegin.o
 *(.bss*)
 *(COMMON)
                0x00000000200000ec                . = ALIGN (0x4)
                0x00000000200000ec                _ebss = .
                0x00000000200000ec                __bss_end__ = _ebss

._user_heap_stack
                0x00000000200000ec      0x604
                0x00000000200000f0                . = ALIGN (0x8)
 *fill*         0x00000000200000ec        0x4 
                [!provide]                        PROVIDE (end = .)
                0x00000000200000f0                PROVIDE (_end = .)
                0x00000000200002f0                . = (. + _Min_Heap_Size)
 *fill*         0x00000000200000f0      0x200 
                0x00000000200006f0                . = (. + _Min_Stack_Size)
 *fill*         0x00000000200002f0      0x400 
                0x00000000200006f0                . = ALIGN (0x8)

/DISCARD/
 libc.a(*)
 libm.a(*)
 libgcc.a(*)

.ARM.attributes
                0x0000000000000000       0x2a
 *(.ARM.attributes)
 .ARM.attributes
                0x0000000000000000       0x1e /app/stm32cubeide/plugins/com.st.stm32cube.ide.mcu.externaltools.gnu-tools-for-stm32.10.3-2021.10.linux64_1.0.200.202301161003/tools/bin/../lib/gcc/arm-none-eabi/10.3.1/thumb/v7e-m/nofp/crti.o
 .ARM.attributes
                0x000000000000001e       0x2e /app/stm32cubeide/plugins/com.st.stm32cube.ide.mcu.externaltools.gnu-tools-for-stm32.10.3-2021.10.linux64_1.0.200.202301161003/tools/bin/../lib/gcc/arm-none-eabi/10.3.1/thumb/v7e-m/nofp/crtbegin.o
 .ARM.attributes
                0x000000000000004c       0x2e ./APP/main.o
 .ARM.attributes
                0x000000000000007a       0x2e ./MCAL/GPIO/GPIO.o
 .ARM.attributes
                0x00000000000000a8       0x21 ./Startup/startup_stm32f407vgtx.o
 .ARM.attributes
                0x00000000000000c9       0x2e /app/stm32cubeide/plugins/com.st.stm32cube.ide.mcu.externaltools.gnu-tools-for-stm32.10.3-2021.10.linux64_1.0.200.202301161003/tools/bin/../lib/gcc/arm-none-eabi/10.3.1/../../../../arm-none-eabi/lib/thumb/v7e-m/nofp/libc_nano.a(lib_a-init.o)
 .ARM.attributes
                0x00000000000000f7       0x2e /app/stm32cubeide/plugins/com.st.stm32cube.ide.mcu.externaltools.gnu-tools-for-stm32.10.3-2021.10.linux64_1.0.200.202301161003/tools/bin/../lib/gcc/arm-none-eabi/10.3.1/../../../../arm-none-eabi/lib/thumb/v7e-m/nofp/libc_nano.a(lib_a-memcpy-stub.o)
 .ARM.attributes
                0x0000000000000125       0x1e /app/stm32cubeide/plugins/com.st.stm32cube.ide.mcu.externaltools.gnu-tools-for-stm32.10.3-2021.10.linux64_1.0.200.202301161003/tools/bin/../lib/gcc/arm-none-eabi/10.3.1/thumb/v7e-m/nofp/crtn.o
OUTPUT(STM32F401VE_Drivers.elf elf32-littlearm)
LOAD linker stubs
LOAD /app/stm32cubeide/plugins/com.st.stm32cube.ide.mcu.externaltools.gnu-tools-for-stm32.10.3-2021.10.linux64_1.0.200.202301161003/tools/bin/../lib/gcc/arm-none-eabi/10.3.1/../../../../arm-none-eabi/lib/thumb/v7e-m/nofp/libc.a
LOAD /app/stm32cubeide/plugins/com.st.stm32cube.ide.mcu.externaltools.gnu-tools-for-stm32.10.3-2021.10.linux64_1.0.200.202301161003/tools/bin/../lib/gcc/arm-none-eabi/10.3.1/../../../../arm-none-eabi/lib/thumb/v7e-m/nofp/libm.a
LOAD /app/stm32cubeide/plugins/com.st.stm32cube.ide.mcu.externaltools.gnu-tools-for-stm32.10.3-2021.10.linux64_1.0.200.202301161003/tools/bin/../lib/gcc/arm-none-eabi/10.3.1/thumb/v7e-m/nofp/libgcc.a

.debug_info     0x0000000000000000     0x1ace
 .debug_info    0x0000000000000000      0xa74 ./APP/main.o
 .debug_info    0x0000000000000a74     0x1038 ./MCAL/GPIO/GPIO.o
 .debug_info    0x0000000000001aac       0x22 ./Startup/startup_stm32f407vgtx.o

.debug_abbrev   0x0000000000000000      0x37e
 .debug_abbrev  0x0000000000000000      0x181 ./APP/main.o
 .debug_abbrev  0x0000000000000181      0x1eb ./MCAL/GPIO/GPIO.o
 .debug_abbrev  0x000000000000036c       0x12 ./Startup/startup_stm32f407vgtx.o

.debug_aranges  0x0000000000000000       0xa0
 .debug_aranges
                0x0000000000000000       0x20 ./APP/main.o
 .debug_aranges
                0x0000000000000020       0x58 ./MCAL/GPIO/GPIO.o
 .debug_aranges
                0x0000000000000078       0x28 ./Startup/startup_stm32f407vgtx.o

.debug_ranges   0x0000000000000000       0x78
 .debug_ranges  0x0000000000000000       0x10 ./APP/main.o
 .debug_ranges  0x0000000000000010       0x48 ./MCAL/GPIO/GPIO.o
 .debug_ranges  0x0000000000000058       0x20 ./Startup/startup_stm32f407vgtx.o

.debug_macro    0x0000000000000000     0x252c
 .debug_macro   0x0000000000000000      0x286 ./APP/main.o
 .debug_macro   0x0000000000000286      0xa78 ./APP/main.o
 .debug_macro   0x0000000000000cfe       0x22 ./APP/main.o
 .debug_macro   0x0000000000000d20       0x8e ./APP/main.o
 .debug_macro   0x0000000000000dae       0x51 ./APP/main.o
 .debug_macro   0x0000000000000dff      0x103 ./APP/main.o
 .debug_macro   0x0000000000000f02       0x6a ./APP/main.o
 .debug_macro   0x0000000000000f6c      0x1df ./APP/main.o
 .debug_macro   0x000000000000114b       0x52 ./APP/main.o
 .debug_macro   0x000000000000119d       0x18 ./APP/main.o
 .debug_macro   0x00000000000011b5       0x3c ./APP/main.o
 .debug_macro   0x00000000000011f1       0x34 ./APP/main.o
 .debug_macro   0x0000000000001225       0x16 ./APP/main.o
 .debug_macro   0x000000000000123b       0x97 ./APP/main.o
 .debug_macro   0x00000000000012d2      0x341 ./APP/main.o
 .debug_macro   0x0000000000001613       0xfd ./APP/main.o
 .debug_macro   0x0000000000001710       0x10 ./APP/main.o
 .debug_macro   0x0000000000001720       0x16 ./APP/main.o
 .debug_macro   0x0000000000001736       0x43 ./APP/main.o
 .debug_macro   0x0000000000001779       0x34 ./APP/main.o
 .debug_macro   0x00000000000017ad       0x10 ./APP/main.o
 .debug_macro   0x00000000000017bd       0x58 ./APP/main.o
 .debug_macro   0x0000000000001815       0x71 ./APP/main.o
 .debug_macro   0x0000000000001886       0x1c ./APP/main.o
 .debug_macro   0x00000000000018a2      0x12a ./APP/main.o
 .debug_macro   0x00000000000019cc       0x10 ./APP/main.o
 .debug_macro   0x00000000000019dc       0x1c ./APP/main.o
 .debug_macro   0x00000000000019f8       0x52 ./APP/main.o
 .debug_macro   0x0000000000001a4a       0x22 ./APP/main.o
 .debug_macro   0x0000000000001a6c       0x10 ./APP/main.o
 .debug_macro   0x0000000000001a7c       0x52 ./APP/main.o
 .debug_macro   0x0000000000001ace       0xd5 ./APP/main.o
 .debug_macro   0x0000000000001ba3       0x1c ./APP/main.o
 .debug_macro   0x0000000000001bbf       0x3d ./APP/main.o
 .debug_macro   0x0000000000001bfc       0x16 ./APP/main.o
 .debug_macro   0x0000000000001c12      0x145 ./APP/main.o
 .debug_macro   0x0000000000001d57       0xca ./APP/main.o
 .debug_macro   0x0000000000001e21       0x16 ./APP/main.o
 .debug_macro   0x0000000000001e37       0x35 ./APP/main.o
 .debug_macro   0x0000000000001e6c       0x16 ./APP/main.o
 .debug_macro   0x0000000000001e82       0x29 ./APP/main.o
 .debug_macro   0x0000000000001eab       0x16 ./APP/main.o
 .debug_macro   0x0000000000001ec1       0x20 ./APP/main.o
 .debug_macro   0x0000000000001ee1       0x22 ./APP/main.o
 .debug_macro   0x0000000000001f03      0x19b ./APP/main.o
 .debug_macro   0x000000000000209e       0xd0 ./APP/main.o
 .debug_macro   0x000000000000216e      0x138 ./APP/main.o
 .debug_macro   0x00000000000022a6      0x286 ./MCAL/GPIO/GPIO.o

.debug_line     0x0000000000000000      0xea7
 .debug_line    0x0000000000000000      0x69b ./APP/main.o
 .debug_line    0x000000000000069b      0x788 ./MCAL/GPIO/GPIO.o
 .debug_line    0x0000000000000e23       0x84 ./Startup/startup_stm32f407vgtx.o

.debug_str      0x0000000000000000     0x9f56
 .debug_str     0x0000000000000000     0x9cd6 ./APP/main.o
                                       0x9ee9 (size before relaxing)
 .debug_str     0x0000000000009cd6      0x24f ./MCAL/GPIO/GPIO.o
                                       0xa11b (size before relaxing)
 .debug_str     0x0000000000009f25       0x31 ./Startup/startup_stm32f407vgtx.o
                                         0xb4 (size before relaxing)

.comment        0x0000000000000000       0x50
 .comment       0x0000000000000000       0x50 ./APP/main.o
                                         0x51 (size before relaxing)
 .comment       0x0000000000000050       0x51 ./MCAL/GPIO/GPIO.o

.debug_frame    0x0000000000000000      0x1d4
 .debug_frame   0x0000000000000000       0x30 ./APP/main.o
 .debug_frame   0x0000000000000030      0x150 ./MCAL/GPIO/GPIO.o
 .debug_frame   0x0000000000000180       0x2c /app/stm32cubeide/plugins/com.st.stm32cube.ide.mcu.externaltools.gnu-tools-for-stm32.10.3-2021.10.linux64_1.0.200.202301161003/tools/bin/../lib/gcc/arm-none-eabi/10.3.1/../../../../arm-none-eabi/lib/thumb/v7e-m/nofp/libc_nano.a(lib_a-init.o)
 .debug_frame   0x00000000000001ac       0x28 /app/stm32cubeide/plugins/com.st.stm32cube.ide.mcu.externaltools.gnu-tools-for-stm32.10.3-2021.10.linux64_1.0.200.202301161003/tools/bin/../lib/gcc/arm-none-eabi/10.3.1/../../../../arm-none-eabi/lib/thumb/v7e-m/nofp/libc_nano.a(lib_a-memcpy-stub.o)
