../bsp/ds1307.c:23:9:ds1307_init	16	static
../bsp/ds1307.c:40:6:ds1307_set_current_time	24	static
../bsp/ds1307.c:65:6:ds1307_set_current_date	16	static
../bsp/ds1307.c:73:6:ds1307_get_current_time	24	static
../bsp/ds1307.c:96:6:ds1307_get_current_date	16	static
../bsp/ds1307.c:103:13:ds1307_i2c_pin_config	64	static
../bsp/ds1307.c:136:13:ds1307_i2c_config	8	static
../bsp/ds1307.c:145:13:ds1307_write	32	static
../bsp/ds1307.c:153:16:ds1307_read	32	static
../bsp/ds1307.c:170:16:bcd_to_binary	24	static
../bsp/ds1307.c:185:16:binary_to_bcd	24	static
