../drivers/Src/stm32f407xx_spi_driver.c:61:6:SPI_PeripheralClockControl	16	static
../drivers/Src/stm32f407xx_spi_driver.c:117:6:SPI_PeripheralControl	16	static
../drivers/Src/stm32f407xx_spi_driver.c:134:6:SPI_Init	24	static
../drivers/Src/stm32f407xx_spi_driver.c:183:6:SPI_DeInit	16	static
../drivers/Src/stm32f407xx_spi_driver.c:212:9:SPI_GetFlagStatus	16	static
../drivers/Src/stm32f407xx_spi_driver.c:230:6:SPI_SendData	24	static
../drivers/Src/stm32f407xx_spi_driver.c:263:6:SPI_ReceiveData	24	static
../drivers/Src/stm32f407xx_spi_driver.c:300:6:SPI_SSIConfig	16	static
../drivers/Src/stm32f407xx_spi_driver.c:318:6:SPI_SSOEConfig	16	static
../drivers/Src/stm32f407xx_spi_driver.c:336:6:SPI_IRQinterruptConfig	16	static
../drivers/Src/stm32f407xx_spi_driver.c:385:6:SPI_IRQperiorityConfig	24	static
../drivers/Src/stm32f407xx_spi_driver.c:406:6:SPI_IRQHandling	24	static
../drivers/Src/stm32f407xx_spi_driver.c:461:9:SPI_SendDataIT	32	static
../drivers/Src/stm32f407xx_spi_driver.c:500:9:SPI_ReceiveDataIT	32	static
../drivers/Src/stm32f407xx_spi_driver.c:534:13:SPI_TXE_Interrupt_Handle	16	static
../drivers/Src/stm32f407xx_spi_driver.c:569:13:SPI_RXNE_Interrupt_Handle	16	static
../drivers/Src/stm32f407xx_spi_driver.c:604:13:SPI_OVE_ERR_Interrupt_Handle	24	static
../drivers/Src/stm32f407xx_spi_driver.c:627:6:SPI_ClearOVRFlag	24	static
../drivers/Src/stm32f407xx_spi_driver.c:644:6:SPI_CloseTransmission	16	static
../drivers/Src/stm32f407xx_spi_driver.c:663:6:SPI_CloseReception	16	static
../drivers/Src/stm32f407xx_spi_driver.c:686:13:SPI_ApplicationEventCallback	16	static
