Archive member included to satisfy reference by file (symbol)

/app/stm32cubeide/plugins/com.st.stm32cube.ide.mcu.externaltools.gnu-tools-for-stm32.10.3-2021.10.linux64_1.0.200.202301161003/tools/bin/../lib/gcc/arm-none-eabi/10.3.1/../../../../arm-none-eabi/lib/thumb/v7e-m/nofp/libc_nano.a(lib_a-errno.o)
                              ./APP_Layer/syscalls.o (__errno)
/app/stm32cubeide/plugins/com.st.stm32cube.ide.mcu.externaltools.gnu-tools-for-stm32.10.3-2021.10.linux64_1.0.200.202301161003/tools/bin/../lib/gcc/arm-none-eabi/10.3.1/../../../../arm-none-eabi/lib/thumb/v7e-m/nofp/libc_nano.a(lib_a-exit.o)
                              /app/stm32cubeide/plugins/com.st.stm32cube.ide.mcu.externaltools.gnu-tools-for-stm32.10.3-2021.10.linux64_1.0.200.202301161003/tools/bin/../lib/gcc/arm-none-eabi/10.3.1/../../../../arm-none-eabi/lib/thumb/v7e-m/nofp/crt0.o (exit)
/app/stm32cubeide/plugins/com.st.stm32cube.ide.mcu.externaltools.gnu-tools-for-stm32.10.3-2021.10.linux64_1.0.200.202301161003/tools/bin/../lib/gcc/arm-none-eabi/10.3.1/../../../../arm-none-eabi/lib/thumb/v7e-m/nofp/libc_nano.a(lib_a-impure.o)
                              /app/stm32cubeide/plugins/com.st.stm32cube.ide.mcu.externaltools.gnu-tools-for-stm32.10.3-2021.10.linux64_1.0.200.202301161003/tools/bin/../lib/gcc/arm-none-eabi/10.3.1/../../../../arm-none-eabi/lib/thumb/v7e-m/nofp/libc_nano.a(lib_a-exit.o) (_global_impure_ptr)
/app/stm32cubeide/plugins/com.st.stm32cube.ide.mcu.externaltools.gnu-tools-for-stm32.10.3-2021.10.linux64_1.0.200.202301161003/tools/bin/../lib/gcc/arm-none-eabi/10.3.1/../../../../arm-none-eabi/lib/thumb/v7e-m/nofp/libc_nano.a(lib_a-init.o)
                              /app/stm32cubeide/plugins/com.st.stm32cube.ide.mcu.externaltools.gnu-tools-for-stm32.10.3-2021.10.linux64_1.0.200.202301161003/tools/bin/../lib/gcc/arm-none-eabi/10.3.1/../../../../arm-none-eabi/lib/thumb/v7e-m/nofp/crt0.o (__libc_init_array)
/app/stm32cubeide/plugins/com.st.stm32cube.ide.mcu.externaltools.gnu-tools-for-stm32.10.3-2021.10.linux64_1.0.200.202301161003/tools/bin/../lib/gcc/arm-none-eabi/10.3.1/../../../../arm-none-eabi/lib/thumb/v7e-m/nofp/libc_nano.a(lib_a-memset.o)
                              /app/stm32cubeide/plugins/com.st.stm32cube.ide.mcu.externaltools.gnu-tools-for-stm32.10.3-2021.10.linux64_1.0.200.202301161003/tools/bin/../lib/gcc/arm-none-eabi/10.3.1/../../../../arm-none-eabi/lib/thumb/v7e-m/nofp/crt0.o (memset)

Discarded input sections

 .text          0x0000000000000000        0x0 /app/stm32cubeide/plugins/com.st.stm32cube.ide.mcu.externaltools.gnu-tools-for-stm32.10.3-2021.10.linux64_1.0.200.202301161003/tools/bin/../lib/gcc/arm-none-eabi/10.3.1/thumb/v7e-m/nofp/crti.o
 .data          0x0000000000000000        0x0 /app/stm32cubeide/plugins/com.st.stm32cube.ide.mcu.externaltools.gnu-tools-for-stm32.10.3-2021.10.linux64_1.0.200.202301161003/tools/bin/../lib/gcc/arm-none-eabi/10.3.1/thumb/v7e-m/nofp/crti.o
 .bss           0x0000000000000000        0x0 /app/stm32cubeide/plugins/com.st.stm32cube.ide.mcu.externaltools.gnu-tools-for-stm32.10.3-2021.10.linux64_1.0.200.202301161003/tools/bin/../lib/gcc/arm-none-eabi/10.3.1/thumb/v7e-m/nofp/crti.o
 .data          0x0000000000000000        0x4 /app/stm32cubeide/plugins/com.st.stm32cube.ide.mcu.externaltools.gnu-tools-for-stm32.10.3-2021.10.linux64_1.0.200.202301161003/tools/bin/../lib/gcc/arm-none-eabi/10.3.1/thumb/v7e-m/nofp/crtbegin.o
 .rodata        0x0000000000000000       0x24 /app/stm32cubeide/plugins/com.st.stm32cube.ide.mcu.externaltools.gnu-tools-for-stm32.10.3-2021.10.linux64_1.0.200.202301161003/tools/bin/../lib/gcc/arm-none-eabi/10.3.1/thumb/v7e-m/nofp/crtbegin.o
 .text          0x0000000000000000       0x7c /app/stm32cubeide/plugins/com.st.stm32cube.ide.mcu.externaltools.gnu-tools-for-stm32.10.3-2021.10.linux64_1.0.200.202301161003/tools/bin/../lib/gcc/arm-none-eabi/10.3.1/../../../../arm-none-eabi/lib/thumb/v7e-m/nofp/crt0.o
 .data          0x0000000000000000        0x0 /app/stm32cubeide/plugins/com.st.stm32cube.ide.mcu.externaltools.gnu-tools-for-stm32.10.3-2021.10.linux64_1.0.200.202301161003/tools/bin/../lib/gcc/arm-none-eabi/10.3.1/../../../../arm-none-eabi/lib/thumb/v7e-m/nofp/crt0.o
 .bss           0x0000000000000000        0x0 /app/stm32cubeide/plugins/com.st.stm32cube.ide.mcu.externaltools.gnu-tools-for-stm32.10.3-2021.10.linux64_1.0.200.202301161003/tools/bin/../lib/gcc/arm-none-eabi/10.3.1/../../../../arm-none-eabi/lib/thumb/v7e-m/nofp/crt0.o
 .ARM.extab     0x0000000000000000        0x0 /app/stm32cubeide/plugins/com.st.stm32cube.ide.mcu.externaltools.gnu-tools-for-stm32.10.3-2021.10.linux64_1.0.200.202301161003/tools/bin/../lib/gcc/arm-none-eabi/10.3.1/../../../../arm-none-eabi/lib/thumb/v7e-m/nofp/crt0.o
 .ARM.exidx     0x0000000000000000       0x10 /app/stm32cubeide/plugins/com.st.stm32cube.ide.mcu.externaltools.gnu-tools-for-stm32.10.3-2021.10.linux64_1.0.200.202301161003/tools/bin/../lib/gcc/arm-none-eabi/10.3.1/../../../../arm-none-eabi/lib/thumb/v7e-m/nofp/crt0.o
 .ARM.attributes
                0x0000000000000000       0x1c /app/stm32cubeide/plugins/com.st.stm32cube.ide.mcu.externaltools.gnu-tools-for-stm32.10.3-2021.10.linux64_1.0.200.202301161003/tools/bin/../lib/gcc/arm-none-eabi/10.3.1/../../../../arm-none-eabi/lib/thumb/v7e-m/nofp/crt0.o
 .group         0x0000000000000000        0xc ./APP_Layer/application.o
 .group         0x0000000000000000        0xc ./APP_Layer/application.o
 .group         0x0000000000000000        0xc ./APP_Layer/application.o
 .group         0x0000000000000000        0xc ./APP_Layer/application.o
 .group         0x0000000000000000        0xc ./APP_Layer/application.o
 .group         0x0000000000000000        0xc ./APP_Layer/application.o
 .group         0x0000000000000000        0xc ./APP_Layer/application.o
 .group         0x0000000000000000        0xc ./APP_Layer/application.o
 .group         0x0000000000000000        0xc ./APP_Layer/application.o
 .group         0x0000000000000000        0xc ./APP_Layer/application.o
 .group         0x0000000000000000        0xc ./APP_Layer/application.o
 .group         0x0000000000000000        0xc ./APP_Layer/application.o
 .group         0x0000000000000000        0xc ./APP_Layer/application.o
 .group         0x0000000000000000        0xc ./APP_Layer/application.o
 .group         0x0000000000000000        0xc ./APP_Layer/application.o
 .group         0x0000000000000000        0xc ./APP_Layer/application.o
 .group         0x0000000000000000        0xc ./APP_Layer/application.o
 .group         0x0000000000000000        0xc ./APP_Layer/application.o
 .group         0x0000000000000000        0xc ./APP_Layer/application.o
 .group         0x0000000000000000        0xc ./APP_Layer/application.o
 .group         0x0000000000000000        0xc ./APP_Layer/application.o
 .group         0x0000000000000000        0xc ./APP_Layer/application.o
 .group         0x0000000000000000        0xc ./APP_Layer/application.o
 .group         0x0000000000000000        0xc ./APP_Layer/application.o
 .group         0x0000000000000000        0xc ./APP_Layer/application.o
 .group         0x0000000000000000        0xc ./APP_Layer/application.o
 .group         0x0000000000000000        0xc ./APP_Layer/application.o
 .group         0x0000000000000000        0xc ./APP_Layer/application.o
 .group         0x0000000000000000        0xc ./APP_Layer/application.o
 .group         0x0000000000000000        0xc ./APP_Layer/application.o
 .group         0x0000000000000000        0xc ./APP_Layer/application.o
 .group         0x0000000000000000        0xc ./APP_Layer/application.o
 .group         0x0000000000000000        0xc ./APP_Layer/application.o
 .group         0x0000000000000000        0xc ./APP_Layer/application.o
 .group         0x0000000000000000        0xc ./APP_Layer/application.o
 .group         0x0000000000000000        0xc ./APP_Layer/application.o
 .group         0x0000000000000000        0xc ./APP_Layer/application.o
 .group         0x0000000000000000        0xc ./APP_Layer/application.o
 .group         0x0000000000000000        0xc ./APP_Layer/application.o
 .group         0x0000000000000000        0xc ./APP_Layer/application.o
 .group         0x0000000000000000        0xc ./APP_Layer/application.o
 .group         0x0000000000000000        0xc ./APP_Layer/application.o
 .group         0x0000000000000000        0xc ./APP_Layer/application.o
 .group         0x0000000000000000        0xc ./APP_Layer/application.o
 .group         0x0000000000000000        0xc ./APP_Layer/application.o
 .group         0x0000000000000000        0xc ./APP_Layer/application.o
 .group         0x0000000000000000        0xc ./APP_Layer/application.o
 .text          0x0000000000000000        0x0 ./APP_Layer/application.o
 .data          0x0000000000000000        0x0 ./APP_Layer/application.o
 .bss           0x0000000000000000        0x0 ./APP_Layer/application.o
 .group         0x0000000000000000        0xc ./APP_Layer/syscalls.o
 .group         0x0000000000000000        0xc ./APP_Layer/syscalls.o
 .group         0x0000000000000000        0xc ./APP_Layer/syscalls.o
 .group         0x0000000000000000        0xc ./APP_Layer/syscalls.o
 .group         0x0000000000000000        0xc ./APP_Layer/syscalls.o
 .group         0x0000000000000000        0xc ./APP_Layer/syscalls.o
 .group         0x0000000000000000        0xc ./APP_Layer/syscalls.o
 .group         0x0000000000000000        0xc ./APP_Layer/syscalls.o
 .group         0x0000000000000000        0xc ./APP_Layer/syscalls.o
 .group         0x0000000000000000        0xc ./APP_Layer/syscalls.o
 .group         0x0000000000000000        0xc ./APP_Layer/syscalls.o
 .group         0x0000000000000000        0xc ./APP_Layer/syscalls.o
 .group         0x0000000000000000        0xc ./APP_Layer/syscalls.o
 .group         0x0000000000000000        0xc ./APP_Layer/syscalls.o
 .group         0x0000000000000000        0xc ./APP_Layer/syscalls.o
 .group         0x0000000000000000        0xc ./APP_Layer/syscalls.o
 .group         0x0000000000000000        0xc ./APP_Layer/syscalls.o
 .group         0x0000000000000000        0xc ./APP_Layer/syscalls.o
 .group         0x0000000000000000        0xc ./APP_Layer/syscalls.o
 .group         0x0000000000000000        0xc ./APP_Layer/syscalls.o
 .group         0x0000000000000000        0xc ./APP_Layer/syscalls.o
 .group         0x0000000000000000        0xc ./APP_Layer/syscalls.o
 .group         0x0000000000000000        0xc ./APP_Layer/syscalls.o
 .group         0x0000000000000000        0xc ./APP_Layer/syscalls.o
 .group         0x0000000000000000        0xc ./APP_Layer/syscalls.o
 .group         0x0000000000000000        0xc ./APP_Layer/syscalls.o
 .group         0x0000000000000000        0xc ./APP_Layer/syscalls.o
 .group         0x0000000000000000        0xc ./APP_Layer/syscalls.o
 .group         0x0000000000000000        0xc ./APP_Layer/syscalls.o
 .group         0x0000000000000000        0xc ./APP_Layer/syscalls.o
 .group         0x0000000000000000        0xc ./APP_Layer/syscalls.o
 .group         0x0000000000000000        0xc ./APP_Layer/syscalls.o
 .group         0x0000000000000000        0xc ./APP_Layer/syscalls.o
 .group         0x0000000000000000        0xc ./APP_Layer/syscalls.o
 .group         0x0000000000000000        0xc ./APP_Layer/syscalls.o
 .group         0x0000000000000000        0xc ./APP_Layer/syscalls.o
 .group         0x0000000000000000        0xc ./APP_Layer/syscalls.o
 .group         0x0000000000000000        0xc ./APP_Layer/syscalls.o
 .group         0x0000000000000000        0xc ./APP_Layer/syscalls.o
 .group         0x0000000000000000        0xc ./APP_Layer/syscalls.o
 .group         0x0000000000000000        0xc ./APP_Layer/syscalls.o
 .group         0x0000000000000000        0xc ./APP_Layer/syscalls.o
 .group         0x0000000000000000        0xc ./APP_Layer/syscalls.o
 .group         0x0000000000000000        0xc ./APP_Layer/syscalls.o
 .group         0x0000000000000000        0xc ./APP_Layer/syscalls.o
 .group         0x0000000000000000        0xc ./APP_Layer/syscalls.o
 .group         0x0000000000000000        0xc ./APP_Layer/syscalls.o
 .text          0x0000000000000000        0x0 ./APP_Layer/syscalls.o
 .data          0x0000000000000000        0x0 ./APP_Layer/syscalls.o
 .bss           0x0000000000000000        0x0 ./APP_Layer/syscalls.o
 .text.ITM_SendChar
                0x0000000000000000       0x4c ./APP_Layer/syscalls.o
 .bss.__env     0x0000000000000000        0x4 ./APP_Layer/syscalls.o
 .data.environ  0x0000000000000000        0x4 ./APP_Layer/syscalls.o
 .text.initialise_monitor_handles
                0x0000000000000000        0xc ./APP_Layer/syscalls.o
 .text._getpid  0x0000000000000000        0xe ./APP_Layer/syscalls.o
 .text._kill    0x0000000000000000       0x20 ./APP_Layer/syscalls.o
 .text._exit    0x0000000000000000       0x14 ./APP_Layer/syscalls.o
 .text._read    0x0000000000000000       0x3a ./APP_Layer/syscalls.o
 .text._write   0x0000000000000000       0x38 ./APP_Layer/syscalls.o
 .text._close   0x0000000000000000       0x16 ./APP_Layer/syscalls.o
 .text._fstat   0x0000000000000000       0x1e ./APP_Layer/syscalls.o
 .text._isatty  0x0000000000000000       0x14 ./APP_Layer/syscalls.o
 .text._lseek   0x0000000000000000       0x18 ./APP_Layer/syscalls.o
 .text._open    0x0000000000000000       0x1a ./APP_Layer/syscalls.o
 .text._wait    0x0000000000000000       0x1e ./APP_Layer/syscalls.o
 .text._unlink  0x0000000000000000       0x1e ./APP_Layer/syscalls.o
 .text._times   0x0000000000000000       0x16 ./APP_Layer/syscalls.o
 .text._stat    0x0000000000000000       0x1e ./APP_Layer/syscalls.o
 .text._link    0x0000000000000000       0x20 ./APP_Layer/syscalls.o
 .text._fork    0x0000000000000000       0x16 ./APP_Layer/syscalls.o
 .text._execve  0x0000000000000000       0x22 ./APP_Layer/syscalls.o
 .debug_info    0x0000000000000000      0x70f ./APP_Layer/syscalls.o
 .debug_abbrev  0x0000000000000000      0x1af ./APP_Layer/syscalls.o
 .debug_aranges
                0x0000000000000000       0xb0 ./APP_Layer/syscalls.o
 .debug_ranges  0x0000000000000000       0xa0 ./APP_Layer/syscalls.o
 .debug_macro   0x0000000000000000      0x25e ./APP_Layer/syscalls.o
 .debug_macro   0x0000000000000000      0xa78 ./APP_Layer/syscalls.o
 .debug_macro   0x0000000000000000       0x22 ./APP_Layer/syscalls.o
 .debug_macro   0x0000000000000000       0x4c ./APP_Layer/syscalls.o
 .debug_macro   0x0000000000000000       0x18 ./APP_Layer/syscalls.o
 .debug_macro   0x0000000000000000       0x94 ./APP_Layer/syscalls.o
 .debug_macro   0x0000000000000000       0x3c ./APP_Layer/syscalls.o
 .debug_macro   0x0000000000000000       0x34 ./APP_Layer/syscalls.o
 .debug_macro   0x0000000000000000       0x57 ./APP_Layer/syscalls.o
 .debug_macro   0x0000000000000000      0x174 ./APP_Layer/syscalls.o
 .debug_macro   0x0000000000000000      0x341 ./APP_Layer/syscalls.o
 .debug_macro   0x0000000000000000       0x16 ./APP_Layer/syscalls.o
 .debug_macro   0x0000000000000000       0x43 ./APP_Layer/syscalls.o
 .debug_macro   0x0000000000000000       0x34 ./APP_Layer/syscalls.o
 .debug_macro   0x0000000000000000       0x10 ./APP_Layer/syscalls.o
 .debug_macro   0x0000000000000000       0x58 ./APP_Layer/syscalls.o
 .debug_macro   0x0000000000000000       0x71 ./APP_Layer/syscalls.o
 .debug_macro   0x0000000000000000       0x1c ./APP_Layer/syscalls.o
 .debug_macro   0x0000000000000000      0x12a ./APP_Layer/syscalls.o
 .debug_macro   0x0000000000000000       0x10 ./APP_Layer/syscalls.o
 .debug_macro   0x0000000000000000       0x35 ./APP_Layer/syscalls.o
 .debug_macro   0x0000000000000000       0x10 ./APP_Layer/syscalls.o
 .debug_macro   0x0000000000000000       0x10 ./APP_Layer/syscalls.o
 .debug_macro   0x0000000000000000       0x10 ./APP_Layer/syscalls.o
 .debug_macro   0x0000000000000000       0x6a ./APP_Layer/syscalls.o
 .debug_macro   0x0000000000000000       0x1c ./APP_Layer/syscalls.o
 .debug_macro   0x0000000000000000       0x52 ./APP_Layer/syscalls.o
 .debug_macro   0x0000000000000000       0x22 ./APP_Layer/syscalls.o
 .debug_macro   0x0000000000000000       0x10 ./APP_Layer/syscalls.o
 .debug_macro   0x0000000000000000       0x52 ./APP_Layer/syscalls.o
 .debug_macro   0x0000000000000000       0xd5 ./APP_Layer/syscalls.o
 .debug_macro   0x0000000000000000       0x1c ./APP_Layer/syscalls.o
 .debug_macro   0x0000000000000000       0x3d ./APP_Layer/syscalls.o
 .debug_macro   0x0000000000000000       0x35 ./APP_Layer/syscalls.o
 .debug_macro   0x0000000000000000      0x12c ./APP_Layer/syscalls.o
 .debug_macro   0x0000000000000000       0x16 ./APP_Layer/syscalls.o
 .debug_macro   0x0000000000000000       0x16 ./APP_Layer/syscalls.o
 .debug_macro   0x0000000000000000       0x29 ./APP_Layer/syscalls.o
 .debug_macro   0x0000000000000000       0x10 ./APP_Layer/syscalls.o
 .debug_macro   0x0000000000000000      0x241 ./APP_Layer/syscalls.o
 .debug_macro   0x0000000000000000       0x1c ./APP_Layer/syscalls.o
 .debug_macro   0x0000000000000000       0x10 ./APP_Layer/syscalls.o
 .debug_macro   0x0000000000000000       0x10 ./APP_Layer/syscalls.o
 .debug_macro   0x0000000000000000       0x16 ./APP_Layer/syscalls.o
 .debug_macro   0x0000000000000000      0x145 ./APP_Layer/syscalls.o
 .debug_macro   0x0000000000000000      0x189 ./APP_Layer/syscalls.o
 .debug_macro   0x0000000000000000       0x16 ./APP_Layer/syscalls.o
 .debug_macro   0x0000000000000000       0xce ./APP_Layer/syscalls.o
 .debug_line    0x0000000000000000      0x7d5 ./APP_Layer/syscalls.o
 .debug_str     0x0000000000000000     0x8b56 ./APP_Layer/syscalls.o
 .comment       0x0000000000000000       0x51 ./APP_Layer/syscalls.o
 .debug_frame   0x0000000000000000      0x2d4 ./APP_Layer/syscalls.o
 .ARM.attributes
                0x0000000000000000       0x2e ./APP_Layer/syscalls.o
 .group         0x0000000000000000        0xc ./APP_Layer/sysmem.o
 .group         0x0000000000000000        0xc ./APP_Layer/sysmem.o
 .group         0x0000000000000000        0xc ./APP_Layer/sysmem.o
 .group         0x0000000000000000        0xc ./APP_Layer/sysmem.o
 .group         0x0000000000000000        0xc ./APP_Layer/sysmem.o
 .group         0x0000000000000000        0xc ./APP_Layer/sysmem.o
 .group         0x0000000000000000        0xc ./APP_Layer/sysmem.o
 .group         0x0000000000000000        0xc ./APP_Layer/sysmem.o
 .group         0x0000000000000000        0xc ./APP_Layer/sysmem.o
 .group         0x0000000000000000        0xc ./APP_Layer/sysmem.o
 .group         0x0000000000000000        0xc ./APP_Layer/sysmem.o
 .group         0x0000000000000000        0xc ./APP_Layer/sysmem.o
 .group         0x0000000000000000        0xc ./APP_Layer/sysmem.o
 .group         0x0000000000000000        0xc ./APP_Layer/sysmem.o
 .group         0x0000000000000000        0xc ./APP_Layer/sysmem.o
 .group         0x0000000000000000        0xc ./APP_Layer/sysmem.o
 .group         0x0000000000000000        0xc ./APP_Layer/sysmem.o
 .group         0x0000000000000000        0xc ./APP_Layer/sysmem.o
 .group         0x0000000000000000        0xc ./APP_Layer/sysmem.o
 .group         0x0000000000000000        0xc ./APP_Layer/sysmem.o
 .group         0x0000000000000000        0xc ./APP_Layer/sysmem.o
 .group         0x0000000000000000        0xc ./APP_Layer/sysmem.o
 .text          0x0000000000000000        0x0 ./APP_Layer/sysmem.o
 .data          0x0000000000000000        0x0 ./APP_Layer/sysmem.o
 .bss           0x0000000000000000        0x0 ./APP_Layer/sysmem.o
 .bss.__sbrk_heap_end
                0x0000000000000000        0x4 ./APP_Layer/sysmem.o
 .text._sbrk    0x0000000000000000       0x6c ./APP_Layer/sysmem.o
 .debug_info    0x0000000000000000      0x171 ./APP_Layer/sysmem.o
 .debug_abbrev  0x0000000000000000       0xbb ./APP_Layer/sysmem.o
 .debug_aranges
                0x0000000000000000       0x20 ./APP_Layer/sysmem.o
 .debug_ranges  0x0000000000000000       0x10 ./APP_Layer/sysmem.o
 .debug_macro   0x0000000000000000       0xff ./APP_Layer/sysmem.o
 .debug_macro   0x0000000000000000      0xa78 ./APP_Layer/sysmem.o
 .debug_macro   0x0000000000000000       0x10 ./APP_Layer/sysmem.o
 .debug_macro   0x0000000000000000       0x22 ./APP_Layer/sysmem.o
 .debug_macro   0x0000000000000000       0x4c ./APP_Layer/sysmem.o
 .debug_macro   0x0000000000000000       0x18 ./APP_Layer/sysmem.o
 .debug_macro   0x0000000000000000       0x94 ./APP_Layer/sysmem.o
 .debug_macro   0x0000000000000000       0x3c ./APP_Layer/sysmem.o
 .debug_macro   0x0000000000000000       0x34 ./APP_Layer/sysmem.o
 .debug_macro   0x0000000000000000      0x174 ./APP_Layer/sysmem.o
 .debug_macro   0x0000000000000000       0x16 ./APP_Layer/sysmem.o
 .debug_macro   0x0000000000000000       0x43 ./APP_Layer/sysmem.o
 .debug_macro   0x0000000000000000       0x57 ./APP_Layer/sysmem.o
 .debug_macro   0x0000000000000000       0x34 ./APP_Layer/sysmem.o
 .debug_macro   0x0000000000000000       0x10 ./APP_Layer/sysmem.o
 .debug_macro   0x0000000000000000       0x58 ./APP_Layer/sysmem.o
 .debug_macro   0x0000000000000000       0x71 ./APP_Layer/sysmem.o
 .debug_macro   0x0000000000000000       0x1c ./APP_Layer/sysmem.o
 .debug_macro   0x0000000000000000      0x12a ./APP_Layer/sysmem.o
 .debug_macro   0x0000000000000000      0x23b ./APP_Layer/sysmem.o
 .debug_macro   0x0000000000000000      0x103 ./APP_Layer/sysmem.o
 .debug_macro   0x0000000000000000       0x6a ./APP_Layer/sysmem.o
 .debug_macro   0x0000000000000000      0x1df ./APP_Layer/sysmem.o
 .debug_line    0x0000000000000000      0x496 ./APP_Layer/sysmem.o
 .debug_str     0x0000000000000000     0x5de4 ./APP_Layer/sysmem.o
 .comment       0x0000000000000000       0x51 ./APP_Layer/sysmem.o
 .debug_frame   0x0000000000000000       0x34 ./APP_Layer/sysmem.o
 .ARM.attributes
                0x0000000000000000       0x2e ./APP_Layer/sysmem.o
 .group         0x0000000000000000        0xc ./ECU_Layer/7_Segment/ecu_7_segment.o
 .text          0x0000000000000000        0x0 ./ECU_Layer/7_Segment/ecu_7_segment.o
 .data          0x0000000000000000        0x0 ./ECU_Layer/7_Segment/ecu_7_segment.o
 .bss           0x0000000000000000        0x0 ./ECU_Layer/7_Segment/ecu_7_segment.o
 .debug_info    0x0000000000000000       0x21 ./ECU_Layer/7_Segment/ecu_7_segment.o
 .debug_abbrev  0x0000000000000000       0x13 ./ECU_Layer/7_Segment/ecu_7_segment.o
 .debug_aranges
                0x0000000000000000       0x18 ./ECU_Layer/7_Segment/ecu_7_segment.o
 .debug_macro   0x0000000000000000       0x11 ./ECU_Layer/7_Segment/ecu_7_segment.o
 .debug_macro   0x0000000000000000      0xa78 ./ECU_Layer/7_Segment/ecu_7_segment.o
 .debug_line    0x0000000000000000       0x47 ./ECU_Layer/7_Segment/ecu_7_segment.o
 .debug_str     0x0000000000000000     0x2d33 ./ECU_Layer/7_Segment/ecu_7_segment.o
 .comment       0x0000000000000000       0x51 ./ECU_Layer/7_Segment/ecu_7_segment.o
 .ARM.attributes
                0x0000000000000000       0x2e ./ECU_Layer/7_Segment/ecu_7_segment.o
 .group         0x0000000000000000        0xc ./ECU_Layer/Keypad/ecu_keypad.o
 .text          0x0000000000000000        0x0 ./ECU_Layer/Keypad/ecu_keypad.o
 .data          0x0000000000000000        0x0 ./ECU_Layer/Keypad/ecu_keypad.o
 .bss           0x0000000000000000        0x0 ./ECU_Layer/Keypad/ecu_keypad.o
 .debug_info    0x0000000000000000       0x21 ./ECU_Layer/Keypad/ecu_keypad.o
 .debug_abbrev  0x0000000000000000       0x13 ./ECU_Layer/Keypad/ecu_keypad.o
 .debug_aranges
                0x0000000000000000       0x18 ./ECU_Layer/Keypad/ecu_keypad.o
 .debug_macro   0x0000000000000000       0x11 ./ECU_Layer/Keypad/ecu_keypad.o
 .debug_macro   0x0000000000000000      0xa78 ./ECU_Layer/Keypad/ecu_keypad.o
 .debug_line    0x0000000000000000       0x41 ./ECU_Layer/Keypad/ecu_keypad.o
 .debug_str     0x0000000000000000     0x2d2d ./ECU_Layer/Keypad/ecu_keypad.o
 .comment       0x0000000000000000       0x51 ./ECU_Layer/Keypad/ecu_keypad.o
 .ARM.attributes
                0x0000000000000000       0x2e ./ECU_Layer/Keypad/ecu_keypad.o
 .group         0x0000000000000000        0xc ./ECU_Layer/LCD/ecu_lcd.o
 .text          0x0000000000000000        0x0 ./ECU_Layer/LCD/ecu_lcd.o
 .data          0x0000000000000000        0x0 ./ECU_Layer/LCD/ecu_lcd.o
 .bss           0x0000000000000000        0x0 ./ECU_Layer/LCD/ecu_lcd.o
 .debug_info    0x0000000000000000       0x21 ./ECU_Layer/LCD/ecu_lcd.o
 .debug_abbrev  0x0000000000000000       0x13 ./ECU_Layer/LCD/ecu_lcd.o
 .debug_aranges
                0x0000000000000000       0x18 ./ECU_Layer/LCD/ecu_lcd.o
 .debug_macro   0x0000000000000000       0x11 ./ECU_Layer/LCD/ecu_lcd.o
 .debug_macro   0x0000000000000000      0xa78 ./ECU_Layer/LCD/ecu_lcd.o
 .debug_line    0x0000000000000000       0x3b ./ECU_Layer/LCD/ecu_lcd.o
 .debug_str     0x0000000000000000     0x2d27 ./ECU_Layer/LCD/ecu_lcd.o
 .comment       0x0000000000000000       0x51 ./ECU_Layer/LCD/ecu_lcd.o
 .ARM.attributes
                0x0000000000000000       0x2e ./ECU_Layer/LCD/ecu_lcd.o
 .group         0x0000000000000000        0xc ./ECU_Layer/ecu_layer_init.o
 .text          0x0000000000000000        0x0 ./ECU_Layer/ecu_layer_init.o
 .data          0x0000000000000000        0x0 ./ECU_Layer/ecu_layer_init.o
 .bss           0x0000000000000000        0x0 ./ECU_Layer/ecu_layer_init.o
 .debug_info    0x0000000000000000       0x21 ./ECU_Layer/ecu_layer_init.o
 .debug_abbrev  0x0000000000000000       0x13 ./ECU_Layer/ecu_layer_init.o
 .debug_aranges
                0x0000000000000000       0x18 ./ECU_Layer/ecu_layer_init.o
 .debug_macro   0x0000000000000000       0x11 ./ECU_Layer/ecu_layer_init.o
 .debug_macro   0x0000000000000000      0xa78 ./ECU_Layer/ecu_layer_init.o
 .debug_line    0x0000000000000000       0x3e ./ECU_Layer/ecu_layer_init.o
 .debug_str     0x0000000000000000     0x2d2a ./ECU_Layer/ecu_layer_init.o
 .comment       0x0000000000000000       0x51 ./ECU_Layer/ecu_layer_init.o
 .ARM.attributes
                0x0000000000000000       0x2e ./ECU_Layer/ecu_layer_init.o
 .group         0x0000000000000000        0xc ./MCAL_Layer/GPIO/hal_gpio.o
 .group         0x0000000000000000        0xc ./MCAL_Layer/GPIO/hal_gpio.o
 .group         0x0000000000000000        0xc ./MCAL_Layer/GPIO/hal_gpio.o
 .group         0x0000000000000000        0xc ./MCAL_Layer/GPIO/hal_gpio.o
 .group         0x0000000000000000        0xc ./MCAL_Layer/GPIO/hal_gpio.o
 .group         0x0000000000000000        0xc ./MCAL_Layer/GPIO/hal_gpio.o
 .group         0x0000000000000000        0xc ./MCAL_Layer/GPIO/hal_gpio.o
 .group         0x0000000000000000        0xc ./MCAL_Layer/GPIO/hal_gpio.o
 .group         0x0000000000000000        0xc ./MCAL_Layer/GPIO/hal_gpio.o
 .group         0x0000000000000000        0xc ./MCAL_Layer/GPIO/hal_gpio.o
 .group         0x0000000000000000        0xc ./MCAL_Layer/GPIO/hal_gpio.o
 .group         0x0000000000000000        0xc ./MCAL_Layer/GPIO/hal_gpio.o
 .group         0x0000000000000000        0xc ./MCAL_Layer/GPIO/hal_gpio.o
 .group         0x0000000000000000        0xc ./MCAL_Layer/GPIO/hal_gpio.o
 .group         0x0000000000000000        0xc ./MCAL_Layer/GPIO/hal_gpio.o
 .group         0x0000000000000000        0xc ./MCAL_Layer/GPIO/hal_gpio.o
 .group         0x0000000000000000        0xc ./MCAL_Layer/GPIO/hal_gpio.o
 .group         0x0000000000000000        0xc ./MCAL_Layer/GPIO/hal_gpio.o
 .group         0x0000000000000000        0xc ./MCAL_Layer/GPIO/hal_gpio.o
 .group         0x0000000000000000        0xc ./MCAL_Layer/GPIO/hal_gpio.o
 .group         0x0000000000000000        0xc ./MCAL_Layer/GPIO/hal_gpio.o
 .group         0x0000000000000000        0xc ./MCAL_Layer/GPIO/hal_gpio.o
 .group         0x0000000000000000        0xc ./MCAL_Layer/GPIO/hal_gpio.o
 .group         0x0000000000000000        0xc ./MCAL_Layer/GPIO/hal_gpio.o
 .group         0x0000000000000000        0xc ./MCAL_Layer/GPIO/hal_gpio.o
 .group         0x0000000000000000        0xc ./MCAL_Layer/GPIO/hal_gpio.o
 .group         0x0000000000000000        0xc ./MCAL_Layer/GPIO/hal_gpio.o
 .group         0x0000000000000000        0xc ./MCAL_Layer/GPIO/hal_gpio.o
 .group         0x0000000000000000        0xc ./MCAL_Layer/GPIO/hal_gpio.o
 .group         0x0000000000000000        0xc ./MCAL_Layer/GPIO/hal_gpio.o
 .group         0x0000000000000000        0xc ./MCAL_Layer/GPIO/hal_gpio.o
 .group         0x0000000000000000        0xc ./MCAL_Layer/GPIO/hal_gpio.o
 .group         0x0000000000000000        0xc ./MCAL_Layer/GPIO/hal_gpio.o
 .group         0x0000000000000000        0xc ./MCAL_Layer/GPIO/hal_gpio.o
 .group         0x0000000000000000        0xc ./MCAL_Layer/GPIO/hal_gpio.o
 .group         0x0000000000000000        0xc ./MCAL_Layer/GPIO/hal_gpio.o
 .group         0x0000000000000000        0xc ./MCAL_Layer/GPIO/hal_gpio.o
 .group         0x0000000000000000        0xc ./MCAL_Layer/GPIO/hal_gpio.o
 .group         0x0000000000000000        0xc ./MCAL_Layer/GPIO/hal_gpio.o
 .group         0x0000000000000000        0xc ./MCAL_Layer/GPIO/hal_gpio.o
 .group         0x0000000000000000        0xc ./MCAL_Layer/GPIO/hal_gpio.o
 .group         0x0000000000000000        0xc ./MCAL_Layer/GPIO/hal_gpio.o
 .group         0x0000000000000000        0xc ./MCAL_Layer/GPIO/hal_gpio.o
 .group         0x0000000000000000        0xc ./MCAL_Layer/GPIO/hal_gpio.o
 .group         0x0000000000000000        0xc ./MCAL_Layer/GPIO/hal_gpio.o
 .group         0x0000000000000000        0xc ./MCAL_Layer/GPIO/hal_gpio.o
 .group         0x0000000000000000        0xc ./MCAL_Layer/GPIO/hal_gpio.o
 .text          0x0000000000000000        0x0 ./MCAL_Layer/GPIO/hal_gpio.o
 .data          0x0000000000000000        0x0 ./MCAL_Layer/GPIO/hal_gpio.o
 .bss           0x0000000000000000        0x0 ./MCAL_Layer/GPIO/hal_gpio.o
 .rodata.pEXTI_RegisterControl
                0x0000000000000000        0x4 ./MCAL_Layer/GPIO/hal_gpio.o
 .rodata.pSYSCFG_RegisterControl
                0x0000000000000000        0x4 ./MCAL_Layer/GPIO/hal_gpio.o
 .text.GPIO_ODRSetReset
                0x0000000000000000       0x50 ./MCAL_Layer/GPIO/hal_gpio.o
 .text.GPIO_DeInit
                0x0000000000000000      0x1ac ./MCAL_Layer/GPIO/hal_gpio.o
 .text.GPIO_ReadFromInputPin
                0x0000000000000000       0x38 ./MCAL_Layer/GPIO/hal_gpio.o
 .text.GPIO_ReadFromInputPort
                0x0000000000000000       0x34 ./MCAL_Layer/GPIO/hal_gpio.o
 .text.GPIO_ReadFromOutputPort
                0x0000000000000000       0x30 ./MCAL_Layer/GPIO/hal_gpio.o
 .text.GPIO_IRQinterruptConfig
                0x0000000000000000       0xd8 ./MCAL_Layer/GPIO/hal_gpio.o
 .text.GPIO_IRQperiorityConfig
                0x0000000000000000       0x4a ./MCAL_Layer/GPIO/hal_gpio.o
 .text.GPIO_IRQHandling
                0x0000000000000000       0x44 ./MCAL_Layer/GPIO/hal_gpio.o
 .debug_macro   0x0000000000000000      0xa78 ./MCAL_Layer/GPIO/hal_gpio.o
 .debug_macro   0x0000000000000000       0x22 ./MCAL_Layer/GPIO/hal_gpio.o
 .debug_macro   0x0000000000000000       0x8e ./MCAL_Layer/GPIO/hal_gpio.o
 .debug_macro   0x0000000000000000       0x51 ./MCAL_Layer/GPIO/hal_gpio.o
 .debug_macro   0x0000000000000000      0x103 ./MCAL_Layer/GPIO/hal_gpio.o
 .debug_macro   0x0000000000000000       0x6a ./MCAL_Layer/GPIO/hal_gpio.o
 .debug_macro   0x0000000000000000      0x1df ./MCAL_Layer/GPIO/hal_gpio.o
 .debug_macro   0x0000000000000000       0x52 ./MCAL_Layer/GPIO/hal_gpio.o
 .debug_macro   0x0000000000000000       0x18 ./MCAL_Layer/GPIO/hal_gpio.o
 .debug_macro   0x0000000000000000       0x3c ./MCAL_Layer/GPIO/hal_gpio.o
 .debug_macro   0x0000000000000000       0x34 ./MCAL_Layer/GPIO/hal_gpio.o
 .debug_macro   0x0000000000000000       0x16 ./MCAL_Layer/GPIO/hal_gpio.o
 .debug_macro   0x0000000000000000       0x97 ./MCAL_Layer/GPIO/hal_gpio.o
 .debug_macro   0x0000000000000000      0x341 ./MCAL_Layer/GPIO/hal_gpio.o
 .debug_macro   0x0000000000000000       0xfd ./MCAL_Layer/GPIO/hal_gpio.o
 .debug_macro   0x0000000000000000       0x10 ./MCAL_Layer/GPIO/hal_gpio.o
 .debug_macro   0x0000000000000000       0x16 ./MCAL_Layer/GPIO/hal_gpio.o
 .debug_macro   0x0000000000000000       0x43 ./MCAL_Layer/GPIO/hal_gpio.o
 .debug_macro   0x0000000000000000       0x34 ./MCAL_Layer/GPIO/hal_gpio.o
 .debug_macro   0x0000000000000000       0x10 ./MCAL_Layer/GPIO/hal_gpio.o
 .debug_macro   0x0000000000000000       0x58 ./MCAL_Layer/GPIO/hal_gpio.o
 .debug_macro   0x0000000000000000       0x71 ./MCAL_Layer/GPIO/hal_gpio.o
 .debug_macro   0x0000000000000000       0x1c ./MCAL_Layer/GPIO/hal_gpio.o
 .debug_macro   0x0000000000000000      0x12a ./MCAL_Layer/GPIO/hal_gpio.o
 .debug_macro   0x0000000000000000       0x10 ./MCAL_Layer/GPIO/hal_gpio.o
 .debug_macro   0x0000000000000000       0x1c ./MCAL_Layer/GPIO/hal_gpio.o
 .debug_macro   0x0000000000000000       0x52 ./MCAL_Layer/GPIO/hal_gpio.o
 .debug_macro   0x0000000000000000       0x22 ./MCAL_Layer/GPIO/hal_gpio.o
 .debug_macro   0x0000000000000000       0x10 ./MCAL_Layer/GPIO/hal_gpio.o
 .debug_macro   0x0000000000000000       0x52 ./MCAL_Layer/GPIO/hal_gpio.o
 .debug_macro   0x0000000000000000       0xd5 ./MCAL_Layer/GPIO/hal_gpio.o
 .debug_macro   0x0000000000000000       0x1c ./MCAL_Layer/GPIO/hal_gpio.o
 .debug_macro   0x0000000000000000       0x3d ./MCAL_Layer/GPIO/hal_gpio.o
 .debug_macro   0x0000000000000000       0x16 ./MCAL_Layer/GPIO/hal_gpio.o
 .debug_macro   0x0000000000000000      0x145 ./MCAL_Layer/GPIO/hal_gpio.o
 .debug_macro   0x0000000000000000       0x16 ./MCAL_Layer/GPIO/hal_gpio.o
 .debug_macro   0x0000000000000000       0x35 ./MCAL_Layer/GPIO/hal_gpio.o
 .debug_macro   0x0000000000000000       0x16 ./MCAL_Layer/GPIO/hal_gpio.o
 .debug_macro   0x0000000000000000       0x29 ./MCAL_Layer/GPIO/hal_gpio.o
 .debug_macro   0x0000000000000000       0x16 ./MCAL_Layer/GPIO/hal_gpio.o
 .debug_macro   0x0000000000000000       0x20 ./MCAL_Layer/GPIO/hal_gpio.o
 .debug_macro   0x0000000000000000       0x22 ./MCAL_Layer/GPIO/hal_gpio.o
 .debug_macro   0x0000000000000000      0x19b ./MCAL_Layer/GPIO/hal_gpio.o
 .debug_macro   0x0000000000000000       0xd0 ./MCAL_Layer/GPIO/hal_gpio.o
 .debug_macro   0x0000000000000000      0x5b2 ./MCAL_Layer/GPIO/hal_gpio.o
 .debug_macro   0x0000000000000000       0x34 ./MCAL_Layer/GPIO/hal_gpio.o
 .debug_macro   0x0000000000000000       0xcc ./MCAL_Layer/GPIO/hal_gpio.o
 .group         0x0000000000000000        0xc ./MCAL_Layer/I2C/hal_i2c.o
 .group         0x0000000000000000        0xc ./MCAL_Layer/I2C/hal_i2c.o
 .group         0x0000000000000000        0xc ./MCAL_Layer/I2C/hal_i2c.o
 .group         0x0000000000000000        0xc ./MCAL_Layer/I2C/hal_i2c.o
 .group         0x0000000000000000        0xc ./MCAL_Layer/I2C/hal_i2c.o
 .group         0x0000000000000000        0xc ./MCAL_Layer/I2C/hal_i2c.o
 .group         0x0000000000000000        0xc ./MCAL_Layer/I2C/hal_i2c.o
 .group         0x0000000000000000        0xc ./MCAL_Layer/I2C/hal_i2c.o
 .group         0x0000000000000000        0xc ./MCAL_Layer/I2C/hal_i2c.o
 .group         0x0000000000000000        0xc ./MCAL_Layer/I2C/hal_i2c.o
 .group         0x0000000000000000        0xc ./MCAL_Layer/I2C/hal_i2c.o
 .group         0x0000000000000000        0xc ./MCAL_Layer/I2C/hal_i2c.o
 .group         0x0000000000000000        0xc ./MCAL_Layer/I2C/hal_i2c.o
 .group         0x0000000000000000        0xc ./MCAL_Layer/I2C/hal_i2c.o
 .group         0x0000000000000000        0xc ./MCAL_Layer/I2C/hal_i2c.o
 .group         0x0000000000000000        0xc ./MCAL_Layer/I2C/hal_i2c.o
 .group         0x0000000000000000        0xc ./MCAL_Layer/I2C/hal_i2c.o
 .group         0x0000000000000000        0xc ./MCAL_Layer/I2C/hal_i2c.o
 .group         0x0000000000000000        0xc ./MCAL_Layer/I2C/hal_i2c.o
 .group         0x0000000000000000        0xc ./MCAL_Layer/I2C/hal_i2c.o
 .group         0x0000000000000000        0xc ./MCAL_Layer/I2C/hal_i2c.o
 .group         0x0000000000000000        0xc ./MCAL_Layer/I2C/hal_i2c.o
 .group         0x0000000000000000        0xc ./MCAL_Layer/I2C/hal_i2c.o
 .group         0x0000000000000000        0xc ./MCAL_Layer/I2C/hal_i2c.o
 .group         0x0000000000000000        0xc ./MCAL_Layer/I2C/hal_i2c.o
 .group         0x0000000000000000        0xc ./MCAL_Layer/I2C/hal_i2c.o
 .group         0x0000000000000000        0xc ./MCAL_Layer/I2C/hal_i2c.o
 .group         0x0000000000000000        0xc ./MCAL_Layer/I2C/hal_i2c.o
 .group         0x0000000000000000        0xc ./MCAL_Layer/I2C/hal_i2c.o
 .group         0x0000000000000000        0xc ./MCAL_Layer/I2C/hal_i2c.o
 .group         0x0000000000000000        0xc ./MCAL_Layer/I2C/hal_i2c.o
 .group         0x0000000000000000        0xc ./MCAL_Layer/I2C/hal_i2c.o
 .group         0x0000000000000000        0xc ./MCAL_Layer/I2C/hal_i2c.o
 .group         0x0000000000000000        0xc ./MCAL_Layer/I2C/hal_i2c.o
 .group         0x0000000000000000        0xc ./MCAL_Layer/I2C/hal_i2c.o
 .group         0x0000000000000000        0xc ./MCAL_Layer/I2C/hal_i2c.o
 .group         0x0000000000000000        0xc ./MCAL_Layer/I2C/hal_i2c.o
 .group         0x0000000000000000        0xc ./MCAL_Layer/I2C/hal_i2c.o
 .group         0x0000000000000000        0xc ./MCAL_Layer/I2C/hal_i2c.o
 .group         0x0000000000000000        0xc ./MCAL_Layer/I2C/hal_i2c.o
 .group         0x0000000000000000        0xc ./MCAL_Layer/I2C/hal_i2c.o
 .group         0x0000000000000000        0xc ./MCAL_Layer/I2C/hal_i2c.o
 .group         0x0000000000000000        0xc ./MCAL_Layer/I2C/hal_i2c.o
 .group         0x0000000000000000        0xc ./MCAL_Layer/I2C/hal_i2c.o
 .group         0x0000000000000000        0xc ./MCAL_Layer/I2C/hal_i2c.o
 .group         0x0000000000000000        0xc ./MCAL_Layer/I2C/hal_i2c.o
 .group         0x0000000000000000        0xc ./MCAL_Layer/I2C/hal_i2c.o
 .group         0x0000000000000000        0xc ./MCAL_Layer/I2C/hal_i2c.o
 .group         0x0000000000000000        0xc ./MCAL_Layer/I2C/hal_i2c.o
 .text          0x0000000000000000        0x0 ./MCAL_Layer/I2C/hal_i2c.o
 .data          0x0000000000000000        0x0 ./MCAL_Layer/I2C/hal_i2c.o
 .bss           0x0000000000000000        0x0 ./MCAL_Layer/I2C/hal_i2c.o
 .rodata.I2Cx_RegisterControl
                0x0000000000000000        0xc ./MCAL_Layer/I2C/hal_i2c.o
 .data.AHB_PreScaler
                0x0000000000000000       0x10 ./MCAL_Layer/I2C/hal_i2c.o
 .data.APB1_PreScaler
                0x0000000000000000        0x8 ./MCAL_Layer/I2C/hal_i2c.o
 .text.I2C_GenerateStartCondition
                0x0000000000000000       0x38 ./MCAL_Layer/I2C/hal_i2c.o
 .text.I2C_GenerateStopCondition
                0x0000000000000000       0x38 ./MCAL_Layer/I2C/hal_i2c.o
 .text.I2C_ExcuteAddressPhaseWrite
                0x0000000000000000       0x38 ./MCAL_Layer/I2C/hal_i2c.o
 .text.I2C_ExcuteAddressPhaseRead
                0x0000000000000000       0x38 ./MCAL_Layer/I2C/hal_i2c.o
 .text.I2C_ClearAddrFlag
                0x0000000000000000       0xa8 ./MCAL_Layer/I2C/hal_i2c.o
 .text.I2C_PeriClockControl
                0x0000000000000000       0xf4 ./MCAL_Layer/I2C/hal_i2c.o
 .text.RCC_GETPLLOutputClock
                0x0000000000000000       0x16 ./MCAL_Layer/I2C/hal_i2c.o
 .text.RCC_GetPCLK1Value
                0x0000000000000000       0xb8 ./MCAL_Layer/I2C/hal_i2c.o
 .text.I2C_Init
                0x0000000000000000      0x18c ./MCAL_Layer/I2C/hal_i2c.o
 .text.I2C_DeInit
                0x0000000000000000       0xa8 ./MCAL_Layer/I2C/hal_i2c.o
 .text.I2C_MasterSendData
                0x0000000000000000       0xbc ./MCAL_Layer/I2C/hal_i2c.o
 .text.I2C_MasterReceiveData
                0x0000000000000000      0x10c ./MCAL_Layer/I2C/hal_i2c.o
 .text.I2C_IRQInterruptConfig
                0x0000000000000000       0xd4 ./MCAL_Layer/I2C/hal_i2c.o
 .text.I2C_IRQPriorityConfig
                0x0000000000000000       0x44 ./MCAL_Layer/I2C/hal_i2c.o
 .text.I2C_MasterSendDataIT
                0x0000000000000000       0xb8 ./MCAL_Layer/I2C/hal_i2c.o
 .text.I2C_MasterReceiveDataIT
                0x0000000000000000       0xbc ./MCAL_Layer/I2C/hal_i2c.o
 .text.I2C_MasterHandlingTXEInterrupt
                0x0000000000000000       0x48 ./MCAL_Layer/I2C/hal_i2c.o
 .text.I2C_MasterHandlingRXNEInterrupt
                0x0000000000000000       0xa4 ./MCAL_Layer/I2C/hal_i2c.o
 .text.I2C_EV_IRQHandling
                0x0000000000000000      0x238 ./MCAL_Layer/I2C/hal_i2c.o
 .text.I2C_CloseSendData
                0x0000000000000000       0x68 ./MCAL_Layer/I2C/hal_i2c.o
 .text.I2C_CloseReceiveData
                0x0000000000000000       0x7c ./MCAL_Layer/I2C/hal_i2c.o
 .text.I2C_SlaveSendData
                0x0000000000000000       0x2c ./MCAL_Layer/I2C/hal_i2c.o
 .text.I2C_SlaveReceiveData
                0x0000000000000000       0x28 ./MCAL_Layer/I2C/hal_i2c.o
 .text.I2C_ER_IRQHandling
                0x0000000000000000      0x190 ./MCAL_Layer/I2C/hal_i2c.o
 .text.I2C_PeripheralControl
                0x0000000000000000       0x64 ./MCAL_Layer/I2C/hal_i2c.o
 .text.I2C_GetFlagStatus
                0x0000000000000000       0x38 ./MCAL_Layer/I2C/hal_i2c.o
 .text.I2C_ManageAcking
                0x0000000000000000       0x64 ./MCAL_Layer/I2C/hal_i2c.o
 .text.I2C_SlaveEnableDisableCallbackEvents
                0x0000000000000000       0xe4 ./MCAL_Layer/I2C/hal_i2c.o
 .debug_info    0x0000000000000000      0xc07 ./MCAL_Layer/I2C/hal_i2c.o
 .debug_abbrev  0x0000000000000000      0x2c9 ./MCAL_Layer/I2C/hal_i2c.o
 .debug_aranges
                0x0000000000000000       0xf8 ./MCAL_Layer/I2C/hal_i2c.o
 .debug_ranges  0x0000000000000000       0xe8 ./MCAL_Layer/I2C/hal_i2c.o
 .debug_macro   0x0000000000000000      0x2e5 ./MCAL_Layer/I2C/hal_i2c.o
 .debug_macro   0x0000000000000000      0xa78 ./MCAL_Layer/I2C/hal_i2c.o
 .debug_macro   0x0000000000000000       0x22 ./MCAL_Layer/I2C/hal_i2c.o
 .debug_macro   0x0000000000000000       0x8e ./MCAL_Layer/I2C/hal_i2c.o
 .debug_macro   0x0000000000000000       0x51 ./MCAL_Layer/I2C/hal_i2c.o
 .debug_macro   0x0000000000000000      0x103 ./MCAL_Layer/I2C/hal_i2c.o
 .debug_macro   0x0000000000000000       0x6a ./MCAL_Layer/I2C/hal_i2c.o
 .debug_macro   0x0000000000000000      0x1df ./MCAL_Layer/I2C/hal_i2c.o
 .debug_macro   0x0000000000000000       0x52 ./MCAL_Layer/I2C/hal_i2c.o
 .debug_macro   0x0000000000000000       0x18 ./MCAL_Layer/I2C/hal_i2c.o
 .debug_macro   0x0000000000000000       0x3c ./MCAL_Layer/I2C/hal_i2c.o
 .debug_macro   0x0000000000000000       0x34 ./MCAL_Layer/I2C/hal_i2c.o
 .debug_macro   0x0000000000000000       0x16 ./MCAL_Layer/I2C/hal_i2c.o
 .debug_macro   0x0000000000000000       0x97 ./MCAL_Layer/I2C/hal_i2c.o
 .debug_macro   0x0000000000000000      0x341 ./MCAL_Layer/I2C/hal_i2c.o
 .debug_macro   0x0000000000000000       0xfd ./MCAL_Layer/I2C/hal_i2c.o
 .debug_macro   0x0000000000000000       0x10 ./MCAL_Layer/I2C/hal_i2c.o
 .debug_macro   0x0000000000000000       0x16 ./MCAL_Layer/I2C/hal_i2c.o
 .debug_macro   0x0000000000000000       0x43 ./MCAL_Layer/I2C/hal_i2c.o
 .debug_macro   0x0000000000000000       0x34 ./MCAL_Layer/I2C/hal_i2c.o
 .debug_macro   0x0000000000000000       0x10 ./MCAL_Layer/I2C/hal_i2c.o
 .debug_macro   0x0000000000000000       0x58 ./MCAL_Layer/I2C/hal_i2c.o
 .debug_macro   0x0000000000000000       0x71 ./MCAL_Layer/I2C/hal_i2c.o
 .debug_macro   0x0000000000000000       0x1c ./MCAL_Layer/I2C/hal_i2c.o
 .debug_macro   0x0000000000000000      0x12a ./MCAL_Layer/I2C/hal_i2c.o
 .debug_macro   0x0000000000000000       0x10 ./MCAL_Layer/I2C/hal_i2c.o
 .debug_macro   0x0000000000000000       0x1c ./MCAL_Layer/I2C/hal_i2c.o
 .debug_macro   0x0000000000000000       0x52 ./MCAL_Layer/I2C/hal_i2c.o
 .debug_macro   0x0000000000000000       0x22 ./MCAL_Layer/I2C/hal_i2c.o
 .debug_macro   0x0000000000000000       0x10 ./MCAL_Layer/I2C/hal_i2c.o
 .debug_macro   0x0000000000000000       0x52 ./MCAL_Layer/I2C/hal_i2c.o
 .debug_macro   0x0000000000000000       0xd5 ./MCAL_Layer/I2C/hal_i2c.o
 .debug_macro   0x0000000000000000       0x1c ./MCAL_Layer/I2C/hal_i2c.o
 .debug_macro   0x0000000000000000       0x3d ./MCAL_Layer/I2C/hal_i2c.o
 .debug_macro   0x0000000000000000       0x16 ./MCAL_Layer/I2C/hal_i2c.o
 .debug_macro   0x0000000000000000      0x145 ./MCAL_Layer/I2C/hal_i2c.o
 .debug_macro   0x0000000000000000       0x16 ./MCAL_Layer/I2C/hal_i2c.o
 .debug_macro   0x0000000000000000       0x35 ./MCAL_Layer/I2C/hal_i2c.o
 .debug_macro   0x0000000000000000       0x16 ./MCAL_Layer/I2C/hal_i2c.o
 .debug_macro   0x0000000000000000       0x29 ./MCAL_Layer/I2C/hal_i2c.o
 .debug_macro   0x0000000000000000       0x16 ./MCAL_Layer/I2C/hal_i2c.o
 .debug_macro   0x0000000000000000       0x20 ./MCAL_Layer/I2C/hal_i2c.o
 .debug_macro   0x0000000000000000       0x22 ./MCAL_Layer/I2C/hal_i2c.o
 .debug_macro   0x0000000000000000      0x19b ./MCAL_Layer/I2C/hal_i2c.o
 .debug_macro   0x0000000000000000       0xd0 ./MCAL_Layer/I2C/hal_i2c.o
 .debug_macro   0x0000000000000000      0x5b2 ./MCAL_Layer/I2C/hal_i2c.o
 .debug_macro   0x0000000000000000       0x34 ./MCAL_Layer/I2C/hal_i2c.o
 .debug_macro   0x0000000000000000       0xcc ./MCAL_Layer/I2C/hal_i2c.o
 .debug_macro   0x0000000000000000       0xdc ./MCAL_Layer/I2C/hal_i2c.o
 .debug_macro   0x0000000000000000       0x1c ./MCAL_Layer/I2C/hal_i2c.o
 .debug_line    0x0000000000000000     0x12f3 ./MCAL_Layer/I2C/hal_i2c.o
 .debug_str     0x0000000000000000     0xb57b ./MCAL_Layer/I2C/hal_i2c.o
 .comment       0x0000000000000000       0x51 ./MCAL_Layer/I2C/hal_i2c.o
 .debug_frame   0x0000000000000000      0x448 ./MCAL_Layer/I2C/hal_i2c.o
 .ARM.attributes
                0x0000000000000000       0x2e ./MCAL_Layer/I2C/hal_i2c.o
 .group         0x0000000000000000        0xc ./MCAL_Layer/RCC/hal_rcc.o
 .group         0x0000000000000000        0xc ./MCAL_Layer/RCC/hal_rcc.o
 .group         0x0000000000000000        0xc ./MCAL_Layer/RCC/hal_rcc.o
 .group         0x0000000000000000        0xc ./MCAL_Layer/RCC/hal_rcc.o
 .group         0x0000000000000000        0xc ./MCAL_Layer/RCC/hal_rcc.o
 .group         0x0000000000000000        0xc ./MCAL_Layer/RCC/hal_rcc.o
 .group         0x0000000000000000        0xc ./MCAL_Layer/RCC/hal_rcc.o
 .group         0x0000000000000000        0xc ./MCAL_Layer/RCC/hal_rcc.o
 .group         0x0000000000000000        0xc ./MCAL_Layer/RCC/hal_rcc.o
 .group         0x0000000000000000        0xc ./MCAL_Layer/RCC/hal_rcc.o
 .group         0x0000000000000000        0xc ./MCAL_Layer/RCC/hal_rcc.o
 .group         0x0000000000000000        0xc ./MCAL_Layer/RCC/hal_rcc.o
 .group         0x0000000000000000        0xc ./MCAL_Layer/RCC/hal_rcc.o
 .group         0x0000000000000000        0xc ./MCAL_Layer/RCC/hal_rcc.o
 .group         0x0000000000000000        0xc ./MCAL_Layer/RCC/hal_rcc.o
 .group         0x0000000000000000        0xc ./MCAL_Layer/RCC/hal_rcc.o
 .group         0x0000000000000000        0xc ./MCAL_Layer/RCC/hal_rcc.o
 .group         0x0000000000000000        0xc ./MCAL_Layer/RCC/hal_rcc.o
 .group         0x0000000000000000        0xc ./MCAL_Layer/RCC/hal_rcc.o
 .group         0x0000000000000000        0xc ./MCAL_Layer/RCC/hal_rcc.o
 .group         0x0000000000000000        0xc ./MCAL_Layer/RCC/hal_rcc.o
 .group         0x0000000000000000        0xc ./MCAL_Layer/RCC/hal_rcc.o
 .group         0x0000000000000000        0xc ./MCAL_Layer/RCC/hal_rcc.o
 .group         0x0000000000000000        0xc ./MCAL_Layer/RCC/hal_rcc.o
 .group         0x0000000000000000        0xc ./MCAL_Layer/RCC/hal_rcc.o
 .group         0x0000000000000000        0xc ./MCAL_Layer/RCC/hal_rcc.o
 .group         0x0000000000000000        0xc ./MCAL_Layer/RCC/hal_rcc.o
 .group         0x0000000000000000        0xc ./MCAL_Layer/RCC/hal_rcc.o
 .group         0x0000000000000000        0xc ./MCAL_Layer/RCC/hal_rcc.o
 .group         0x0000000000000000        0xc ./MCAL_Layer/RCC/hal_rcc.o
 .group         0x0000000000000000        0xc ./MCAL_Layer/RCC/hal_rcc.o
 .group         0x0000000000000000        0xc ./MCAL_Layer/RCC/hal_rcc.o
 .group         0x0000000000000000        0xc ./MCAL_Layer/RCC/hal_rcc.o
 .group         0x0000000000000000        0xc ./MCAL_Layer/RCC/hal_rcc.o
 .group         0x0000000000000000        0xc ./MCAL_Layer/RCC/hal_rcc.o
 .group         0x0000000000000000        0xc ./MCAL_Layer/RCC/hal_rcc.o
 .group         0x0000000000000000        0xc ./MCAL_Layer/RCC/hal_rcc.o
 .group         0x0000000000000000        0xc ./MCAL_Layer/RCC/hal_rcc.o
 .group         0x0000000000000000        0xc ./MCAL_Layer/RCC/hal_rcc.o
 .group         0x0000000000000000        0xc ./MCAL_Layer/RCC/hal_rcc.o
 .group         0x0000000000000000        0xc ./MCAL_Layer/RCC/hal_rcc.o
 .group         0x0000000000000000        0xc ./MCAL_Layer/RCC/hal_rcc.o
 .group         0x0000000000000000        0xc ./MCAL_Layer/RCC/hal_rcc.o
 .group         0x0000000000000000        0xc ./MCAL_Layer/RCC/hal_rcc.o
 .group         0x0000000000000000        0xc ./MCAL_Layer/RCC/hal_rcc.o
 .group         0x0000000000000000        0xc ./MCAL_Layer/RCC/hal_rcc.o
 .group         0x0000000000000000        0xc ./MCAL_Layer/RCC/hal_rcc.o
 .text          0x0000000000000000        0x0 ./MCAL_Layer/RCC/hal_rcc.o
 .data          0x0000000000000000        0x0 ./MCAL_Layer/RCC/hal_rcc.o
 .bss           0x0000000000000000        0x0 ./MCAL_Layer/RCC/hal_rcc.o
 .rodata.pRCC_RegisterControl
                0x0000000000000000        0x4 ./MCAL_Layer/RCC/hal_rcc.o
 .text.I2C_PeripheralClockControl
                0x0000000000000000       0x64 ./MCAL_Layer/RCC/hal_rcc.o
 .text.SPI_PeripheralClockControl
                0x0000000000000000       0x64 ./MCAL_Layer/RCC/hal_rcc.o
 .text.UART_PeripheralClockControl
                0x0000000000000000       0x64 ./MCAL_Layer/RCC/hal_rcc.o
 .text.USART_PeripheralClockControl
                0x0000000000000000       0x64 ./MCAL_Layer/RCC/hal_rcc.o
 .text.DMA_PeripheralClockControl
                0x0000000000000000       0x64 ./MCAL_Layer/RCC/hal_rcc.o
 .text.TIM_PeripheralClockControl
                0x0000000000000000       0x64 ./MCAL_Layer/RCC/hal_rcc.o
 .text.RTC_PeripheralClockControl
                0x0000000000000000       0x64 ./MCAL_Layer/RCC/hal_rcc.o
 .text.CAN_PeripheralClockControl
                0x0000000000000000       0x64 ./MCAL_Layer/RCC/hal_rcc.o
 .text.Ethernet_PeripheralClockControl
                0x0000000000000000       0x64 ./MCAL_Layer/RCC/hal_rcc.o
 .text.ADC_PeripheralClockControl
                0x0000000000000000       0x64 ./MCAL_Layer/RCC/hal_rcc.o
 .text.DAC_PeripheralClockControl
                0x0000000000000000       0x64 ./MCAL_Layer/RCC/hal_rcc.o
 .text.I2S_PeripheralClockControl
                0x0000000000000000       0x64 ./MCAL_Layer/RCC/hal_rcc.o
 .debug_macro   0x0000000000000000      0xa78 ./MCAL_Layer/RCC/hal_rcc.o
 .debug_macro   0x0000000000000000       0x22 ./MCAL_Layer/RCC/hal_rcc.o
 .debug_macro   0x0000000000000000       0x8e ./MCAL_Layer/RCC/hal_rcc.o
 .debug_macro   0x0000000000000000       0x51 ./MCAL_Layer/RCC/hal_rcc.o
 .debug_macro   0x0000000000000000      0x103 ./MCAL_Layer/RCC/hal_rcc.o
 .debug_macro   0x0000000000000000       0x6a ./MCAL_Layer/RCC/hal_rcc.o
 .debug_macro   0x0000000000000000      0x1df ./MCAL_Layer/RCC/hal_rcc.o
 .debug_macro   0x0000000000000000       0x52 ./MCAL_Layer/RCC/hal_rcc.o
 .debug_macro   0x0000000000000000       0x18 ./MCAL_Layer/RCC/hal_rcc.o
 .debug_macro   0x0000000000000000       0x3c ./MCAL_Layer/RCC/hal_rcc.o
 .debug_macro   0x0000000000000000       0x34 ./MCAL_Layer/RCC/hal_rcc.o
 .debug_macro   0x0000000000000000       0x16 ./MCAL_Layer/RCC/hal_rcc.o
 .debug_macro   0x0000000000000000       0x97 ./MCAL_Layer/RCC/hal_rcc.o
 .debug_macro   0x0000000000000000      0x341 ./MCAL_Layer/RCC/hal_rcc.o
 .debug_macro   0x0000000000000000       0xfd ./MCAL_Layer/RCC/hal_rcc.o
 .debug_macro   0x0000000000000000       0x10 ./MCAL_Layer/RCC/hal_rcc.o
 .debug_macro   0x0000000000000000       0x16 ./MCAL_Layer/RCC/hal_rcc.o
 .debug_macro   0x0000000000000000       0x43 ./MCAL_Layer/RCC/hal_rcc.o
 .debug_macro   0x0000000000000000       0x34 ./MCAL_Layer/RCC/hal_rcc.o
 .debug_macro   0x0000000000000000       0x10 ./MCAL_Layer/RCC/hal_rcc.o
 .debug_macro   0x0000000000000000       0x58 ./MCAL_Layer/RCC/hal_rcc.o
 .debug_macro   0x0000000000000000       0x71 ./MCAL_Layer/RCC/hal_rcc.o
 .debug_macro   0x0000000000000000       0x1c ./MCAL_Layer/RCC/hal_rcc.o
 .debug_macro   0x0000000000000000      0x12a ./MCAL_Layer/RCC/hal_rcc.o
 .debug_macro   0x0000000000000000       0x10 ./MCAL_Layer/RCC/hal_rcc.o
 .debug_macro   0x0000000000000000       0x1c ./MCAL_Layer/RCC/hal_rcc.o
 .debug_macro   0x0000000000000000       0x52 ./MCAL_Layer/RCC/hal_rcc.o
 .debug_macro   0x0000000000000000       0x22 ./MCAL_Layer/RCC/hal_rcc.o
 .debug_macro   0x0000000000000000       0x10 ./MCAL_Layer/RCC/hal_rcc.o
 .debug_macro   0x0000000000000000       0x52 ./MCAL_Layer/RCC/hal_rcc.o
 .debug_macro   0x0000000000000000       0xd5 ./MCAL_Layer/RCC/hal_rcc.o
 .debug_macro   0x0000000000000000       0x1c ./MCAL_Layer/RCC/hal_rcc.o
 .debug_macro   0x0000000000000000       0x3d ./MCAL_Layer/RCC/hal_rcc.o
 .debug_macro   0x0000000000000000       0x16 ./MCAL_Layer/RCC/hal_rcc.o
 .debug_macro   0x0000000000000000      0x145 ./MCAL_Layer/RCC/hal_rcc.o
 .debug_macro   0x0000000000000000       0x16 ./MCAL_Layer/RCC/hal_rcc.o
 .debug_macro   0x0000000000000000       0x35 ./MCAL_Layer/RCC/hal_rcc.o
 .debug_macro   0x0000000000000000       0x16 ./MCAL_Layer/RCC/hal_rcc.o
 .debug_macro   0x0000000000000000       0x29 ./MCAL_Layer/RCC/hal_rcc.o
 .debug_macro   0x0000000000000000       0x16 ./MCAL_Layer/RCC/hal_rcc.o
 .debug_macro   0x0000000000000000       0x20 ./MCAL_Layer/RCC/hal_rcc.o
 .debug_macro   0x0000000000000000       0x22 ./MCAL_Layer/RCC/hal_rcc.o
 .debug_macro   0x0000000000000000      0x19b ./MCAL_Layer/RCC/hal_rcc.o
 .debug_macro   0x0000000000000000       0xd0 ./MCAL_Layer/RCC/hal_rcc.o
 .debug_macro   0x0000000000000000      0x5b2 ./MCAL_Layer/RCC/hal_rcc.o
 .debug_macro   0x0000000000000000       0x34 ./MCAL_Layer/RCC/hal_rcc.o
 .debug_macro   0x0000000000000000       0xcc ./MCAL_Layer/RCC/hal_rcc.o
 .text          0x0000000000000000       0x14 ./Startup/startup_stm32f407vgtx.o
 .data          0x0000000000000000        0x0 ./Startup/startup_stm32f407vgtx.o
 .bss           0x0000000000000000        0x0 ./Startup/startup_stm32f407vgtx.o
 .text          0x0000000000000000        0x0 /app/stm32cubeide/plugins/com.st.stm32cube.ide.mcu.externaltools.gnu-tools-for-stm32.10.3-2021.10.linux64_1.0.200.202301161003/tools/bin/../lib/gcc/arm-none-eabi/10.3.1/../../../../arm-none-eabi/lib/thumb/v7e-m/nofp/libc_nano.a(lib_a-errno.o)
 .data          0x0000000000000000        0x0 /app/stm32cubeide/plugins/com.st.stm32cube.ide.mcu.externaltools.gnu-tools-for-stm32.10.3-2021.10.linux64_1.0.200.202301161003/tools/bin/../lib/gcc/arm-none-eabi/10.3.1/../../../../arm-none-eabi/lib/thumb/v7e-m/nofp/libc_nano.a(lib_a-errno.o)
 .bss           0x0000000000000000        0x0 /app/stm32cubeide/plugins/com.st.stm32cube.ide.mcu.externaltools.gnu-tools-for-stm32.10.3-2021.10.linux64_1.0.200.202301161003/tools/bin/../lib/gcc/arm-none-eabi/10.3.1/../../../../arm-none-eabi/lib/thumb/v7e-m/nofp/libc_nano.a(lib_a-errno.o)
 .text.__errno  0x0000000000000000        0xc /app/stm32cubeide/plugins/com.st.stm32cube.ide.mcu.externaltools.gnu-tools-for-stm32.10.3-2021.10.linux64_1.0.200.202301161003/tools/bin/../lib/gcc/arm-none-eabi/10.3.1/../../../../arm-none-eabi/lib/thumb/v7e-m/nofp/libc_nano.a(lib_a-errno.o)
 .debug_frame   0x0000000000000000       0x20 /app/stm32cubeide/plugins/com.st.stm32cube.ide.mcu.externaltools.gnu-tools-for-stm32.10.3-2021.10.linux64_1.0.200.202301161003/tools/bin/../lib/gcc/arm-none-eabi/10.3.1/../../../../arm-none-eabi/lib/thumb/v7e-m/nofp/libc_nano.a(lib_a-errno.o)
 .ARM.attributes
                0x0000000000000000       0x2e /app/stm32cubeide/plugins/com.st.stm32cube.ide.mcu.externaltools.gnu-tools-for-stm32.10.3-2021.10.linux64_1.0.200.202301161003/tools/bin/../lib/gcc/arm-none-eabi/10.3.1/../../../../arm-none-eabi/lib/thumb/v7e-m/nofp/libc_nano.a(lib_a-errno.o)
 .text          0x0000000000000000        0x0 /app/stm32cubeide/plugins/com.st.stm32cube.ide.mcu.externaltools.gnu-tools-for-stm32.10.3-2021.10.linux64_1.0.200.202301161003/tools/bin/../lib/gcc/arm-none-eabi/10.3.1/../../../../arm-none-eabi/lib/thumb/v7e-m/nofp/libc_nano.a(lib_a-exit.o)
 .data          0x0000000000000000        0x0 /app/stm32cubeide/plugins/com.st.stm32cube.ide.mcu.externaltools.gnu-tools-for-stm32.10.3-2021.10.linux64_1.0.200.202301161003/tools/bin/../lib/gcc/arm-none-eabi/10.3.1/../../../../arm-none-eabi/lib/thumb/v7e-m/nofp/libc_nano.a(lib_a-exit.o)
 .bss           0x0000000000000000        0x0 /app/stm32cubeide/plugins/com.st.stm32cube.ide.mcu.externaltools.gnu-tools-for-stm32.10.3-2021.10.linux64_1.0.200.202301161003/tools/bin/../lib/gcc/arm-none-eabi/10.3.1/../../../../arm-none-eabi/lib/thumb/v7e-m/nofp/libc_nano.a(lib_a-exit.o)
 .text.exit     0x0000000000000000       0x28 /app/stm32cubeide/plugins/com.st.stm32cube.ide.mcu.externaltools.gnu-tools-for-stm32.10.3-2021.10.linux64_1.0.200.202301161003/tools/bin/../lib/gcc/arm-none-eabi/10.3.1/../../../../arm-none-eabi/lib/thumb/v7e-m/nofp/libc_nano.a(lib_a-exit.o)
 .debug_frame   0x0000000000000000       0x28 /app/stm32cubeide/plugins/com.st.stm32cube.ide.mcu.externaltools.gnu-tools-for-stm32.10.3-2021.10.linux64_1.0.200.202301161003/tools/bin/../lib/gcc/arm-none-eabi/10.3.1/../../../../arm-none-eabi/lib/thumb/v7e-m/nofp/libc_nano.a(lib_a-exit.o)
 .ARM.attributes
                0x0000000000000000       0x2e /app/stm32cubeide/plugins/com.st.stm32cube.ide.mcu.externaltools.gnu-tools-for-stm32.10.3-2021.10.linux64_1.0.200.202301161003/tools/bin/../lib/gcc/arm-none-eabi/10.3.1/../../../../arm-none-eabi/lib/thumb/v7e-m/nofp/libc_nano.a(lib_a-exit.o)
 .text          0x0000000000000000        0x0 /app/stm32cubeide/plugins/com.st.stm32cube.ide.mcu.externaltools.gnu-tools-for-stm32.10.3-2021.10.linux64_1.0.200.202301161003/tools/bin/../lib/gcc/arm-none-eabi/10.3.1/../../../../arm-none-eabi/lib/thumb/v7e-m/nofp/libc_nano.a(lib_a-impure.o)
 .data          0x0000000000000000        0x0 /app/stm32cubeide/plugins/com.st.stm32cube.ide.mcu.externaltools.gnu-tools-for-stm32.10.3-2021.10.linux64_1.0.200.202301161003/tools/bin/../lib/gcc/arm-none-eabi/10.3.1/../../../../arm-none-eabi/lib/thumb/v7e-m/nofp/libc_nano.a(lib_a-impure.o)
 .bss           0x0000000000000000        0x0 /app/stm32cubeide/plugins/com.st.stm32cube.ide.mcu.externaltools.gnu-tools-for-stm32.10.3-2021.10.linux64_1.0.200.202301161003/tools/bin/../lib/gcc/arm-none-eabi/10.3.1/../../../../arm-none-eabi/lib/thumb/v7e-m/nofp/libc_nano.a(lib_a-impure.o)
 .data._impure_ptr
                0x0000000000000000        0x4 /app/stm32cubeide/plugins/com.st.stm32cube.ide.mcu.externaltools.gnu-tools-for-stm32.10.3-2021.10.linux64_1.0.200.202301161003/tools/bin/../lib/gcc/arm-none-eabi/10.3.1/../../../../arm-none-eabi/lib/thumb/v7e-m/nofp/libc_nano.a(lib_a-impure.o)
 .data.impure_data
                0x0000000000000000       0x60 /app/stm32cubeide/plugins/com.st.stm32cube.ide.mcu.externaltools.gnu-tools-for-stm32.10.3-2021.10.linux64_1.0.200.202301161003/tools/bin/../lib/gcc/arm-none-eabi/10.3.1/../../../../arm-none-eabi/lib/thumb/v7e-m/nofp/libc_nano.a(lib_a-impure.o)
 .rodata._global_impure_ptr
                0x0000000000000000        0x4 /app/stm32cubeide/plugins/com.st.stm32cube.ide.mcu.externaltools.gnu-tools-for-stm32.10.3-2021.10.linux64_1.0.200.202301161003/tools/bin/../lib/gcc/arm-none-eabi/10.3.1/../../../../arm-none-eabi/lib/thumb/v7e-m/nofp/libc_nano.a(lib_a-impure.o)
 .ARM.attributes
                0x0000000000000000       0x2e /app/stm32cubeide/plugins/com.st.stm32cube.ide.mcu.externaltools.gnu-tools-for-stm32.10.3-2021.10.linux64_1.0.200.202301161003/tools/bin/../lib/gcc/arm-none-eabi/10.3.1/../../../../arm-none-eabi/lib/thumb/v7e-m/nofp/libc_nano.a(lib_a-impure.o)
 .text          0x0000000000000000        0x0 /app/stm32cubeide/plugins/com.st.stm32cube.ide.mcu.externaltools.gnu-tools-for-stm32.10.3-2021.10.linux64_1.0.200.202301161003/tools/bin/../lib/gcc/arm-none-eabi/10.3.1/../../../../arm-none-eabi/lib/thumb/v7e-m/nofp/libc_nano.a(lib_a-init.o)
 .data          0x0000000000000000        0x0 /app/stm32cubeide/plugins/com.st.stm32cube.ide.mcu.externaltools.gnu-tools-for-stm32.10.3-2021.10.linux64_1.0.200.202301161003/tools/bin/../lib/gcc/arm-none-eabi/10.3.1/../../../../arm-none-eabi/lib/thumb/v7e-m/nofp/libc_nano.a(lib_a-init.o)
 .bss           0x0000000000000000        0x0 /app/stm32cubeide/plugins/com.st.stm32cube.ide.mcu.externaltools.gnu-tools-for-stm32.10.3-2021.10.linux64_1.0.200.202301161003/tools/bin/../lib/gcc/arm-none-eabi/10.3.1/../../../../arm-none-eabi/lib/thumb/v7e-m/nofp/libc_nano.a(lib_a-init.o)
 .text          0x0000000000000000        0x0 /app/stm32cubeide/plugins/com.st.stm32cube.ide.mcu.externaltools.gnu-tools-for-stm32.10.3-2021.10.linux64_1.0.200.202301161003/tools/bin/../lib/gcc/arm-none-eabi/10.3.1/../../../../arm-none-eabi/lib/thumb/v7e-m/nofp/libc_nano.a(lib_a-memset.o)
 .data          0x0000000000000000        0x0 /app/stm32cubeide/plugins/com.st.stm32cube.ide.mcu.externaltools.gnu-tools-for-stm32.10.3-2021.10.linux64_1.0.200.202301161003/tools/bin/../lib/gcc/arm-none-eabi/10.3.1/../../../../arm-none-eabi/lib/thumb/v7e-m/nofp/libc_nano.a(lib_a-memset.o)
 .bss           0x0000000000000000        0x0 /app/stm32cubeide/plugins/com.st.stm32cube.ide.mcu.externaltools.gnu-tools-for-stm32.10.3-2021.10.linux64_1.0.200.202301161003/tools/bin/../lib/gcc/arm-none-eabi/10.3.1/../../../../arm-none-eabi/lib/thumb/v7e-m/nofp/libc_nano.a(lib_a-memset.o)
 .text.memset   0x0000000000000000       0x10 /app/stm32cubeide/plugins/com.st.stm32cube.ide.mcu.externaltools.gnu-tools-for-stm32.10.3-2021.10.linux64_1.0.200.202301161003/tools/bin/../lib/gcc/arm-none-eabi/10.3.1/../../../../arm-none-eabi/lib/thumb/v7e-m/nofp/libc_nano.a(lib_a-memset.o)
 .debug_frame   0x0000000000000000       0x20 /app/stm32cubeide/plugins/com.st.stm32cube.ide.mcu.externaltools.gnu-tools-for-stm32.10.3-2021.10.linux64_1.0.200.202301161003/tools/bin/../lib/gcc/arm-none-eabi/10.3.1/../../../../arm-none-eabi/lib/thumb/v7e-m/nofp/libc_nano.a(lib_a-memset.o)
 .ARM.attributes
                0x0000000000000000       0x2e /app/stm32cubeide/plugins/com.st.stm32cube.ide.mcu.externaltools.gnu-tools-for-stm32.10.3-2021.10.linux64_1.0.200.202301161003/tools/bin/../lib/gcc/arm-none-eabi/10.3.1/../../../../arm-none-eabi/lib/thumb/v7e-m/nofp/libc_nano.a(lib_a-memset.o)
 .text          0x0000000000000000        0x0 /app/stm32cubeide/plugins/com.st.stm32cube.ide.mcu.externaltools.gnu-tools-for-stm32.10.3-2021.10.linux64_1.0.200.202301161003/tools/bin/../lib/gcc/arm-none-eabi/10.3.1/thumb/v7e-m/nofp/crtend.o
 .data          0x0000000000000000        0x0 /app/stm32cubeide/plugins/com.st.stm32cube.ide.mcu.externaltools.gnu-tools-for-stm32.10.3-2021.10.linux64_1.0.200.202301161003/tools/bin/../lib/gcc/arm-none-eabi/10.3.1/thumb/v7e-m/nofp/crtend.o
 .bss           0x0000000000000000        0x0 /app/stm32cubeide/plugins/com.st.stm32cube.ide.mcu.externaltools.gnu-tools-for-stm32.10.3-2021.10.linux64_1.0.200.202301161003/tools/bin/../lib/gcc/arm-none-eabi/10.3.1/thumb/v7e-m/nofp/crtend.o
 .rodata        0x0000000000000000       0x24 /app/stm32cubeide/plugins/com.st.stm32cube.ide.mcu.externaltools.gnu-tools-for-stm32.10.3-2021.10.linux64_1.0.200.202301161003/tools/bin/../lib/gcc/arm-none-eabi/10.3.1/thumb/v7e-m/nofp/crtend.o
 .eh_frame      0x0000000000000000        0x4 /app/stm32cubeide/plugins/com.st.stm32cube.ide.mcu.externaltools.gnu-tools-for-stm32.10.3-2021.10.linux64_1.0.200.202301161003/tools/bin/../lib/gcc/arm-none-eabi/10.3.1/thumb/v7e-m/nofp/crtend.o
 .ARM.attributes
                0x0000000000000000       0x2e /app/stm32cubeide/plugins/com.st.stm32cube.ide.mcu.externaltools.gnu-tools-for-stm32.10.3-2021.10.linux64_1.0.200.202301161003/tools/bin/../lib/gcc/arm-none-eabi/10.3.1/thumb/v7e-m/nofp/crtend.o
 .text          0x0000000000000000        0x0 /app/stm32cubeide/plugins/com.st.stm32cube.ide.mcu.externaltools.gnu-tools-for-stm32.10.3-2021.10.linux64_1.0.200.202301161003/tools/bin/../lib/gcc/arm-none-eabi/10.3.1/thumb/v7e-m/nofp/crtn.o
 .data          0x0000000000000000        0x0 /app/stm32cubeide/plugins/com.st.stm32cube.ide.mcu.externaltools.gnu-tools-for-stm32.10.3-2021.10.linux64_1.0.200.202301161003/tools/bin/../lib/gcc/arm-none-eabi/10.3.1/thumb/v7e-m/nofp/crtn.o
 .bss           0x0000000000000000        0x0 /app/stm32cubeide/plugins/com.st.stm32cube.ide.mcu.externaltools.gnu-tools-for-stm32.10.3-2021.10.linux64_1.0.200.202301161003/tools/bin/../lib/gcc/arm-none-eabi/10.3.1/thumb/v7e-m/nofp/crtn.o

Memory Configuration

Name             Origin             Length             Attributes
CCMRAM           0x0000000010000000 0x0000000000010000 xrw
RAM              0x0000000020000000 0x0000000000020000 xrw
FLASH            0x0000000008000000 0x0000000000100000 xr
*default*        0x0000000000000000 0xffffffffffffffff

Linker script and memory map

LOAD /app/stm32cubeide/plugins/com.st.stm32cube.ide.mcu.externaltools.gnu-tools-for-stm32.10.3-2021.10.linux64_1.0.200.202301161003/tools/bin/../lib/gcc/arm-none-eabi/10.3.1/thumb/v7e-m/nofp/crti.o
LOAD /app/stm32cubeide/plugins/com.st.stm32cube.ide.mcu.externaltools.gnu-tools-for-stm32.10.3-2021.10.linux64_1.0.200.202301161003/tools/bin/../lib/gcc/arm-none-eabi/10.3.1/thumb/v7e-m/nofp/crtbegin.o
LOAD /app/stm32cubeide/plugins/com.st.stm32cube.ide.mcu.externaltools.gnu-tools-for-stm32.10.3-2021.10.linux64_1.0.200.202301161003/tools/bin/../lib/gcc/arm-none-eabi/10.3.1/../../../../arm-none-eabi/lib/thumb/v7e-m/nofp/crt0.o
LOAD ./APP_Layer/application.o
LOAD ./APP_Layer/syscalls.o
LOAD ./APP_Layer/sysmem.o
LOAD ./ECU_Layer/7_Segment/ecu_7_segment.o
LOAD ./ECU_Layer/Keypad/ecu_keypad.o
LOAD ./ECU_Layer/LCD/ecu_lcd.o
LOAD ./ECU_Layer/ecu_layer_init.o
LOAD ./MCAL_Layer/GPIO/hal_gpio.o
LOAD ./MCAL_Layer/I2C/hal_i2c.o
LOAD ./MCAL_Layer/RCC/hal_rcc.o
LOAD ./Startup/startup_stm32f407vgtx.o
START GROUP
LOAD /app/stm32cubeide/plugins/com.st.stm32cube.ide.mcu.externaltools.gnu-tools-for-stm32.10.3-2021.10.linux64_1.0.200.202301161003/tools/bin/../lib/gcc/arm-none-eabi/10.3.1/../../../../arm-none-eabi/lib/thumb/v7e-m/nofp/libc_nano.a
LOAD /app/stm32cubeide/plugins/com.st.stm32cube.ide.mcu.externaltools.gnu-tools-for-stm32.10.3-2021.10.linux64_1.0.200.202301161003/tools/bin/../lib/gcc/arm-none-eabi/10.3.1/../../../../arm-none-eabi/lib/thumb/v7e-m/nofp/libm.a
END GROUP
START GROUP
LOAD /app/stm32cubeide/plugins/com.st.stm32cube.ide.mcu.externaltools.gnu-tools-for-stm32.10.3-2021.10.linux64_1.0.200.202301161003/tools/bin/../lib/gcc/arm-none-eabi/10.3.1/thumb/v7e-m/nofp/libgcc.a
LOAD /app/stm32cubeide/plugins/com.st.stm32cube.ide.mcu.externaltools.gnu-tools-for-stm32.10.3-2021.10.linux64_1.0.200.202301161003/tools/bin/../lib/gcc/arm-none-eabi/10.3.1/../../../../arm-none-eabi/lib/thumb/v7e-m/nofp/libc_nano.a
END GROUP
START GROUP
LOAD /app/stm32cubeide/plugins/com.st.stm32cube.ide.mcu.externaltools.gnu-tools-for-stm32.10.3-2021.10.linux64_1.0.200.202301161003/tools/bin/../lib/gcc/arm-none-eabi/10.3.1/thumb/v7e-m/nofp/libgcc.a
LOAD /app/stm32cubeide/plugins/com.st.stm32cube.ide.mcu.externaltools.gnu-tools-for-stm32.10.3-2021.10.linux64_1.0.200.202301161003/tools/bin/../lib/gcc/arm-none-eabi/10.3.1/../../../../arm-none-eabi/lib/thumb/v7e-m/nofp/libc_nano.a
LOAD /app/stm32cubeide/plugins/com.st.stm32cube.ide.mcu.externaltools.gnu-tools-for-stm32.10.3-2021.10.linux64_1.0.200.202301161003/tools/bin/../lib/gcc/arm-none-eabi/10.3.1/../../../../arm-none-eabi/lib/thumb/v7e-m/nofp/libnosys.a
END GROUP
START GROUP
LOAD /app/stm32cubeide/plugins/com.st.stm32cube.ide.mcu.externaltools.gnu-tools-for-stm32.10.3-2021.10.linux64_1.0.200.202301161003/tools/bin/../lib/gcc/arm-none-eabi/10.3.1/thumb/v7e-m/nofp/libgcc.a
LOAD /app/stm32cubeide/plugins/com.st.stm32cube.ide.mcu.externaltools.gnu-tools-for-stm32.10.3-2021.10.linux64_1.0.200.202301161003/tools/bin/../lib/gcc/arm-none-eabi/10.3.1/../../../../arm-none-eabi/lib/thumb/v7e-m/nofp/libc_nano.a
LOAD /app/stm32cubeide/plugins/com.st.stm32cube.ide.mcu.externaltools.gnu-tools-for-stm32.10.3-2021.10.linux64_1.0.200.202301161003/tools/bin/../lib/gcc/arm-none-eabi/10.3.1/../../../../arm-none-eabi/lib/thumb/v7e-m/nofp/libnosys.a
END GROUP
LOAD /app/stm32cubeide/plugins/com.st.stm32cube.ide.mcu.externaltools.gnu-tools-for-stm32.10.3-2021.10.linux64_1.0.200.202301161003/tools/bin/../lib/gcc/arm-none-eabi/10.3.1/thumb/v7e-m/nofp/crtend.o
LOAD /app/stm32cubeide/plugins/com.st.stm32cube.ide.mcu.externaltools.gnu-tools-for-stm32.10.3-2021.10.linux64_1.0.200.202301161003/tools/bin/../lib/gcc/arm-none-eabi/10.3.1/thumb/v7e-m/nofp/crtn.o
                0x0000000020020000                _estack = (ORIGIN (RAM) + LENGTH (RAM))
                0x0000000000000200                _Min_Heap_Size = 0x200
                0x0000000000000400                _Min_Stack_Size = 0x400

.isr_vector     0x0000000008000000      0x1a8
                0x0000000008000000                . = ALIGN (0x4)
 *(.isr_vector)
 .isr_vector    0x0000000008000000      0x1a8 ./Startup/startup_stm32f407vgtx.o
                0x0000000008000000                g_pfnVectors
                0x00000000080001a8                . = ALIGN (0x4)

.text           0x00000000080001a8      0x710
                0x00000000080001a8                . = ALIGN (0x4)
 *(.text)
 .text          0x00000000080001a8       0x40 /app/stm32cubeide/plugins/com.st.stm32cube.ide.mcu.externaltools.gnu-tools-for-stm32.10.3-2021.10.linux64_1.0.200.202301161003/tools/bin/../lib/gcc/arm-none-eabi/10.3.1/thumb/v7e-m/nofp/crtbegin.o
 *(.text*)
 .text.main     0x00000000080001e8      0x114 ./APP_Layer/application.o
                0x00000000080001e8                main
 .text.delay    0x00000000080002fc       0x2c ./MCAL_Layer/GPIO/hal_gpio.o
                0x00000000080002fc                delay
 .text.GPIO_Init
                0x0000000008000328      0x3b8 ./MCAL_Layer/GPIO/hal_gpio.o
                0x0000000008000328                GPIO_Init
 .text.GPIO_ToggleOutputPin
                0x00000000080006e0       0x44 ./MCAL_Layer/GPIO/hal_gpio.o
                0x00000000080006e0                GPIO_ToggleOutputPin
 .text.GPIO_ReadFromOutputPin
                0x0000000008000724       0x7c ./MCAL_Layer/GPIO/hal_gpio.o
                0x0000000008000724                GPIO_ReadFromOutputPin
 .text.GPIO_PeripheralClockControl
                0x00000000080007a0       0x64 ./MCAL_Layer/RCC/hal_rcc.o
                0x00000000080007a0                GPIO_PeripheralClockControl
 .text.Reset_Handler
                0x0000000008000804       0x50 ./Startup/startup_stm32f407vgtx.o
                0x0000000008000804                Reset_Handler
 .text.Default_Handler
                0x0000000008000854        0x2 ./Startup/startup_stm32f407vgtx.o
                0x0000000008000854                RTC_Alarm_IRQHandler
                0x0000000008000854                HASH_RNG_IRQHandler
                0x0000000008000854                EXTI2_IRQHandler
                0x0000000008000854                TIM8_CC_IRQHandler
                0x0000000008000854                DebugMon_Handler
                0x0000000008000854                TIM1_CC_IRQHandler
                0x0000000008000854                DMA2_Stream5_IRQHandler
                0x0000000008000854                HardFault_Handler
                0x0000000008000854                DMA1_Stream5_IRQHandler
                0x0000000008000854                SysTick_Handler
                0x0000000008000854                PVD_IRQHandler
                0x0000000008000854                SDIO_IRQHandler
                0x0000000008000854                TAMP_STAMP_IRQHandler
                0x0000000008000854                PendSV_Handler
                0x0000000008000854                NMI_Handler
                0x0000000008000854                CAN2_RX1_IRQHandler
                0x0000000008000854                EXTI3_IRQHandler
                0x0000000008000854                TIM8_TRG_COM_TIM14_IRQHandler
                0x0000000008000854                TIM1_UP_TIM10_IRQHandler
                0x0000000008000854                TIM8_UP_TIM13_IRQHandler
                0x0000000008000854                I2C3_ER_IRQHandler
                0x0000000008000854                LCD_TFT_IRQHandler
                0x0000000008000854                EXTI0_IRQHandler
                0x0000000008000854                I2C2_EV_IRQHandler
                0x0000000008000854                DMA1_Stream2_IRQHandler
                0x0000000008000854                CAN1_RX0_IRQHandler
                0x0000000008000854                FPU_IRQHandler
                0x0000000008000854                OTG_HS_WKUP_IRQHandler
                0x0000000008000854                UsageFault_Handler
                0x0000000008000854                CAN2_SCE_IRQHandler
                0x0000000008000854                DMA2_Stream2_IRQHandler
                0x0000000008000854                SPI1_IRQHandler
                0x0000000008000854                TIM6_DAC_IRQHandler
                0x0000000008000854                TIM1_BRK_TIM9_IRQHandler
                0x0000000008000854                DCMI_IRQHandler
                0x0000000008000854                CAN2_RX0_IRQHandler
                0x0000000008000854                DMA2_Stream3_IRQHandler
                0x0000000008000854                USART6_IRQHandler
                0x0000000008000854                USART3_IRQHandler
                0x0000000008000854                CRYP_IRQHandler
                0x0000000008000854                CAN1_RX1_IRQHandler
                0x0000000008000854                UART5_IRQHandler
                0x0000000008000854                DMA2_Stream0_IRQHandler
                0x0000000008000854                TIM4_IRQHandler
                0x0000000008000854                I2C1_EV_IRQHandler
                0x0000000008000854                DMA1_Stream6_IRQHandler
                0x0000000008000854                DMA1_Stream1_IRQHandler
                0x0000000008000854                UART4_IRQHandler
                0x0000000008000854                LCD_TFT_1_IRQHandler
                0x0000000008000854                TIM3_IRQHandler
                0x0000000008000854                RCC_IRQHandler
                0x0000000008000854                TIM8_BRK_TIM12_IRQHandler
                0x0000000008000854                Default_Handler
                0x0000000008000854                EXTI15_10_IRQHandler
                0x0000000008000854                ADC_IRQHandler
                0x0000000008000854                DMA1_Stream7_IRQHandler
                0x0000000008000854                TIM7_IRQHandler
                0x0000000008000854                CAN2_TX_IRQHandler
                0x0000000008000854                TIM5_IRQHandler
                0x0000000008000854                DMA2_Stream7_IRQHandler
                0x0000000008000854                I2C3_EV_IRQHandler
                0x0000000008000854                EXTI9_5_IRQHandler
                0x0000000008000854                RTC_WKUP_IRQHandler
                0x0000000008000854                ETH_WKUP_IRQHandler
                0x0000000008000854                SPI2_IRQHandler
                0x0000000008000854                OTG_HS_EP1_IN_IRQHandler
                0x0000000008000854                MemManage_Handler
                0x0000000008000854                DMA1_Stream0_IRQHandler
                0x0000000008000854                CAN1_TX_IRQHandler
                0x0000000008000854                SVC_Handler
                0x0000000008000854                EXTI4_IRQHandler
                0x0000000008000854                FSMC_IRQHandler
                0x0000000008000854                ETH_IRQHandler
                0x0000000008000854                OTG_HS_EP1_OUT_IRQHandler
                0x0000000008000854                WWDG_IRQHandler
                0x0000000008000854                TIM2_IRQHandler
                0x0000000008000854                OTG_FS_WKUP_IRQHandler
                0x0000000008000854                TIM1_TRG_COM_TIM11_IRQHandler
                0x0000000008000854                OTG_HS_IRQHandler
                0x0000000008000854                EXTI1_IRQHandler
                0x0000000008000854                USART2_IRQHandler
                0x0000000008000854                I2C2_ER_IRQHandler
                0x0000000008000854                DMA2_Stream1_IRQHandler
                0x0000000008000854                CAN1_SCE_IRQHandler
                0x0000000008000854                DMA2_Stream4_IRQHandler
                0x0000000008000854                BusFault_Handler
                0x0000000008000854                USART1_IRQHandler
                0x0000000008000854                OTG_FS_IRQHandler
                0x0000000008000854                SPI3_IRQHandler
                0x0000000008000854                DMA1_Stream4_IRQHandler
                0x0000000008000854                I2C1_ER_IRQHandler
                0x0000000008000854                DMA2_Stream6_IRQHandler
                0x0000000008000854                DMA1_Stream3_IRQHandler
 *fill*         0x0000000008000856        0x2 
 .text.__libc_init_array
                0x0000000008000858       0x48 /app/stm32cubeide/plugins/com.st.stm32cube.ide.mcu.externaltools.gnu-tools-for-stm32.10.3-2021.10.linux64_1.0.200.202301161003/tools/bin/../lib/gcc/arm-none-eabi/10.3.1/../../../../arm-none-eabi/lib/thumb/v7e-m/nofp/libc_nano.a(lib_a-init.o)
                0x0000000008000858                __libc_init_array
 *(.glue_7)
 .glue_7        0x00000000080008a0        0x0 linker stubs
 *(.glue_7t)
 .glue_7t       0x00000000080008a0        0x0 linker stubs
 *(.eh_frame)
 .eh_frame      0x00000000080008a0        0x0 /app/stm32cubeide/plugins/com.st.stm32cube.ide.mcu.externaltools.gnu-tools-for-stm32.10.3-2021.10.linux64_1.0.200.202301161003/tools/bin/../lib/gcc/arm-none-eabi/10.3.1/thumb/v7e-m/nofp/crtbegin.o
 *(.init)
 .init          0x00000000080008a0        0x4 /app/stm32cubeide/plugins/com.st.stm32cube.ide.mcu.externaltools.gnu-tools-for-stm32.10.3-2021.10.linux64_1.0.200.202301161003/tools/bin/../lib/gcc/arm-none-eabi/10.3.1/thumb/v7e-m/nofp/crti.o
                0x00000000080008a0                _init
 .init          0x00000000080008a4        0x8 /app/stm32cubeide/plugins/com.st.stm32cube.ide.mcu.externaltools.gnu-tools-for-stm32.10.3-2021.10.linux64_1.0.200.202301161003/tools/bin/../lib/gcc/arm-none-eabi/10.3.1/thumb/v7e-m/nofp/crtn.o
 *(.fini)
 .fini          0x00000000080008ac        0x4 /app/stm32cubeide/plugins/com.st.stm32cube.ide.mcu.externaltools.gnu-tools-for-stm32.10.3-2021.10.linux64_1.0.200.202301161003/tools/bin/../lib/gcc/arm-none-eabi/10.3.1/thumb/v7e-m/nofp/crti.o
                0x00000000080008ac                _fini
 .fini          0x00000000080008b0        0x8 /app/stm32cubeide/plugins/com.st.stm32cube.ide.mcu.externaltools.gnu-tools-for-stm32.10.3-2021.10.linux64_1.0.200.202301161003/tools/bin/../lib/gcc/arm-none-eabi/10.3.1/thumb/v7e-m/nofp/crtn.o
                0x00000000080008b8                . = ALIGN (0x4)
                0x00000000080008b8                _etext = .

.vfp11_veneer   0x00000000080008b8        0x0
 .vfp11_veneer  0x00000000080008b8        0x0 linker stubs

.v4_bx          0x00000000080008b8        0x0
 .v4_bx         0x00000000080008b8        0x0 linker stubs

.iplt           0x00000000080008b8        0x0
 .iplt          0x00000000080008b8        0x0 /app/stm32cubeide/plugins/com.st.stm32cube.ide.mcu.externaltools.gnu-tools-for-stm32.10.3-2021.10.linux64_1.0.200.202301161003/tools/bin/../lib/gcc/arm-none-eabi/10.3.1/thumb/v7e-m/nofp/crtbegin.o

.rodata         0x00000000080008b8       0x24
                0x00000000080008b8                . = ALIGN (0x4)
 *(.rodata)
 *(.rodata*)
 .rodata.pGPIO_Portx_RegisterControl
                0x00000000080008b8       0x24 ./MCAL_Layer/GPIO/hal_gpio.o
                0x00000000080008dc                . = ALIGN (0x4)

.rel.dyn        0x00000000080008dc        0x0
 .rel.iplt      0x00000000080008dc        0x0 /app/stm32cubeide/plugins/com.st.stm32cube.ide.mcu.externaltools.gnu-tools-for-stm32.10.3-2021.10.linux64_1.0.200.202301161003/tools/bin/../lib/gcc/arm-none-eabi/10.3.1/thumb/v7e-m/nofp/crtbegin.o

.ARM.extab      0x00000000080008dc        0x0
                0x00000000080008dc                . = ALIGN (0x4)
 *(.ARM.extab* .gnu.linkonce.armextab.*)
                0x00000000080008dc                . = ALIGN (0x4)

.ARM            0x00000000080008dc        0x0
                0x00000000080008dc                . = ALIGN (0x4)
                0x00000000080008dc                __exidx_start = .
 *(.ARM.exidx*)
                0x00000000080008dc                __exidx_end = .
                0x00000000080008dc                . = ALIGN (0x4)

.preinit_array  0x00000000080008dc        0x0
                0x00000000080008dc                . = ALIGN (0x4)
                0x00000000080008dc                PROVIDE (__preinit_array_start = .)
 *(.preinit_array*)
                0x00000000080008dc                PROVIDE (__preinit_array_end = .)
                0x00000000080008dc                . = ALIGN (0x4)

.init_array     0x00000000080008dc        0x4
                0x00000000080008dc                . = ALIGN (0x4)
                0x00000000080008dc                PROVIDE (__init_array_start = .)
 *(SORT_BY_NAME(.init_array.*))
 *(.init_array*)
 .init_array    0x00000000080008dc        0x4 /app/stm32cubeide/plugins/com.st.stm32cube.ide.mcu.externaltools.gnu-tools-for-stm32.10.3-2021.10.linux64_1.0.200.202301161003/tools/bin/../lib/gcc/arm-none-eabi/10.3.1/thumb/v7e-m/nofp/crtbegin.o
                0x00000000080008e0                PROVIDE (__init_array_end = .)
                0x00000000080008e0                . = ALIGN (0x4)

.fini_array     0x00000000080008e0        0x4
                0x00000000080008e0                . = ALIGN (0x4)
                [!provide]                        PROVIDE (__fini_array_start = .)
 *(SORT_BY_NAME(.fini_array.*))
 *(.fini_array*)
 .fini_array    0x00000000080008e0        0x4 /app/stm32cubeide/plugins/com.st.stm32cube.ide.mcu.externaltools.gnu-tools-for-stm32.10.3-2021.10.linux64_1.0.200.202301161003/tools/bin/../lib/gcc/arm-none-eabi/10.3.1/thumb/v7e-m/nofp/crtbegin.o
                [!provide]                        PROVIDE (__fini_array_end = .)
                0x00000000080008e4                . = ALIGN (0x4)
                0x00000000080008e4                _sidata = LOADADDR (.data)

.data           0x0000000020000000        0x0 load address 0x00000000080008e4
                0x0000000020000000                . = ALIGN (0x4)
                0x0000000020000000                _sdata = .
 *(.data)
 *(.data*)
 *(.RamFunc)
 *(.RamFunc*)
                0x0000000020000000                . = ALIGN (0x4)
                0x0000000020000000                _edata = .
                0x00000000080008e4                _siccmram = LOADADDR (.ccmram)

.igot.plt       0x0000000020000000        0x0 load address 0x00000000080008e4
 .igot.plt      0x0000000020000000        0x0 /app/stm32cubeide/plugins/com.st.stm32cube.ide.mcu.externaltools.gnu-tools-for-stm32.10.3-2021.10.linux64_1.0.200.202301161003/tools/bin/../lib/gcc/arm-none-eabi/10.3.1/thumb/v7e-m/nofp/crtbegin.o

.ccmram         0x0000000010000000        0x0 load address 0x00000000080008e4
                0x0000000010000000                . = ALIGN (0x4)
                0x0000000010000000                _sccmram = .
 *(.ccmram)
 *(.ccmram*)
                0x0000000010000000                . = ALIGN (0x4)
                0x0000000010000000                _eccmram = .
                0x0000000010000000                . = ALIGN (0x4)

.bss            0x0000000020000000       0x1c
                0x0000000020000000                _sbss = .
                0x0000000020000000                __bss_start__ = _sbss
 *(.bss)
 .bss           0x0000000020000000       0x1c /app/stm32cubeide/plugins/com.st.stm32cube.ide.mcu.externaltools.gnu-tools-for-stm32.10.3-2021.10.linux64_1.0.200.202301161003/tools/bin/../lib/gcc/arm-none-eabi/10.3.1/thumb/v7e-m/nofp/crtbegin.o
 *(.bss*)
 *(COMMON)
                0x000000002000001c                . = ALIGN (0x4)
                0x000000002000001c                _ebss = .
                0x000000002000001c                __bss_end__ = _ebss

._user_heap_stack
                0x000000002000001c      0x604
                0x0000000020000020                . = ALIGN (0x8)
 *fill*         0x000000002000001c        0x4 
                [!provide]                        PROVIDE (end = .)
                0x0000000020000020                PROVIDE (_end = .)
                0x0000000020000220                . = (. + _Min_Heap_Size)
 *fill*         0x0000000020000020      0x200 
                0x0000000020000620                . = (. + _Min_Stack_Size)
 *fill*         0x0000000020000220      0x400 
                0x0000000020000620                . = ALIGN (0x8)

/DISCARD/
 libc.a(*)
 libm.a(*)
 libgcc.a(*)

.ARM.attributes
                0x0000000000000000       0x2a
 *(.ARM.attributes)
 .ARM.attributes
                0x0000000000000000       0x1e /app/stm32cubeide/plugins/com.st.stm32cube.ide.mcu.externaltools.gnu-tools-for-stm32.10.3-2021.10.linux64_1.0.200.202301161003/tools/bin/../lib/gcc/arm-none-eabi/10.3.1/thumb/v7e-m/nofp/crti.o
 .ARM.attributes
                0x000000000000001e       0x2e /app/stm32cubeide/plugins/com.st.stm32cube.ide.mcu.externaltools.gnu-tools-for-stm32.10.3-2021.10.linux64_1.0.200.202301161003/tools/bin/../lib/gcc/arm-none-eabi/10.3.1/thumb/v7e-m/nofp/crtbegin.o
 .ARM.attributes
                0x000000000000004c       0x2e ./APP_Layer/application.o
 .ARM.attributes
                0x000000000000007a       0x2e ./MCAL_Layer/GPIO/hal_gpio.o
 .ARM.attributes
                0x00000000000000a8       0x2e ./MCAL_Layer/RCC/hal_rcc.o
 .ARM.attributes
                0x00000000000000d6       0x21 ./Startup/startup_stm32f407vgtx.o
 .ARM.attributes
                0x00000000000000f7       0x2e /app/stm32cubeide/plugins/com.st.stm32cube.ide.mcu.externaltools.gnu-tools-for-stm32.10.3-2021.10.linux64_1.0.200.202301161003/tools/bin/../lib/gcc/arm-none-eabi/10.3.1/../../../../arm-none-eabi/lib/thumb/v7e-m/nofp/libc_nano.a(lib_a-init.o)
 .ARM.attributes
                0x0000000000000125       0x1e /app/stm32cubeide/plugins/com.st.stm32cube.ide.mcu.externaltools.gnu-tools-for-stm32.10.3-2021.10.linux64_1.0.200.202301161003/tools/bin/../lib/gcc/arm-none-eabi/10.3.1/thumb/v7e-m/nofp/crtn.o
OUTPUT(010Nayak_ArrayOfPointers_MethodTest.elf elf32-littlearm)
LOAD linker stubs
LOAD /app/stm32cubeide/plugins/com.st.stm32cube.ide.mcu.externaltools.gnu-tools-for-stm32.10.3-2021.10.linux64_1.0.200.202301161003/tools/bin/../lib/gcc/arm-none-eabi/10.3.1/../../../../arm-none-eabi/lib/thumb/v7e-m/nofp/libc.a
LOAD /app/stm32cubeide/plugins/com.st.stm32cube.ide.mcu.externaltools.gnu-tools-for-stm32.10.3-2021.10.linux64_1.0.200.202301161003/tools/bin/../lib/gcc/arm-none-eabi/10.3.1/../../../../arm-none-eabi/lib/thumb/v7e-m/nofp/libm.a
LOAD /app/stm32cubeide/plugins/com.st.stm32cube.ide.mcu.externaltools.gnu-tools-for-stm32.10.3-2021.10.linux64_1.0.200.202301161003/tools/bin/../lib/gcc/arm-none-eabi/10.3.1/thumb/v7e-m/nofp/libgcc.a

.debug_info     0x0000000000000000     0x1413
 .debug_info    0x0000000000000000      0x2c7 ./APP_Layer/application.o
 .debug_info    0x00000000000002c7      0xa97 ./MCAL_Layer/GPIO/hal_gpio.o
 .debug_info    0x0000000000000d5e      0x693 ./MCAL_Layer/RCC/hal_rcc.o
 .debug_info    0x00000000000013f1       0x22 ./Startup/startup_stm32f407vgtx.o

.debug_abbrev   0x0000000000000000      0x403
 .debug_abbrev  0x0000000000000000       0xf0 ./APP_Layer/application.o
 .debug_abbrev  0x00000000000000f0      0x1fe ./MCAL_Layer/GPIO/hal_gpio.o
 .debug_abbrev  0x00000000000002ee      0x103 ./MCAL_Layer/RCC/hal_rcc.o
 .debug_abbrev  0x00000000000003f1       0x12 ./Startup/startup_stm32f407vgtx.o

.debug_aranges  0x0000000000000000      0x140
 .debug_aranges
                0x0000000000000000       0x20 ./APP_Layer/application.o
 .debug_aranges
                0x0000000000000020       0x78 ./MCAL_Layer/GPIO/hal_gpio.o
 .debug_aranges
                0x0000000000000098       0x80 ./MCAL_Layer/RCC/hal_rcc.o
 .debug_aranges
                0x0000000000000118       0x28 ./Startup/startup_stm32f407vgtx.o

.debug_ranges   0x0000000000000000      0x108
 .debug_ranges  0x0000000000000000       0x10 ./APP_Layer/application.o
 .debug_ranges  0x0000000000000010       0x68 ./MCAL_Layer/GPIO/hal_gpio.o
 .debug_ranges  0x0000000000000078       0x70 ./MCAL_Layer/RCC/hal_rcc.o
 .debug_ranges  0x00000000000000e8       0x20 ./Startup/startup_stm32f407vgtx.o

.debug_macro    0x0000000000000000     0x2d1d
 .debug_macro   0x0000000000000000      0x2c7 ./APP_Layer/application.o
 .debug_macro   0x00000000000002c7      0xa78 ./APP_Layer/application.o
 .debug_macro   0x0000000000000d3f       0x22 ./APP_Layer/application.o
 .debug_macro   0x0000000000000d61       0x8e ./APP_Layer/application.o
 .debug_macro   0x0000000000000def       0x51 ./APP_Layer/application.o
 .debug_macro   0x0000000000000e40      0x103 ./APP_Layer/application.o
 .debug_macro   0x0000000000000f43       0x6a ./APP_Layer/application.o
 .debug_macro   0x0000000000000fad      0x1df ./APP_Layer/application.o
 .debug_macro   0x000000000000118c       0x52 ./APP_Layer/application.o
 .debug_macro   0x00000000000011de       0x18 ./APP_Layer/application.o
 .debug_macro   0x00000000000011f6       0x3c ./APP_Layer/application.o
 .debug_macro   0x0000000000001232       0x34 ./APP_Layer/application.o
 .debug_macro   0x0000000000001266       0x16 ./APP_Layer/application.o
 .debug_macro   0x000000000000127c       0x97 ./APP_Layer/application.o
 .debug_macro   0x0000000000001313      0x341 ./APP_Layer/application.o
 .debug_macro   0x0000000000001654       0xfd ./APP_Layer/application.o
 .debug_macro   0x0000000000001751       0x10 ./APP_Layer/application.o
 .debug_macro   0x0000000000001761       0x16 ./APP_Layer/application.o
 .debug_macro   0x0000000000001777       0x43 ./APP_Layer/application.o
 .debug_macro   0x00000000000017ba       0x34 ./APP_Layer/application.o
 .debug_macro   0x00000000000017ee       0x10 ./APP_Layer/application.o
 .debug_macro   0x00000000000017fe       0x58 ./APP_Layer/application.o
 .debug_macro   0x0000000000001856       0x71 ./APP_Layer/application.o
 .debug_macro   0x00000000000018c7       0x1c ./APP_Layer/application.o
 .debug_macro   0x00000000000018e3      0x12a ./APP_Layer/application.o
 .debug_macro   0x0000000000001a0d       0x10 ./APP_Layer/application.o
 .debug_macro   0x0000000000001a1d       0x1c ./APP_Layer/application.o
 .debug_macro   0x0000000000001a39       0x52 ./APP_Layer/application.o
 .debug_macro   0x0000000000001a8b       0x22 ./APP_Layer/application.o
 .debug_macro   0x0000000000001aad       0x10 ./APP_Layer/application.o
 .debug_macro   0x0000000000001abd       0x52 ./APP_Layer/application.o
 .debug_macro   0x0000000000001b0f       0xd5 ./APP_Layer/application.o
 .debug_macro   0x0000000000001be4       0x1c ./APP_Layer/application.o
 .debug_macro   0x0000000000001c00       0x3d ./APP_Layer/application.o
 .debug_macro   0x0000000000001c3d       0x16 ./APP_Layer/application.o
 .debug_macro   0x0000000000001c53      0x145 ./APP_Layer/application.o
 .debug_macro   0x0000000000001d98       0x16 ./APP_Layer/application.o
 .debug_macro   0x0000000000001dae       0x35 ./APP_Layer/application.o
 .debug_macro   0x0000000000001de3       0x16 ./APP_Layer/application.o
 .debug_macro   0x0000000000001df9       0x29 ./APP_Layer/application.o
 .debug_macro   0x0000000000001e22       0x16 ./APP_Layer/application.o
 .debug_macro   0x0000000000001e38       0x20 ./APP_Layer/application.o
 .debug_macro   0x0000000000001e58       0x22 ./APP_Layer/application.o
 .debug_macro   0x0000000000001e7a      0x19b ./APP_Layer/application.o
 .debug_macro   0x0000000000002015       0xd0 ./APP_Layer/application.o
 .debug_macro   0x00000000000020e5      0x5b2 ./APP_Layer/application.o
 .debug_macro   0x0000000000002697       0x34 ./APP_Layer/application.o
 .debug_macro   0x00000000000026cb       0xcc ./APP_Layer/application.o
 .debug_macro   0x0000000000002797      0x2c3 ./MCAL_Layer/GPIO/hal_gpio.o
 .debug_macro   0x0000000000002a5a      0x2c3 ./MCAL_Layer/RCC/hal_rcc.o

.debug_line     0x0000000000000000     0x2123
 .debug_line    0x0000000000000000      0x875 ./APP_Layer/application.o
 .debug_line    0x0000000000000875      0xc90 ./MCAL_Layer/GPIO/hal_gpio.o
 .debug_line    0x0000000000001505      0xb9a ./MCAL_Layer/RCC/hal_rcc.o
 .debug_line    0x000000000000209f       0x84 ./Startup/startup_stm32f407vgtx.o

.debug_str      0x0000000000000000     0xb0e4
 .debug_str     0x0000000000000000     0xac02 ./APP_Layer/application.o
                                       0xae07 (size before relaxing)
 .debug_str     0x000000000000ac02      0x334 ./MCAL_Layer/GPIO/hal_gpio.o
                                       0xb14e (size before relaxing)
 .debug_str     0x000000000000af36      0x17d ./MCAL_Layer/RCC/hal_rcc.o
                                       0xaedc (size before relaxing)
 .debug_str     0x000000000000b0b3       0x31 ./Startup/startup_stm32f407vgtx.o
                                         0xc4 (size before relaxing)

.comment        0x0000000000000000       0x50
 .comment       0x0000000000000000       0x50 ./APP_Layer/application.o
                                         0x51 (size before relaxing)
 .comment       0x0000000000000050       0x51 ./MCAL_Layer/GPIO/hal_gpio.o
 .comment       0x0000000000000050       0x51 ./MCAL_Layer/RCC/hal_rcc.o

.debug_frame    0x0000000000000000      0x46c
 .debug_frame   0x0000000000000000       0x30 ./APP_Layer/application.o
 .debug_frame   0x0000000000000030      0x1f8 ./MCAL_Layer/GPIO/hal_gpio.o
 .debug_frame   0x0000000000000228      0x218 ./MCAL_Layer/RCC/hal_rcc.o
 .debug_frame   0x0000000000000440       0x2c /app/stm32cubeide/plugins/com.st.stm32cube.ide.mcu.externaltools.gnu-tools-for-stm32.10.3-2021.10.linux64_1.0.200.202301161003/tools/bin/../lib/gcc/arm-none-eabi/10.3.1/../../../../arm-none-eabi/lib/thumb/v7e-m/nofp/libc_nano.a(lib_a-init.o)
