Archive member included to satisfy reference by file (symbol)

/app/stm32cubeide/plugins/com.st.stm32cube.ide.mcu.externaltools.gnu-tools-for-stm32.10.3-2021.10.linux64_1.0.200.202301161003/tools/bin/../lib/gcc/arm-none-eabi/10.3.1/../../../../arm-none-eabi/lib/thumb/v7e-m/nofp/libc_nano.a(lib_a-errno.o)
                              ./Src/syscalls.o (__errno)
/app/stm32cubeide/plugins/com.st.stm32cube.ide.mcu.externaltools.gnu-tools-for-stm32.10.3-2021.10.linux64_1.0.200.202301161003/tools/bin/../lib/gcc/arm-none-eabi/10.3.1/../../../../arm-none-eabi/lib/thumb/v7e-m/nofp/libc_nano.a(lib_a-exit.o)
                              /app/stm32cubeide/plugins/com.st.stm32cube.ide.mcu.externaltools.gnu-tools-for-stm32.10.3-2021.10.linux64_1.0.200.202301161003/tools/bin/../lib/gcc/arm-none-eabi/10.3.1/../../../../arm-none-eabi/lib/thumb/v7e-m/nofp/crt0.o (exit)
/app/stm32cubeide/plugins/com.st.stm32cube.ide.mcu.externaltools.gnu-tools-for-stm32.10.3-2021.10.linux64_1.0.200.202301161003/tools/bin/../lib/gcc/arm-none-eabi/10.3.1/../../../../arm-none-eabi/lib/thumb/v7e-m/nofp/libc_nano.a(lib_a-impure.o)
                              /app/stm32cubeide/plugins/com.st.stm32cube.ide.mcu.externaltools.gnu-tools-for-stm32.10.3-2021.10.linux64_1.0.200.202301161003/tools/bin/../lib/gcc/arm-none-eabi/10.3.1/../../../../arm-none-eabi/lib/thumb/v7e-m/nofp/libc_nano.a(lib_a-exit.o) (_global_impure_ptr)
/app/stm32cubeide/plugins/com.st.stm32cube.ide.mcu.externaltools.gnu-tools-for-stm32.10.3-2021.10.linux64_1.0.200.202301161003/tools/bin/../lib/gcc/arm-none-eabi/10.3.1/../../../../arm-none-eabi/lib/thumb/v7e-m/nofp/libc_nano.a(lib_a-init.o)
                              /app/stm32cubeide/plugins/com.st.stm32cube.ide.mcu.externaltools.gnu-tools-for-stm32.10.3-2021.10.linux64_1.0.200.202301161003/tools/bin/../lib/gcc/arm-none-eabi/10.3.1/../../../../arm-none-eabi/lib/thumb/v7e-m/nofp/crt0.o (__libc_init_array)
/app/stm32cubeide/plugins/com.st.stm32cube.ide.mcu.externaltools.gnu-tools-for-stm32.10.3-2021.10.linux64_1.0.200.202301161003/tools/bin/../lib/gcc/arm-none-eabi/10.3.1/../../../../arm-none-eabi/lib/thumb/v7e-m/nofp/libc_nano.a(lib_a-memset.o)
                              /app/stm32cubeide/plugins/com.st.stm32cube.ide.mcu.externaltools.gnu-tools-for-stm32.10.3-2021.10.linux64_1.0.200.202301161003/tools/bin/../lib/gcc/arm-none-eabi/10.3.1/../../../../arm-none-eabi/lib/thumb/v7e-m/nofp/crt0.o (memset)

Discarded input sections

 .text          0x0000000000000000        0x0 /app/stm32cubeide/plugins/com.st.stm32cube.ide.mcu.externaltools.gnu-tools-for-stm32.10.3-2021.10.linux64_1.0.200.202301161003/tools/bin/../lib/gcc/arm-none-eabi/10.3.1/thumb/v7e-m/nofp/crti.o
 .data          0x0000000000000000        0x0 /app/stm32cubeide/plugins/com.st.stm32cube.ide.mcu.externaltools.gnu-tools-for-stm32.10.3-2021.10.linux64_1.0.200.202301161003/tools/bin/../lib/gcc/arm-none-eabi/10.3.1/thumb/v7e-m/nofp/crti.o
 .bss           0x0000000000000000        0x0 /app/stm32cubeide/plugins/com.st.stm32cube.ide.mcu.externaltools.gnu-tools-for-stm32.10.3-2021.10.linux64_1.0.200.202301161003/tools/bin/../lib/gcc/arm-none-eabi/10.3.1/thumb/v7e-m/nofp/crti.o
 .data          0x0000000000000000        0x4 /app/stm32cubeide/plugins/com.st.stm32cube.ide.mcu.externaltools.gnu-tools-for-stm32.10.3-2021.10.linux64_1.0.200.202301161003/tools/bin/../lib/gcc/arm-none-eabi/10.3.1/thumb/v7e-m/nofp/crtbegin.o
 .rodata        0x0000000000000000       0x24 /app/stm32cubeide/plugins/com.st.stm32cube.ide.mcu.externaltools.gnu-tools-for-stm32.10.3-2021.10.linux64_1.0.200.202301161003/tools/bin/../lib/gcc/arm-none-eabi/10.3.1/thumb/v7e-m/nofp/crtbegin.o
 .text          0x0000000000000000       0x7c /app/stm32cubeide/plugins/com.st.stm32cube.ide.mcu.externaltools.gnu-tools-for-stm32.10.3-2021.10.linux64_1.0.200.202301161003/tools/bin/../lib/gcc/arm-none-eabi/10.3.1/../../../../arm-none-eabi/lib/thumb/v7e-m/nofp/crt0.o
 .data          0x0000000000000000        0x0 /app/stm32cubeide/plugins/com.st.stm32cube.ide.mcu.externaltools.gnu-tools-for-stm32.10.3-2021.10.linux64_1.0.200.202301161003/tools/bin/../lib/gcc/arm-none-eabi/10.3.1/../../../../arm-none-eabi/lib/thumb/v7e-m/nofp/crt0.o
 .bss           0x0000000000000000        0x0 /app/stm32cubeide/plugins/com.st.stm32cube.ide.mcu.externaltools.gnu-tools-for-stm32.10.3-2021.10.linux64_1.0.200.202301161003/tools/bin/../lib/gcc/arm-none-eabi/10.3.1/../../../../arm-none-eabi/lib/thumb/v7e-m/nofp/crt0.o
 .ARM.extab     0x0000000000000000        0x0 /app/stm32cubeide/plugins/com.st.stm32cube.ide.mcu.externaltools.gnu-tools-for-stm32.10.3-2021.10.linux64_1.0.200.202301161003/tools/bin/../lib/gcc/arm-none-eabi/10.3.1/../../../../arm-none-eabi/lib/thumb/v7e-m/nofp/crt0.o
 .ARM.exidx     0x0000000000000000       0x10 /app/stm32cubeide/plugins/com.st.stm32cube.ide.mcu.externaltools.gnu-tools-for-stm32.10.3-2021.10.linux64_1.0.200.202301161003/tools/bin/../lib/gcc/arm-none-eabi/10.3.1/../../../../arm-none-eabi/lib/thumb/v7e-m/nofp/crt0.o
 .ARM.attributes
                0x0000000000000000       0x1c /app/stm32cubeide/plugins/com.st.stm32cube.ide.mcu.externaltools.gnu-tools-for-stm32.10.3-2021.10.linux64_1.0.200.202301161003/tools/bin/../lib/gcc/arm-none-eabi/10.3.1/../../../../arm-none-eabi/lib/thumb/v7e-m/nofp/crt0.o
 .group         0x0000000000000000        0xc ./HAL/Keypad/Keypad.o
 .text          0x0000000000000000        0x0 ./HAL/Keypad/Keypad.o
 .data          0x0000000000000000        0x0 ./HAL/Keypad/Keypad.o
 .bss           0x0000000000000000        0x0 ./HAL/Keypad/Keypad.o
 .debug_info    0x0000000000000000       0x21 ./HAL/Keypad/Keypad.o
 .debug_abbrev  0x0000000000000000       0x13 ./HAL/Keypad/Keypad.o
 .debug_aranges
                0x0000000000000000       0x18 ./HAL/Keypad/Keypad.o
 .debug_macro   0x0000000000000000       0x11 ./HAL/Keypad/Keypad.o
 .debug_macro   0x0000000000000000      0xa78 ./HAL/Keypad/Keypad.o
 .debug_line    0x0000000000000000       0x37 ./HAL/Keypad/Keypad.o
 .debug_str     0x0000000000000000     0x2d2e ./HAL/Keypad/Keypad.o
 .comment       0x0000000000000000       0x51 ./HAL/Keypad/Keypad.o
 .ARM.attributes
                0x0000000000000000       0x2e ./HAL/Keypad/Keypad.o
 .group         0x0000000000000000        0xc ./HAL/LCD/LCD.o
 .text          0x0000000000000000        0x0 ./HAL/LCD/LCD.o
 .data          0x0000000000000000        0x0 ./HAL/LCD/LCD.o
 .bss           0x0000000000000000        0x0 ./HAL/LCD/LCD.o
 .debug_info    0x0000000000000000       0x21 ./HAL/LCD/LCD.o
 .debug_abbrev  0x0000000000000000       0x13 ./HAL/LCD/LCD.o
 .debug_aranges
                0x0000000000000000       0x18 ./HAL/LCD/LCD.o
 .debug_macro   0x0000000000000000       0x11 ./HAL/LCD/LCD.o
 .debug_macro   0x0000000000000000      0xa78 ./HAL/LCD/LCD.o
 .debug_line    0x0000000000000000       0x31 ./HAL/LCD/LCD.o
 .debug_str     0x0000000000000000     0x2d28 ./HAL/LCD/LCD.o
 .comment       0x0000000000000000       0x51 ./HAL/LCD/LCD.o
 .ARM.attributes
                0x0000000000000000       0x2e ./HAL/LCD/LCD.o
 .group         0x0000000000000000        0xc ./HAL/S7_Segment/S7_Segment.o
 .text          0x0000000000000000        0x0 ./HAL/S7_Segment/S7_Segment.o
 .data          0x0000000000000000        0x0 ./HAL/S7_Segment/S7_Segment.o
 .bss           0x0000000000000000        0x0 ./HAL/S7_Segment/S7_Segment.o
 .debug_info    0x0000000000000000       0x21 ./HAL/S7_Segment/S7_Segment.o
 .debug_abbrev  0x0000000000000000       0x13 ./HAL/S7_Segment/S7_Segment.o
 .debug_aranges
                0x0000000000000000       0x18 ./HAL/S7_Segment/S7_Segment.o
 .debug_macro   0x0000000000000000       0x11 ./HAL/S7_Segment/S7_Segment.o
 .debug_macro   0x0000000000000000      0xa78 ./HAL/S7_Segment/S7_Segment.o
 .debug_line    0x0000000000000000       0x3f ./HAL/S7_Segment/S7_Segment.o
 .debug_str     0x0000000000000000     0x2d36 ./HAL/S7_Segment/S7_Segment.o
 .comment       0x0000000000000000       0x51 ./HAL/S7_Segment/S7_Segment.o
 .ARM.attributes
                0x0000000000000000       0x2e ./HAL/S7_Segment/S7_Segment.o
 .group         0x0000000000000000        0xc ./MCAL/GPIO/GPIO.o
 .group         0x0000000000000000        0xc ./MCAL/GPIO/GPIO.o
 .group         0x0000000000000000        0xc ./MCAL/GPIO/GPIO.o
 .group         0x0000000000000000        0xc ./MCAL/GPIO/GPIO.o
 .group         0x0000000000000000        0xc ./MCAL/GPIO/GPIO.o
 .group         0x0000000000000000        0xc ./MCAL/GPIO/GPIO.o
 .group         0x0000000000000000        0xc ./MCAL/GPIO/GPIO.o
 .group         0x0000000000000000        0xc ./MCAL/GPIO/GPIO.o
 .group         0x0000000000000000        0xc ./MCAL/GPIO/GPIO.o
 .group         0x0000000000000000        0xc ./MCAL/GPIO/GPIO.o
 .group         0x0000000000000000        0xc ./MCAL/GPIO/GPIO.o
 .group         0x0000000000000000        0xc ./MCAL/GPIO/GPIO.o
 .group         0x0000000000000000        0xc ./MCAL/GPIO/GPIO.o
 .group         0x0000000000000000        0xc ./MCAL/GPIO/GPIO.o
 .group         0x0000000000000000        0xc ./MCAL/GPIO/GPIO.o
 .group         0x0000000000000000        0xc ./MCAL/GPIO/GPIO.o
 .group         0x0000000000000000        0xc ./MCAL/GPIO/GPIO.o
 .group         0x0000000000000000        0xc ./MCAL/GPIO/GPIO.o
 .group         0x0000000000000000        0xc ./MCAL/GPIO/GPIO.o
 .group         0x0000000000000000        0xc ./MCAL/GPIO/GPIO.o
 .group         0x0000000000000000        0xc ./MCAL/GPIO/GPIO.o
 .group         0x0000000000000000        0xc ./MCAL/GPIO/GPIO.o
 .group         0x0000000000000000        0xc ./MCAL/GPIO/GPIO.o
 .group         0x0000000000000000        0xc ./MCAL/GPIO/GPIO.o
 .group         0x0000000000000000        0xc ./MCAL/GPIO/GPIO.o
 .group         0x0000000000000000        0xc ./MCAL/GPIO/GPIO.o
 .group         0x0000000000000000        0xc ./MCAL/GPIO/GPIO.o
 .group         0x0000000000000000        0xc ./MCAL/GPIO/GPIO.o
 .group         0x0000000000000000        0xc ./MCAL/GPIO/GPIO.o
 .group         0x0000000000000000        0xc ./MCAL/GPIO/GPIO.o
 .group         0x0000000000000000        0xc ./MCAL/GPIO/GPIO.o
 .group         0x0000000000000000        0xc ./MCAL/GPIO/GPIO.o
 .group         0x0000000000000000        0xc ./MCAL/GPIO/GPIO.o
 .group         0x0000000000000000        0xc ./MCAL/GPIO/GPIO.o
 .group         0x0000000000000000        0xc ./MCAL/GPIO/GPIO.o
 .group         0x0000000000000000        0xc ./MCAL/GPIO/GPIO.o
 .group         0x0000000000000000        0xc ./MCAL/GPIO/GPIO.o
 .group         0x0000000000000000        0xc ./MCAL/GPIO/GPIO.o
 .group         0x0000000000000000        0xc ./MCAL/GPIO/GPIO.o
 .group         0x0000000000000000        0xc ./MCAL/GPIO/GPIO.o
 .group         0x0000000000000000        0xc ./MCAL/GPIO/GPIO.o
 .group         0x0000000000000000        0xc ./MCAL/GPIO/GPIO.o
 .group         0x0000000000000000        0xc ./MCAL/GPIO/GPIO.o
 .group         0x0000000000000000        0xc ./MCAL/GPIO/GPIO.o
 .group         0x0000000000000000        0xc ./MCAL/GPIO/GPIO.o
 .text          0x0000000000000000        0x0 ./MCAL/GPIO/GPIO.o
 .data          0x0000000000000000        0x0 ./MCAL/GPIO/GPIO.o
 .bss           0x0000000000000000        0x0 ./MCAL/GPIO/GPIO.o
 .rodata.GPIO_IDRControl_Registers
                0x0000000000000000       0x24 ./MCAL/GPIO/GPIO.o
 .rodata.GPIO_AlternateFunctionLowSelect_Registers
                0x0000000000000000       0x24 ./MCAL/GPIO/GPIO.o
 .rodata.GPIO_AlternateFunctionHighSelect_Registers
                0x0000000000000000       0x24 ./MCAL/GPIO/GPIO.o
 .rodata.RCC_Port_ClockControl_Register
                0x0000000000000000       0x24 ./MCAL/GPIO/GPIO.o
 .text.GPIO_ReadFromInputPin
                0x0000000000000000       0x38 ./MCAL/GPIO/GPIO.o
 .text.GPIO_ReadFromInputPort
                0x0000000000000000       0x34 ./MCAL/GPIO/GPIO.o
 .text.GPIO_ReadFromOutputPin
                0x0000000000000000       0x7c ./MCAL/GPIO/GPIO.o
 .text.GPIO_ReadFromOutputPort
                0x0000000000000000       0x30 ./MCAL/GPIO/GPIO.o
 .text.GPIO_PeripheralClockControl
                0x0000000000000000       0x7c ./MCAL/GPIO/GPIO.o
 .debug_macro   0x0000000000000000      0xa78 ./MCAL/GPIO/GPIO.o
 .group         0x0000000000000000        0xc ./Src/main.o
 .group         0x0000000000000000        0xc ./Src/main.o
 .group         0x0000000000000000        0xc ./Src/main.o
 .group         0x0000000000000000        0xc ./Src/main.o
 .group         0x0000000000000000        0xc ./Src/main.o
 .group         0x0000000000000000        0xc ./Src/main.o
 .group         0x0000000000000000        0xc ./Src/main.o
 .group         0x0000000000000000        0xc ./Src/main.o
 .group         0x0000000000000000        0xc ./Src/main.o
 .group         0x0000000000000000        0xc ./Src/main.o
 .group         0x0000000000000000        0xc ./Src/main.o
 .group         0x0000000000000000        0xc ./Src/main.o
 .group         0x0000000000000000        0xc ./Src/main.o
 .group         0x0000000000000000        0xc ./Src/main.o
 .group         0x0000000000000000        0xc ./Src/main.o
 .group         0x0000000000000000        0xc ./Src/main.o
 .group         0x0000000000000000        0xc ./Src/main.o
 .group         0x0000000000000000        0xc ./Src/main.o
 .group         0x0000000000000000        0xc ./Src/main.o
 .group         0x0000000000000000        0xc ./Src/main.o
 .group         0x0000000000000000        0xc ./Src/main.o
 .group         0x0000000000000000        0xc ./Src/main.o
 .group         0x0000000000000000        0xc ./Src/main.o
 .group         0x0000000000000000        0xc ./Src/main.o
 .group         0x0000000000000000        0xc ./Src/main.o
 .group         0x0000000000000000        0xc ./Src/main.o
 .group         0x0000000000000000        0xc ./Src/main.o
 .group         0x0000000000000000        0xc ./Src/main.o
 .group         0x0000000000000000        0xc ./Src/main.o
 .group         0x0000000000000000        0xc ./Src/main.o
 .group         0x0000000000000000        0xc ./Src/main.o
 .group         0x0000000000000000        0xc ./Src/main.o
 .group         0x0000000000000000        0xc ./Src/main.o
 .group         0x0000000000000000        0xc ./Src/main.o
 .group         0x0000000000000000        0xc ./Src/main.o
 .group         0x0000000000000000        0xc ./Src/main.o
 .group         0x0000000000000000        0xc ./Src/main.o
 .group         0x0000000000000000        0xc ./Src/main.o
 .group         0x0000000000000000        0xc ./Src/main.o
 .group         0x0000000000000000        0xc ./Src/main.o
 .group         0x0000000000000000        0xc ./Src/main.o
 .group         0x0000000000000000        0xc ./Src/main.o
 .group         0x0000000000000000        0xc ./Src/main.o
 .group         0x0000000000000000        0xc ./Src/main.o
 .group         0x0000000000000000        0xc ./Src/main.o
 .text          0x0000000000000000        0x0 ./Src/main.o
 .data          0x0000000000000000        0x0 ./Src/main.o
 .bss           0x0000000000000000        0x0 ./Src/main.o
 .debug_macro   0x0000000000000000      0xa78 ./Src/main.o
 .debug_macro   0x0000000000000000       0x22 ./Src/main.o
 .debug_macro   0x0000000000000000       0x8e ./Src/main.o
 .debug_macro   0x0000000000000000       0x51 ./Src/main.o
 .debug_macro   0x0000000000000000      0x103 ./Src/main.o
 .debug_macro   0x0000000000000000       0x6a ./Src/main.o
 .debug_macro   0x0000000000000000      0x1df ./Src/main.o
 .debug_macro   0x0000000000000000       0x52 ./Src/main.o
 .debug_macro   0x0000000000000000       0x18 ./Src/main.o
 .debug_macro   0x0000000000000000       0x3c ./Src/main.o
 .debug_macro   0x0000000000000000       0x34 ./Src/main.o
 .debug_macro   0x0000000000000000       0x16 ./Src/main.o
 .debug_macro   0x0000000000000000       0x97 ./Src/main.o
 .debug_macro   0x0000000000000000      0x341 ./Src/main.o
 .debug_macro   0x0000000000000000       0xfd ./Src/main.o
 .debug_macro   0x0000000000000000       0x10 ./Src/main.o
 .debug_macro   0x0000000000000000       0x16 ./Src/main.o
 .debug_macro   0x0000000000000000       0x43 ./Src/main.o
 .debug_macro   0x0000000000000000       0x34 ./Src/main.o
 .debug_macro   0x0000000000000000       0x10 ./Src/main.o
 .debug_macro   0x0000000000000000       0x58 ./Src/main.o
 .debug_macro   0x0000000000000000       0x71 ./Src/main.o
 .debug_macro   0x0000000000000000       0x1c ./Src/main.o
 .debug_macro   0x0000000000000000      0x12a ./Src/main.o
 .debug_macro   0x0000000000000000       0x10 ./Src/main.o
 .debug_macro   0x0000000000000000       0x1c ./Src/main.o
 .debug_macro   0x0000000000000000       0x52 ./Src/main.o
 .debug_macro   0x0000000000000000       0x22 ./Src/main.o
 .debug_macro   0x0000000000000000       0x10 ./Src/main.o
 .debug_macro   0x0000000000000000       0x52 ./Src/main.o
 .debug_macro   0x0000000000000000       0xd5 ./Src/main.o
 .debug_macro   0x0000000000000000       0x1c ./Src/main.o
 .debug_macro   0x0000000000000000       0x3d ./Src/main.o
 .debug_macro   0x0000000000000000       0x16 ./Src/main.o
 .debug_macro   0x0000000000000000      0x145 ./Src/main.o
 .debug_macro   0x0000000000000000       0x16 ./Src/main.o
 .debug_macro   0x0000000000000000       0x35 ./Src/main.o
 .debug_macro   0x0000000000000000       0x16 ./Src/main.o
 .debug_macro   0x0000000000000000       0x29 ./Src/main.o
 .debug_macro   0x0000000000000000       0x16 ./Src/main.o
 .debug_macro   0x0000000000000000       0x20 ./Src/main.o
 .debug_macro   0x0000000000000000       0x22 ./Src/main.o
 .debug_macro   0x0000000000000000      0x19b ./Src/main.o
 .debug_macro   0x0000000000000000       0xd0 ./Src/main.o
 .debug_macro   0x0000000000000000      0x138 ./Src/main.o
 .group         0x0000000000000000        0xc ./Src/syscalls.o
 .group         0x0000000000000000        0xc ./Src/syscalls.o
 .group         0x0000000000000000        0xc ./Src/syscalls.o
 .group         0x0000000000000000        0xc ./Src/syscalls.o
 .group         0x0000000000000000        0xc ./Src/syscalls.o
 .group         0x0000000000000000        0xc ./Src/syscalls.o
 .group         0x0000000000000000        0xc ./Src/syscalls.o
 .group         0x0000000000000000        0xc ./Src/syscalls.o
 .group         0x0000000000000000        0xc ./Src/syscalls.o
 .group         0x0000000000000000        0xc ./Src/syscalls.o
 .group         0x0000000000000000        0xc ./Src/syscalls.o
 .group         0x0000000000000000        0xc ./Src/syscalls.o
 .group         0x0000000000000000        0xc ./Src/syscalls.o
 .group         0x0000000000000000        0xc ./Src/syscalls.o
 .group         0x0000000000000000        0xc ./Src/syscalls.o
 .group         0x0000000000000000        0xc ./Src/syscalls.o
 .group         0x0000000000000000        0xc ./Src/syscalls.o
 .group         0x0000000000000000        0xc ./Src/syscalls.o
 .group         0x0000000000000000        0xc ./Src/syscalls.o
 .group         0x0000000000000000        0xc ./Src/syscalls.o
 .group         0x0000000000000000        0xc ./Src/syscalls.o
 .group         0x0000000000000000        0xc ./Src/syscalls.o
 .group         0x0000000000000000        0xc ./Src/syscalls.o
 .group         0x0000000000000000        0xc ./Src/syscalls.o
 .group         0x0000000000000000        0xc ./Src/syscalls.o
 .group         0x0000000000000000        0xc ./Src/syscalls.o
 .group         0x0000000000000000        0xc ./Src/syscalls.o
 .group         0x0000000000000000        0xc ./Src/syscalls.o
 .group         0x0000000000000000        0xc ./Src/syscalls.o
 .group         0x0000000000000000        0xc ./Src/syscalls.o
 .group         0x0000000000000000        0xc ./Src/syscalls.o
 .group         0x0000000000000000        0xc ./Src/syscalls.o
 .group         0x0000000000000000        0xc ./Src/syscalls.o
 .group         0x0000000000000000        0xc ./Src/syscalls.o
 .group         0x0000000000000000        0xc ./Src/syscalls.o
 .group         0x0000000000000000        0xc ./Src/syscalls.o
 .group         0x0000000000000000        0xc ./Src/syscalls.o
 .group         0x0000000000000000        0xc ./Src/syscalls.o
 .group         0x0000000000000000        0xc ./Src/syscalls.o
 .group         0x0000000000000000        0xc ./Src/syscalls.o
 .group         0x0000000000000000        0xc ./Src/syscalls.o
 .group         0x0000000000000000        0xc ./Src/syscalls.o
 .group         0x0000000000000000        0xc ./Src/syscalls.o
 .group         0x0000000000000000        0xc ./Src/syscalls.o
 .group         0x0000000000000000        0xc ./Src/syscalls.o
 .group         0x0000000000000000        0xc ./Src/syscalls.o
 .group         0x0000000000000000        0xc ./Src/syscalls.o
 .text          0x0000000000000000        0x0 ./Src/syscalls.o
 .data          0x0000000000000000        0x0 ./Src/syscalls.o
 .bss           0x0000000000000000        0x0 ./Src/syscalls.o
 .text.ITM_SendChar
                0x0000000000000000       0x4c ./Src/syscalls.o
 .bss.__env     0x0000000000000000        0x4 ./Src/syscalls.o
 .data.environ  0x0000000000000000        0x4 ./Src/syscalls.o
 .text.initialise_monitor_handles
                0x0000000000000000        0xc ./Src/syscalls.o
 .text._getpid  0x0000000000000000        0xe ./Src/syscalls.o
 .text._kill    0x0000000000000000       0x20 ./Src/syscalls.o
 .text._exit    0x0000000000000000       0x14 ./Src/syscalls.o
 .text._read    0x0000000000000000       0x3a ./Src/syscalls.o
 .text._write   0x0000000000000000       0x38 ./Src/syscalls.o
 .text._close   0x0000000000000000       0x16 ./Src/syscalls.o
 .text._fstat   0x0000000000000000       0x1e ./Src/syscalls.o
 .text._isatty  0x0000000000000000       0x14 ./Src/syscalls.o
 .text._lseek   0x0000000000000000       0x18 ./Src/syscalls.o
 .text._open    0x0000000000000000       0x1a ./Src/syscalls.o
 .text._wait    0x0000000000000000       0x1e ./Src/syscalls.o
 .text._unlink  0x0000000000000000       0x1e ./Src/syscalls.o
 .text._times   0x0000000000000000       0x16 ./Src/syscalls.o
 .text._stat    0x0000000000000000       0x1e ./Src/syscalls.o
 .text._link    0x0000000000000000       0x20 ./Src/syscalls.o
 .text._fork    0x0000000000000000       0x16 ./Src/syscalls.o
 .text._execve  0x0000000000000000       0x22 ./Src/syscalls.o
 .debug_info    0x0000000000000000      0x70f ./Src/syscalls.o
 .debug_abbrev  0x0000000000000000      0x1af ./Src/syscalls.o
 .debug_aranges
                0x0000000000000000       0xb0 ./Src/syscalls.o
 .debug_ranges  0x0000000000000000       0xa0 ./Src/syscalls.o
 .debug_macro   0x0000000000000000      0x25e ./Src/syscalls.o
 .debug_macro   0x0000000000000000      0xa78 ./Src/syscalls.o
 .debug_macro   0x0000000000000000       0x22 ./Src/syscalls.o
 .debug_macro   0x0000000000000000       0x4c ./Src/syscalls.o
 .debug_macro   0x0000000000000000       0x18 ./Src/syscalls.o
 .debug_macro   0x0000000000000000       0x94 ./Src/syscalls.o
 .debug_macro   0x0000000000000000       0x3c ./Src/syscalls.o
 .debug_macro   0x0000000000000000       0x34 ./Src/syscalls.o
 .debug_macro   0x0000000000000000       0x57 ./Src/syscalls.o
 .debug_macro   0x0000000000000000      0x174 ./Src/syscalls.o
 .debug_macro   0x0000000000000000      0x341 ./Src/syscalls.o
 .debug_macro   0x0000000000000000       0x16 ./Src/syscalls.o
 .debug_macro   0x0000000000000000       0x43 ./Src/syscalls.o
 .debug_macro   0x0000000000000000       0x34 ./Src/syscalls.o
 .debug_macro   0x0000000000000000       0x10 ./Src/syscalls.o
 .debug_macro   0x0000000000000000       0x58 ./Src/syscalls.o
 .debug_macro   0x0000000000000000       0x71 ./Src/syscalls.o
 .debug_macro   0x0000000000000000       0x1c ./Src/syscalls.o
 .debug_macro   0x0000000000000000      0x12a ./Src/syscalls.o
 .debug_macro   0x0000000000000000       0x10 ./Src/syscalls.o
 .debug_macro   0x0000000000000000       0x35 ./Src/syscalls.o
 .debug_macro   0x0000000000000000       0x10 ./Src/syscalls.o
 .debug_macro   0x0000000000000000       0x10 ./Src/syscalls.o
 .debug_macro   0x0000000000000000       0x10 ./Src/syscalls.o
 .debug_macro   0x0000000000000000       0x6a ./Src/syscalls.o
 .debug_macro   0x0000000000000000       0x1c ./Src/syscalls.o
 .debug_macro   0x0000000000000000       0x52 ./Src/syscalls.o
 .debug_macro   0x0000000000000000       0x22 ./Src/syscalls.o
 .debug_macro   0x0000000000000000       0x10 ./Src/syscalls.o
 .debug_macro   0x0000000000000000       0x52 ./Src/syscalls.o
 .debug_macro   0x0000000000000000       0xd5 ./Src/syscalls.o
 .debug_macro   0x0000000000000000       0x1c ./Src/syscalls.o
 .debug_macro   0x0000000000000000       0x3d ./Src/syscalls.o
 .debug_macro   0x0000000000000000       0x35 ./Src/syscalls.o
 .debug_macro   0x0000000000000000      0x12c ./Src/syscalls.o
 .debug_macro   0x0000000000000000       0x16 ./Src/syscalls.o
 .debug_macro   0x0000000000000000       0x16 ./Src/syscalls.o
 .debug_macro   0x0000000000000000       0x29 ./Src/syscalls.o
 .debug_macro   0x0000000000000000       0x10 ./Src/syscalls.o
 .debug_macro   0x0000000000000000      0x241 ./Src/syscalls.o
 .debug_macro   0x0000000000000000       0x1c ./Src/syscalls.o
 .debug_macro   0x0000000000000000       0x10 ./Src/syscalls.o
 .debug_macro   0x0000000000000000       0x10 ./Src/syscalls.o
 .debug_macro   0x0000000000000000       0x16 ./Src/syscalls.o
 .debug_macro   0x0000000000000000      0x145 ./Src/syscalls.o
 .debug_macro   0x0000000000000000      0x189 ./Src/syscalls.o
 .debug_macro   0x0000000000000000       0x16 ./Src/syscalls.o
 .debug_macro   0x0000000000000000       0xce ./Src/syscalls.o
 .debug_line    0x0000000000000000      0x7cf ./Src/syscalls.o
 .debug_str     0x0000000000000000     0x8b5b ./Src/syscalls.o
 .comment       0x0000000000000000       0x51 ./Src/syscalls.o
 .debug_frame   0x0000000000000000      0x2d4 ./Src/syscalls.o
 .ARM.attributes
                0x0000000000000000       0x2e ./Src/syscalls.o
 .group         0x0000000000000000        0xc ./Src/sysmem.o
 .group         0x0000000000000000        0xc ./Src/sysmem.o
 .group         0x0000000000000000        0xc ./Src/sysmem.o
 .group         0x0000000000000000        0xc ./Src/sysmem.o
 .group         0x0000000000000000        0xc ./Src/sysmem.o
 .group         0x0000000000000000        0xc ./Src/sysmem.o
 .group         0x0000000000000000        0xc ./Src/sysmem.o
 .group         0x0000000000000000        0xc ./Src/sysmem.o
 .group         0x0000000000000000        0xc ./Src/sysmem.o
 .group         0x0000000000000000        0xc ./Src/sysmem.o
 .group         0x0000000000000000        0xc ./Src/sysmem.o
 .group         0x0000000000000000        0xc ./Src/sysmem.o
 .group         0x0000000000000000        0xc ./Src/sysmem.o
 .group         0x0000000000000000        0xc ./Src/sysmem.o
 .group         0x0000000000000000        0xc ./Src/sysmem.o
 .group         0x0000000000000000        0xc ./Src/sysmem.o
 .group         0x0000000000000000        0xc ./Src/sysmem.o
 .group         0x0000000000000000        0xc ./Src/sysmem.o
 .group         0x0000000000000000        0xc ./Src/sysmem.o
 .group         0x0000000000000000        0xc ./Src/sysmem.o
 .group         0x0000000000000000        0xc ./Src/sysmem.o
 .group         0x0000000000000000        0xc ./Src/sysmem.o
 .text          0x0000000000000000        0x0 ./Src/sysmem.o
 .data          0x0000000000000000        0x0 ./Src/sysmem.o
 .bss           0x0000000000000000        0x0 ./Src/sysmem.o
 .bss.__sbrk_heap_end
                0x0000000000000000        0x4 ./Src/sysmem.o
 .text._sbrk    0x0000000000000000       0x6c ./Src/sysmem.o
 .debug_info    0x0000000000000000      0x171 ./Src/sysmem.o
 .debug_abbrev  0x0000000000000000       0xbb ./Src/sysmem.o
 .debug_aranges
                0x0000000000000000       0x20 ./Src/sysmem.o
 .debug_ranges  0x0000000000000000       0x10 ./Src/sysmem.o
 .debug_macro   0x0000000000000000       0xff ./Src/sysmem.o
 .debug_macro   0x0000000000000000      0xa78 ./Src/sysmem.o
 .debug_macro   0x0000000000000000       0x10 ./Src/sysmem.o
 .debug_macro   0x0000000000000000       0x22 ./Src/sysmem.o
 .debug_macro   0x0000000000000000       0x4c ./Src/sysmem.o
 .debug_macro   0x0000000000000000       0x18 ./Src/sysmem.o
 .debug_macro   0x0000000000000000       0x94 ./Src/sysmem.o
 .debug_macro   0x0000000000000000       0x3c ./Src/sysmem.o
 .debug_macro   0x0000000000000000       0x34 ./Src/sysmem.o
 .debug_macro   0x0000000000000000      0x174 ./Src/sysmem.o
 .debug_macro   0x0000000000000000       0x16 ./Src/sysmem.o
 .debug_macro   0x0000000000000000       0x43 ./Src/sysmem.o
 .debug_macro   0x0000000000000000       0x57 ./Src/sysmem.o
 .debug_macro   0x0000000000000000       0x34 ./Src/sysmem.o
 .debug_macro   0x0000000000000000       0x10 ./Src/sysmem.o
 .debug_macro   0x0000000000000000       0x58 ./Src/sysmem.o
 .debug_macro   0x0000000000000000       0x71 ./Src/sysmem.o
 .debug_macro   0x0000000000000000       0x1c ./Src/sysmem.o
 .debug_macro   0x0000000000000000      0x12a ./Src/sysmem.o
 .debug_macro   0x0000000000000000      0x23b ./Src/sysmem.o
 .debug_macro   0x0000000000000000      0x103 ./Src/sysmem.o
 .debug_macro   0x0000000000000000       0x6a ./Src/sysmem.o
 .debug_macro   0x0000000000000000      0x1df ./Src/sysmem.o
 .debug_line    0x0000000000000000      0x490 ./Src/sysmem.o
 .debug_str     0x0000000000000000     0x5de9 ./Src/sysmem.o
 .comment       0x0000000000000000       0x51 ./Src/sysmem.o
 .debug_frame   0x0000000000000000       0x34 ./Src/sysmem.o
 .ARM.attributes
                0x0000000000000000       0x2e ./Src/sysmem.o
 .text          0x0000000000000000       0x14 ./Startup/startup_stm32f407vgtx.o
 .data          0x0000000000000000        0x0 ./Startup/startup_stm32f407vgtx.o
 .bss           0x0000000000000000        0x0 ./Startup/startup_stm32f407vgtx.o
 .text          0x0000000000000000        0x0 /app/stm32cubeide/plugins/com.st.stm32cube.ide.mcu.externaltools.gnu-tools-for-stm32.10.3-2021.10.linux64_1.0.200.202301161003/tools/bin/../lib/gcc/arm-none-eabi/10.3.1/../../../../arm-none-eabi/lib/thumb/v7e-m/nofp/libc_nano.a(lib_a-errno.o)
 .data          0x0000000000000000        0x0 /app/stm32cubeide/plugins/com.st.stm32cube.ide.mcu.externaltools.gnu-tools-for-stm32.10.3-2021.10.linux64_1.0.200.202301161003/tools/bin/../lib/gcc/arm-none-eabi/10.3.1/../../../../arm-none-eabi/lib/thumb/v7e-m/nofp/libc_nano.a(lib_a-errno.o)
 .bss           0x0000000000000000        0x0 /app/stm32cubeide/plugins/com.st.stm32cube.ide.mcu.externaltools.gnu-tools-for-stm32.10.3-2021.10.linux64_1.0.200.202301161003/tools/bin/../lib/gcc/arm-none-eabi/10.3.1/../../../../arm-none-eabi/lib/thumb/v7e-m/nofp/libc_nano.a(lib_a-errno.o)
 .text.__errno  0x0000000000000000        0xc /app/stm32cubeide/plugins/com.st.stm32cube.ide.mcu.externaltools.gnu-tools-for-stm32.10.3-2021.10.linux64_1.0.200.202301161003/tools/bin/../lib/gcc/arm-none-eabi/10.3.1/../../../../arm-none-eabi/lib/thumb/v7e-m/nofp/libc_nano.a(lib_a-errno.o)
 .debug_frame   0x0000000000000000       0x20 /app/stm32cubeide/plugins/com.st.stm32cube.ide.mcu.externaltools.gnu-tools-for-stm32.10.3-2021.10.linux64_1.0.200.202301161003/tools/bin/../lib/gcc/arm-none-eabi/10.3.1/../../../../arm-none-eabi/lib/thumb/v7e-m/nofp/libc_nano.a(lib_a-errno.o)
 .ARM.attributes
                0x0000000000000000       0x2e /app/stm32cubeide/plugins/com.st.stm32cube.ide.mcu.externaltools.gnu-tools-for-stm32.10.3-2021.10.linux64_1.0.200.202301161003/tools/bin/../lib/gcc/arm-none-eabi/10.3.1/../../../../arm-none-eabi/lib/thumb/v7e-m/nofp/libc_nano.a(lib_a-errno.o)
 .text          0x0000000000000000        0x0 /app/stm32cubeide/plugins/com.st.stm32cube.ide.mcu.externaltools.gnu-tools-for-stm32.10.3-2021.10.linux64_1.0.200.202301161003/tools/bin/../lib/gcc/arm-none-eabi/10.3.1/../../../../arm-none-eabi/lib/thumb/v7e-m/nofp/libc_nano.a(lib_a-exit.o)
 .data          0x0000000000000000        0x0 /app/stm32cubeide/plugins/com.st.stm32cube.ide.mcu.externaltools.gnu-tools-for-stm32.10.3-2021.10.linux64_1.0.200.202301161003/tools/bin/../lib/gcc/arm-none-eabi/10.3.1/../../../../arm-none-eabi/lib/thumb/v7e-m/nofp/libc_nano.a(lib_a-exit.o)
 .bss           0x0000000000000000        0x0 /app/stm32cubeide/plugins/com.st.stm32cube.ide.mcu.externaltools.gnu-tools-for-stm32.10.3-2021.10.linux64_1.0.200.202301161003/tools/bin/../lib/gcc/arm-none-eabi/10.3.1/../../../../arm-none-eabi/lib/thumb/v7e-m/nofp/libc_nano.a(lib_a-exit.o)
 .text.exit     0x0000000000000000       0x28 /app/stm32cubeide/plugins/com.st.stm32cube.ide.mcu.externaltools.gnu-tools-for-stm32.10.3-2021.10.linux64_1.0.200.202301161003/tools/bin/../lib/gcc/arm-none-eabi/10.3.1/../../../../arm-none-eabi/lib/thumb/v7e-m/nofp/libc_nano.a(lib_a-exit.o)
 .debug_frame   0x0000000000000000       0x28 /app/stm32cubeide/plugins/com.st.stm32cube.ide.mcu.externaltools.gnu-tools-for-stm32.10.3-2021.10.linux64_1.0.200.202301161003/tools/bin/../lib/gcc/arm-none-eabi/10.3.1/../../../../arm-none-eabi/lib/thumb/v7e-m/nofp/libc_nano.a(lib_a-exit.o)
 .ARM.attributes
                0x0000000000000000       0x2e /app/stm32cubeide/plugins/com.st.stm32cube.ide.mcu.externaltools.gnu-tools-for-stm32.10.3-2021.10.linux64_1.0.200.202301161003/tools/bin/../lib/gcc/arm-none-eabi/10.3.1/../../../../arm-none-eabi/lib/thumb/v7e-m/nofp/libc_nano.a(lib_a-exit.o)
 .text          0x0000000000000000        0x0 /app/stm32cubeide/plugins/com.st.stm32cube.ide.mcu.externaltools.gnu-tools-for-stm32.10.3-2021.10.linux64_1.0.200.202301161003/tools/bin/../lib/gcc/arm-none-eabi/10.3.1/../../../../arm-none-eabi/lib/thumb/v7e-m/nofp/libc_nano.a(lib_a-impure.o)
 .data          0x0000000000000000        0x0 /app/stm32cubeide/plugins/com.st.stm32cube.ide.mcu.externaltools.gnu-tools-for-stm32.10.3-2021.10.linux64_1.0.200.202301161003/tools/bin/../lib/gcc/arm-none-eabi/10.3.1/../../../../arm-none-eabi/lib/thumb/v7e-m/nofp/libc_nano.a(lib_a-impure.o)
 .bss           0x0000000000000000        0x0 /app/stm32cubeide/plugins/com.st.stm32cube.ide.mcu.externaltools.gnu-tools-for-stm32.10.3-2021.10.linux64_1.0.200.202301161003/tools/bin/../lib/gcc/arm-none-eabi/10.3.1/../../../../arm-none-eabi/lib/thumb/v7e-m/nofp/libc_nano.a(lib_a-impure.o)
 .data._impure_ptr
                0x0000000000000000        0x4 /app/stm32cubeide/plugins/com.st.stm32cube.ide.mcu.externaltools.gnu-tools-for-stm32.10.3-2021.10.linux64_1.0.200.202301161003/tools/bin/../lib/gcc/arm-none-eabi/10.3.1/../../../../arm-none-eabi/lib/thumb/v7e-m/nofp/libc_nano.a(lib_a-impure.o)
 .data.impure_data
                0x0000000000000000       0x60 /app/stm32cubeide/plugins/com.st.stm32cube.ide.mcu.externaltools.gnu-tools-for-stm32.10.3-2021.10.linux64_1.0.200.202301161003/tools/bin/../lib/gcc/arm-none-eabi/10.3.1/../../../../arm-none-eabi/lib/thumb/v7e-m/nofp/libc_nano.a(lib_a-impure.o)
 .rodata._global_impure_ptr
                0x0000000000000000        0x4 /app/stm32cubeide/plugins/com.st.stm32cube.ide.mcu.externaltools.gnu-tools-for-stm32.10.3-2021.10.linux64_1.0.200.202301161003/tools/bin/../lib/gcc/arm-none-eabi/10.3.1/../../../../arm-none-eabi/lib/thumb/v7e-m/nofp/libc_nano.a(lib_a-impure.o)
 .ARM.attributes
                0x0000000000000000       0x2e /app/stm32cubeide/plugins/com.st.stm32cube.ide.mcu.externaltools.gnu-tools-for-stm32.10.3-2021.10.linux64_1.0.200.202301161003/tools/bin/../lib/gcc/arm-none-eabi/10.3.1/../../../../arm-none-eabi/lib/thumb/v7e-m/nofp/libc_nano.a(lib_a-impure.o)
 .text          0x0000000000000000        0x0 /app/stm32cubeide/plugins/com.st.stm32cube.ide.mcu.externaltools.gnu-tools-for-stm32.10.3-2021.10.linux64_1.0.200.202301161003/tools/bin/../lib/gcc/arm-none-eabi/10.3.1/../../../../arm-none-eabi/lib/thumb/v7e-m/nofp/libc_nano.a(lib_a-init.o)
 .data          0x0000000000000000        0x0 /app/stm32cubeide/plugins/com.st.stm32cube.ide.mcu.externaltools.gnu-tools-for-stm32.10.3-2021.10.linux64_1.0.200.202301161003/tools/bin/../lib/gcc/arm-none-eabi/10.3.1/../../../../arm-none-eabi/lib/thumb/v7e-m/nofp/libc_nano.a(lib_a-init.o)
 .bss           0x0000000000000000        0x0 /app/stm32cubeide/plugins/com.st.stm32cube.ide.mcu.externaltools.gnu-tools-for-stm32.10.3-2021.10.linux64_1.0.200.202301161003/tools/bin/../lib/gcc/arm-none-eabi/10.3.1/../../../../arm-none-eabi/lib/thumb/v7e-m/nofp/libc_nano.a(lib_a-init.o)
 .text          0x0000000000000000        0x0 /app/stm32cubeide/plugins/com.st.stm32cube.ide.mcu.externaltools.gnu-tools-for-stm32.10.3-2021.10.linux64_1.0.200.202301161003/tools/bin/../lib/gcc/arm-none-eabi/10.3.1/../../../../arm-none-eabi/lib/thumb/v7e-m/nofp/libc_nano.a(lib_a-memset.o)
 .data          0x0000000000000000        0x0 /app/stm32cubeide/plugins/com.st.stm32cube.ide.mcu.externaltools.gnu-tools-for-stm32.10.3-2021.10.linux64_1.0.200.202301161003/tools/bin/../lib/gcc/arm-none-eabi/10.3.1/../../../../arm-none-eabi/lib/thumb/v7e-m/nofp/libc_nano.a(lib_a-memset.o)
 .bss           0x0000000000000000        0x0 /app/stm32cubeide/plugins/com.st.stm32cube.ide.mcu.externaltools.gnu-tools-for-stm32.10.3-2021.10.linux64_1.0.200.202301161003/tools/bin/../lib/gcc/arm-none-eabi/10.3.1/../../../../arm-none-eabi/lib/thumb/v7e-m/nofp/libc_nano.a(lib_a-memset.o)
 .text.memset   0x0000000000000000       0x10 /app/stm32cubeide/plugins/com.st.stm32cube.ide.mcu.externaltools.gnu-tools-for-stm32.10.3-2021.10.linux64_1.0.200.202301161003/tools/bin/../lib/gcc/arm-none-eabi/10.3.1/../../../../arm-none-eabi/lib/thumb/v7e-m/nofp/libc_nano.a(lib_a-memset.o)
 .debug_frame   0x0000000000000000       0x20 /app/stm32cubeide/plugins/com.st.stm32cube.ide.mcu.externaltools.gnu-tools-for-stm32.10.3-2021.10.linux64_1.0.200.202301161003/tools/bin/../lib/gcc/arm-none-eabi/10.3.1/../../../../arm-none-eabi/lib/thumb/v7e-m/nofp/libc_nano.a(lib_a-memset.o)
 .ARM.attributes
                0x0000000000000000       0x2e /app/stm32cubeide/plugins/com.st.stm32cube.ide.mcu.externaltools.gnu-tools-for-stm32.10.3-2021.10.linux64_1.0.200.202301161003/tools/bin/../lib/gcc/arm-none-eabi/10.3.1/../../../../arm-none-eabi/lib/thumb/v7e-m/nofp/libc_nano.a(lib_a-memset.o)
 .text          0x0000000000000000        0x0 /app/stm32cubeide/plugins/com.st.stm32cube.ide.mcu.externaltools.gnu-tools-for-stm32.10.3-2021.10.linux64_1.0.200.202301161003/tools/bin/../lib/gcc/arm-none-eabi/10.3.1/thumb/v7e-m/nofp/crtend.o
 .data          0x0000000000000000        0x0 /app/stm32cubeide/plugins/com.st.stm32cube.ide.mcu.externaltools.gnu-tools-for-stm32.10.3-2021.10.linux64_1.0.200.202301161003/tools/bin/../lib/gcc/arm-none-eabi/10.3.1/thumb/v7e-m/nofp/crtend.o
 .bss           0x0000000000000000        0x0 /app/stm32cubeide/plugins/com.st.stm32cube.ide.mcu.externaltools.gnu-tools-for-stm32.10.3-2021.10.linux64_1.0.200.202301161003/tools/bin/../lib/gcc/arm-none-eabi/10.3.1/thumb/v7e-m/nofp/crtend.o
 .rodata        0x0000000000000000       0x24 /app/stm32cubeide/plugins/com.st.stm32cube.ide.mcu.externaltools.gnu-tools-for-stm32.10.3-2021.10.linux64_1.0.200.202301161003/tools/bin/../lib/gcc/arm-none-eabi/10.3.1/thumb/v7e-m/nofp/crtend.o
 .eh_frame      0x0000000000000000        0x4 /app/stm32cubeide/plugins/com.st.stm32cube.ide.mcu.externaltools.gnu-tools-for-stm32.10.3-2021.10.linux64_1.0.200.202301161003/tools/bin/../lib/gcc/arm-none-eabi/10.3.1/thumb/v7e-m/nofp/crtend.o
 .ARM.attributes
                0x0000000000000000       0x2e /app/stm32cubeide/plugins/com.st.stm32cube.ide.mcu.externaltools.gnu-tools-for-stm32.10.3-2021.10.linux64_1.0.200.202301161003/tools/bin/../lib/gcc/arm-none-eabi/10.3.1/thumb/v7e-m/nofp/crtend.o
 .text          0x0000000000000000        0x0 /app/stm32cubeide/plugins/com.st.stm32cube.ide.mcu.externaltools.gnu-tools-for-stm32.10.3-2021.10.linux64_1.0.200.202301161003/tools/bin/../lib/gcc/arm-none-eabi/10.3.1/thumb/v7e-m/nofp/crtn.o
 .data          0x0000000000000000        0x0 /app/stm32cubeide/plugins/com.st.stm32cube.ide.mcu.externaltools.gnu-tools-for-stm32.10.3-2021.10.linux64_1.0.200.202301161003/tools/bin/../lib/gcc/arm-none-eabi/10.3.1/thumb/v7e-m/nofp/crtn.o
 .bss           0x0000000000000000        0x0 /app/stm32cubeide/plugins/com.st.stm32cube.ide.mcu.externaltools.gnu-tools-for-stm32.10.3-2021.10.linux64_1.0.200.202301161003/tools/bin/../lib/gcc/arm-none-eabi/10.3.1/thumb/v7e-m/nofp/crtn.o

Memory Configuration

Name             Origin             Length             Attributes
CCMRAM           0x0000000010000000 0x0000000000010000 xrw
RAM              0x0000000020000000 0x0000000000020000 xrw
FLASH            0x0000000008000000 0x0000000000100000 xr
*default*        0x0000000000000000 0xffffffffffffffff

Linker script and memory map

LOAD /app/stm32cubeide/plugins/com.st.stm32cube.ide.mcu.externaltools.gnu-tools-for-stm32.10.3-2021.10.linux64_1.0.200.202301161003/tools/bin/../lib/gcc/arm-none-eabi/10.3.1/thumb/v7e-m/nofp/crti.o
LOAD /app/stm32cubeide/plugins/com.st.stm32cube.ide.mcu.externaltools.gnu-tools-for-stm32.10.3-2021.10.linux64_1.0.200.202301161003/tools/bin/../lib/gcc/arm-none-eabi/10.3.1/thumb/v7e-m/nofp/crtbegin.o
LOAD /app/stm32cubeide/plugins/com.st.stm32cube.ide.mcu.externaltools.gnu-tools-for-stm32.10.3-2021.10.linux64_1.0.200.202301161003/tools/bin/../lib/gcc/arm-none-eabi/10.3.1/../../../../arm-none-eabi/lib/thumb/v7e-m/nofp/crt0.o
LOAD ./HAL/Keypad/Keypad.o
LOAD ./HAL/LCD/LCD.o
LOAD ./HAL/S7_Segment/S7_Segment.o
LOAD ./MCAL/GPIO/GPIO.o
LOAD ./Src/main.o
LOAD ./Src/syscalls.o
LOAD ./Src/sysmem.o
LOAD ./Startup/startup_stm32f407vgtx.o
START GROUP
LOAD /app/stm32cubeide/plugins/com.st.stm32cube.ide.mcu.externaltools.gnu-tools-for-stm32.10.3-2021.10.linux64_1.0.200.202301161003/tools/bin/../lib/gcc/arm-none-eabi/10.3.1/../../../../arm-none-eabi/lib/thumb/v7e-m/nofp/libc_nano.a
LOAD /app/stm32cubeide/plugins/com.st.stm32cube.ide.mcu.externaltools.gnu-tools-for-stm32.10.3-2021.10.linux64_1.0.200.202301161003/tools/bin/../lib/gcc/arm-none-eabi/10.3.1/../../../../arm-none-eabi/lib/thumb/v7e-m/nofp/libm.a
END GROUP
START GROUP
LOAD /app/stm32cubeide/plugins/com.st.stm32cube.ide.mcu.externaltools.gnu-tools-for-stm32.10.3-2021.10.linux64_1.0.200.202301161003/tools/bin/../lib/gcc/arm-none-eabi/10.3.1/thumb/v7e-m/nofp/libgcc.a
LOAD /app/stm32cubeide/plugins/com.st.stm32cube.ide.mcu.externaltools.gnu-tools-for-stm32.10.3-2021.10.linux64_1.0.200.202301161003/tools/bin/../lib/gcc/arm-none-eabi/10.3.1/../../../../arm-none-eabi/lib/thumb/v7e-m/nofp/libc_nano.a
END GROUP
START GROUP
LOAD /app/stm32cubeide/plugins/com.st.stm32cube.ide.mcu.externaltools.gnu-tools-for-stm32.10.3-2021.10.linux64_1.0.200.202301161003/tools/bin/../lib/gcc/arm-none-eabi/10.3.1/thumb/v7e-m/nofp/libgcc.a
LOAD /app/stm32cubeide/plugins/com.st.stm32cube.ide.mcu.externaltools.gnu-tools-for-stm32.10.3-2021.10.linux64_1.0.200.202301161003/tools/bin/../lib/gcc/arm-none-eabi/10.3.1/../../../../arm-none-eabi/lib/thumb/v7e-m/nofp/libc_nano.a
LOAD /app/stm32cubeide/plugins/com.st.stm32cube.ide.mcu.externaltools.gnu-tools-for-stm32.10.3-2021.10.linux64_1.0.200.202301161003/tools/bin/../lib/gcc/arm-none-eabi/10.3.1/../../../../arm-none-eabi/lib/thumb/v7e-m/nofp/libnosys.a
END GROUP
START GROUP
LOAD /app/stm32cubeide/plugins/com.st.stm32cube.ide.mcu.externaltools.gnu-tools-for-stm32.10.3-2021.10.linux64_1.0.200.202301161003/tools/bin/../lib/gcc/arm-none-eabi/10.3.1/thumb/v7e-m/nofp/libgcc.a
LOAD /app/stm32cubeide/plugins/com.st.stm32cube.ide.mcu.externaltools.gnu-tools-for-stm32.10.3-2021.10.linux64_1.0.200.202301161003/tools/bin/../lib/gcc/arm-none-eabi/10.3.1/../../../../arm-none-eabi/lib/thumb/v7e-m/nofp/libc_nano.a
LOAD /app/stm32cubeide/plugins/com.st.stm32cube.ide.mcu.externaltools.gnu-tools-for-stm32.10.3-2021.10.linux64_1.0.200.202301161003/tools/bin/../lib/gcc/arm-none-eabi/10.3.1/../../../../arm-none-eabi/lib/thumb/v7e-m/nofp/libnosys.a
END GROUP
LOAD /app/stm32cubeide/plugins/com.st.stm32cube.ide.mcu.externaltools.gnu-tools-for-stm32.10.3-2021.10.linux64_1.0.200.202301161003/tools/bin/../lib/gcc/arm-none-eabi/10.3.1/thumb/v7e-m/nofp/crtend.o
LOAD /app/stm32cubeide/plugins/com.st.stm32cube.ide.mcu.externaltools.gnu-tools-for-stm32.10.3-2021.10.linux64_1.0.200.202301161003/tools/bin/../lib/gcc/arm-none-eabi/10.3.1/thumb/v7e-m/nofp/crtn.o
                0x0000000020020000                _estack = (ORIGIN (RAM) + LENGTH (RAM))
                0x0000000000000200                _Min_Heap_Size = 0x200
                0x0000000000000400                _Min_Stack_Size = 0x400

.isr_vector     0x0000000008000000      0x1a8
                0x0000000008000000                . = ALIGN (0x4)
 *(.isr_vector)
 .isr_vector    0x0000000008000000      0x1a8 ./Startup/startup_stm32f407vgtx.o
                0x0000000008000000                g_pfnVectors
                0x00000000080001a8                . = ALIGN (0x4)

.text           0x00000000080001a8      0x2e8
                0x00000000080001a8                . = ALIGN (0x4)
 *(.text)
 .text          0x00000000080001a8       0x40 /app/stm32cubeide/plugins/com.st.stm32cube.ide.mcu.externaltools.gnu-tools-for-stm32.10.3-2021.10.linux64_1.0.200.202301161003/tools/bin/../lib/gcc/arm-none-eabi/10.3.1/thumb/v7e-m/nofp/crtbegin.o
 *(.text*)
 .text.delay    0x00000000080001e8       0x2c ./MCAL/GPIO/GPIO.o
                0x00000000080001e8                delay
 .text.GPIO_ToggleOutputPin
                0x0000000008000214       0x44 ./MCAL/GPIO/GPIO.o
                0x0000000008000214                GPIO_ToggleOutputPin
 .text.main     0x0000000008000258      0x184 ./Src/main.o
                0x0000000008000258                main
 .text.Reset_Handler
                0x00000000080003dc       0x50 ./Startup/startup_stm32f407vgtx.o
                0x00000000080003dc                Reset_Handler
 .text.Default_Handler
                0x000000000800042c        0x2 ./Startup/startup_stm32f407vgtx.o
                0x000000000800042c                RTC_Alarm_IRQHandler
                0x000000000800042c                HASH_RNG_IRQHandler
                0x000000000800042c                EXTI2_IRQHandler
                0x000000000800042c                TIM8_CC_IRQHandler
                0x000000000800042c                DebugMon_Handler
                0x000000000800042c                TIM1_CC_IRQHandler
                0x000000000800042c                DMA2_Stream5_IRQHandler
                0x000000000800042c                HardFault_Handler
                0x000000000800042c                DMA1_Stream5_IRQHandler
                0x000000000800042c                SysTick_Handler
                0x000000000800042c                PVD_IRQHandler
                0x000000000800042c                SDIO_IRQHandler
                0x000000000800042c                TAMP_STAMP_IRQHandler
                0x000000000800042c                PendSV_Handler
                0x000000000800042c                NMI_Handler
                0x000000000800042c                CAN2_RX1_IRQHandler
                0x000000000800042c                EXTI3_IRQHandler
                0x000000000800042c                TIM8_TRG_COM_TIM14_IRQHandler
                0x000000000800042c                TIM1_UP_TIM10_IRQHandler
                0x000000000800042c                TIM8_UP_TIM13_IRQHandler
                0x000000000800042c                I2C3_ER_IRQHandler
                0x000000000800042c                LCD_TFT_IRQHandler
                0x000000000800042c                EXTI0_IRQHandler
                0x000000000800042c                I2C2_EV_IRQHandler
                0x000000000800042c                DMA1_Stream2_IRQHandler
                0x000000000800042c                CAN1_RX0_IRQHandler
                0x000000000800042c                FPU_IRQHandler
                0x000000000800042c                OTG_HS_WKUP_IRQHandler
                0x000000000800042c                UsageFault_Handler
                0x000000000800042c                CAN2_SCE_IRQHandler
                0x000000000800042c                DMA2_Stream2_IRQHandler
                0x000000000800042c                SPI1_IRQHandler
                0x000000000800042c                TIM6_DAC_IRQHandler
                0x000000000800042c                TIM1_BRK_TIM9_IRQHandler
                0x000000000800042c                DCMI_IRQHandler
                0x000000000800042c                CAN2_RX0_IRQHandler
                0x000000000800042c                DMA2_Stream3_IRQHandler
                0x000000000800042c                USART6_IRQHandler
                0x000000000800042c                USART3_IRQHandler
                0x000000000800042c                CRYP_IRQHandler
                0x000000000800042c                CAN1_RX1_IRQHandler
                0x000000000800042c                UART5_IRQHandler
                0x000000000800042c                DMA2_Stream0_IRQHandler
                0x000000000800042c                TIM4_IRQHandler
                0x000000000800042c                I2C1_EV_IRQHandler
                0x000000000800042c                DMA1_Stream6_IRQHandler
                0x000000000800042c                DMA1_Stream1_IRQHandler
                0x000000000800042c                UART4_IRQHandler
                0x000000000800042c                LCD_TFT_1_IRQHandler
                0x000000000800042c                TIM3_IRQHandler
                0x000000000800042c                RCC_IRQHandler
                0x000000000800042c                TIM8_BRK_TIM12_IRQHandler
                0x000000000800042c                Default_Handler
                0x000000000800042c                EXTI15_10_IRQHandler
                0x000000000800042c                ADC_IRQHandler
                0x000000000800042c                DMA1_Stream7_IRQHandler
                0x000000000800042c                TIM7_IRQHandler
                0x000000000800042c                CAN2_TX_IRQHandler
                0x000000000800042c                TIM5_IRQHandler
                0x000000000800042c                DMA2_Stream7_IRQHandler
                0x000000000800042c                I2C3_EV_IRQHandler
                0x000000000800042c                EXTI9_5_IRQHandler
                0x000000000800042c                RTC_WKUP_IRQHandler
                0x000000000800042c                ETH_WKUP_IRQHandler
                0x000000000800042c                SPI2_IRQHandler
                0x000000000800042c                OTG_HS_EP1_IN_IRQHandler
                0x000000000800042c                MemManage_Handler
                0x000000000800042c                DMA1_Stream0_IRQHandler
                0x000000000800042c                CAN1_TX_IRQHandler
                0x000000000800042c                SVC_Handler
                0x000000000800042c                EXTI4_IRQHandler
                0x000000000800042c                FSMC_IRQHandler
                0x000000000800042c                ETH_IRQHandler
                0x000000000800042c                OTG_HS_EP1_OUT_IRQHandler
                0x000000000800042c                WWDG_IRQHandler
                0x000000000800042c                TIM2_IRQHandler
                0x000000000800042c                OTG_FS_WKUP_IRQHandler
                0x000000000800042c                TIM1_TRG_COM_TIM11_IRQHandler
                0x000000000800042c                OTG_HS_IRQHandler
                0x000000000800042c                EXTI1_IRQHandler
                0x000000000800042c                USART2_IRQHandler
                0x000000000800042c                I2C2_ER_IRQHandler
                0x000000000800042c                DMA2_Stream1_IRQHandler
                0x000000000800042c                CAN1_SCE_IRQHandler
                0x000000000800042c                DMA2_Stream4_IRQHandler
                0x000000000800042c                BusFault_Handler
                0x000000000800042c                USART1_IRQHandler
                0x000000000800042c                OTG_FS_IRQHandler
                0x000000000800042c                SPI3_IRQHandler
                0x000000000800042c                DMA1_Stream4_IRQHandler
                0x000000000800042c                I2C1_ER_IRQHandler
                0x000000000800042c                DMA2_Stream6_IRQHandler
                0x000000000800042c                DMA1_Stream3_IRQHandler
 *fill*         0x000000000800042e        0x2 
 .text.__libc_init_array
                0x0000000008000430       0x48 /app/stm32cubeide/plugins/com.st.stm32cube.ide.mcu.externaltools.gnu-tools-for-stm32.10.3-2021.10.linux64_1.0.200.202301161003/tools/bin/../lib/gcc/arm-none-eabi/10.3.1/../../../../arm-none-eabi/lib/thumb/v7e-m/nofp/libc_nano.a(lib_a-init.o)
                0x0000000008000430                __libc_init_array
 *(.glue_7)
 .glue_7        0x0000000008000478        0x0 linker stubs
 *(.glue_7t)
 .glue_7t       0x0000000008000478        0x0 linker stubs
 *(.eh_frame)
 .eh_frame      0x0000000008000478        0x0 /app/stm32cubeide/plugins/com.st.stm32cube.ide.mcu.externaltools.gnu-tools-for-stm32.10.3-2021.10.linux64_1.0.200.202301161003/tools/bin/../lib/gcc/arm-none-eabi/10.3.1/thumb/v7e-m/nofp/crtbegin.o
 *(.init)
 .init          0x0000000008000478        0x4 /app/stm32cubeide/plugins/com.st.stm32cube.ide.mcu.externaltools.gnu-tools-for-stm32.10.3-2021.10.linux64_1.0.200.202301161003/tools/bin/../lib/gcc/arm-none-eabi/10.3.1/thumb/v7e-m/nofp/crti.o
                0x0000000008000478                _init
 .init          0x000000000800047c        0x8 /app/stm32cubeide/plugins/com.st.stm32cube.ide.mcu.externaltools.gnu-tools-for-stm32.10.3-2021.10.linux64_1.0.200.202301161003/tools/bin/../lib/gcc/arm-none-eabi/10.3.1/thumb/v7e-m/nofp/crtn.o
 *(.fini)
 .fini          0x0000000008000484        0x4 /app/stm32cubeide/plugins/com.st.stm32cube.ide.mcu.externaltools.gnu-tools-for-stm32.10.3-2021.10.linux64_1.0.200.202301161003/tools/bin/../lib/gcc/arm-none-eabi/10.3.1/thumb/v7e-m/nofp/crti.o
                0x0000000008000484                _fini
 .fini          0x0000000008000488        0x8 /app/stm32cubeide/plugins/com.st.stm32cube.ide.mcu.externaltools.gnu-tools-for-stm32.10.3-2021.10.linux64_1.0.200.202301161003/tools/bin/../lib/gcc/arm-none-eabi/10.3.1/thumb/v7e-m/nofp/crtn.o
                0x0000000008000490                . = ALIGN (0x4)
                0x0000000008000490                _etext = .

.vfp11_veneer   0x0000000008000490        0x0
 .vfp11_veneer  0x0000000008000490        0x0 linker stubs

.v4_bx          0x0000000008000490        0x0
 .v4_bx         0x0000000008000490        0x0 linker stubs

.iplt           0x0000000008000490        0x0
 .iplt          0x0000000008000490        0x0 /app/stm32cubeide/plugins/com.st.stm32cube.ide.mcu.externaltools.gnu-tools-for-stm32.10.3-2021.10.linux64_1.0.200.202301161003/tools/bin/../lib/gcc/arm-none-eabi/10.3.1/thumb/v7e-m/nofp/crtbegin.o

.rodata         0x0000000008000490       0x90
                0x0000000008000490                . = ALIGN (0x4)
 *(.rodata)
 *(.rodata*)
 .rodata.GPIO_ODRControl_Registers
                0x0000000008000490       0x24 ./MCAL/GPIO/GPIO.o
                0x0000000008000490                GPIO_ODRControl_Registers
 .rodata.GPIO_ModeSelect_Registers
                0x00000000080004b4       0x24 ./MCAL/GPIO/GPIO.o
                0x00000000080004b4                GPIO_ModeSelect_Registers
 .rodata.RCC_Port_AHB1ClockEnable_Registers
                0x00000000080004d8       0x24 ./MCAL/GPIO/GPIO.o
                0x00000000080004d8                RCC_Port_AHB1ClockEnable_Registers
 .rodata.RCC_Port_ClockConfig_Register
                0x00000000080004fc       0x24 ./MCAL/GPIO/GPIO.o
                0x00000000080004fc                RCC_Port_ClockConfig_Register
                0x0000000008000520                . = ALIGN (0x4)

.rel.dyn        0x0000000008000520        0x0
 .rel.iplt      0x0000000008000520        0x0 /app/stm32cubeide/plugins/com.st.stm32cube.ide.mcu.externaltools.gnu-tools-for-stm32.10.3-2021.10.linux64_1.0.200.202301161003/tools/bin/../lib/gcc/arm-none-eabi/10.3.1/thumb/v7e-m/nofp/crtbegin.o

.ARM.extab      0x0000000008000520        0x0
                0x0000000008000520                . = ALIGN (0x4)
 *(.ARM.extab* .gnu.linkonce.armextab.*)
                0x0000000008000520                . = ALIGN (0x4)

.ARM            0x0000000008000520        0x0
                0x0000000008000520                . = ALIGN (0x4)
                0x0000000008000520                __exidx_start = .
 *(.ARM.exidx*)
                0x0000000008000520                __exidx_end = .
                0x0000000008000520                . = ALIGN (0x4)

.preinit_array  0x0000000008000520        0x0
                0x0000000008000520                . = ALIGN (0x4)
                0x0000000008000520                PROVIDE (__preinit_array_start = .)
 *(.preinit_array*)
                0x0000000008000520                PROVIDE (__preinit_array_end = .)
                0x0000000008000520                . = ALIGN (0x4)

.init_array     0x0000000008000520        0x4
                0x0000000008000520                . = ALIGN (0x4)
                0x0000000008000520                PROVIDE (__init_array_start = .)
 *(SORT_BY_NAME(.init_array.*))
 *(.init_array*)
 .init_array    0x0000000008000520        0x4 /app/stm32cubeide/plugins/com.st.stm32cube.ide.mcu.externaltools.gnu-tools-for-stm32.10.3-2021.10.linux64_1.0.200.202301161003/tools/bin/../lib/gcc/arm-none-eabi/10.3.1/thumb/v7e-m/nofp/crtbegin.o
                0x0000000008000524                PROVIDE (__init_array_end = .)
                0x0000000008000524                . = ALIGN (0x4)

.fini_array     0x0000000008000524        0x4
                0x0000000008000524                . = ALIGN (0x4)
                [!provide]                        PROVIDE (__fini_array_start = .)
 *(SORT_BY_NAME(.fini_array.*))
 *(.fini_array*)
 .fini_array    0x0000000008000524        0x4 /app/stm32cubeide/plugins/com.st.stm32cube.ide.mcu.externaltools.gnu-tools-for-stm32.10.3-2021.10.linux64_1.0.200.202301161003/tools/bin/../lib/gcc/arm-none-eabi/10.3.1/thumb/v7e-m/nofp/crtbegin.o
                [!provide]                        PROVIDE (__fini_array_end = .)
                0x0000000008000528                . = ALIGN (0x4)
                0x0000000008000528                _sidata = LOADADDR (.data)

.data           0x0000000020000000        0x0 load address 0x0000000008000528
                0x0000000020000000                . = ALIGN (0x4)
                0x0000000020000000                _sdata = .
 *(.data)
 *(.data*)
 *(.RamFunc)
 *(.RamFunc*)
                0x0000000020000000                . = ALIGN (0x4)
                0x0000000020000000                _edata = .
                0x0000000008000528                _siccmram = LOADADDR (.ccmram)

.igot.plt       0x0000000020000000        0x0 load address 0x0000000008000528
 .igot.plt      0x0000000020000000        0x0 /app/stm32cubeide/plugins/com.st.stm32cube.ide.mcu.externaltools.gnu-tools-for-stm32.10.3-2021.10.linux64_1.0.200.202301161003/tools/bin/../lib/gcc/arm-none-eabi/10.3.1/thumb/v7e-m/nofp/crtbegin.o

.ccmram         0x0000000010000000        0x0 load address 0x0000000008000528
                0x0000000010000000                . = ALIGN (0x4)
                0x0000000010000000                _sccmram = .
 *(.ccmram)
 *(.ccmram*)
                0x0000000010000000                . = ALIGN (0x4)
                0x0000000010000000                _eccmram = .
                0x0000000010000000                . = ALIGN (0x4)

.bss            0x0000000020000000       0x1c
                0x0000000020000000                _sbss = .
                0x0000000020000000                __bss_start__ = _sbss
 *(.bss)
 .bss           0x0000000020000000       0x1c /app/stm32cubeide/plugins/com.st.stm32cube.ide.mcu.externaltools.gnu-tools-for-stm32.10.3-2021.10.linux64_1.0.200.202301161003/tools/bin/../lib/gcc/arm-none-eabi/10.3.1/thumb/v7e-m/nofp/crtbegin.o
 *(.bss*)
 *(COMMON)
                0x000000002000001c                . = ALIGN (0x4)
                0x000000002000001c                _ebss = .
                0x000000002000001c                __bss_end__ = _ebss

._user_heap_stack
                0x000000002000001c      0x604
                0x0000000020000020                . = ALIGN (0x8)
 *fill*         0x000000002000001c        0x4 
                [!provide]                        PROVIDE (end = .)
                0x0000000020000020                PROVIDE (_end = .)
                0x0000000020000220                . = (. + _Min_Heap_Size)
 *fill*         0x0000000020000020      0x200 
                0x0000000020000620                . = (. + _Min_Stack_Size)
 *fill*         0x0000000020000220      0x400 
                0x0000000020000620                . = ALIGN (0x8)

/DISCARD/
 libc.a(*)
 libm.a(*)
 libgcc.a(*)

.ARM.attributes
                0x0000000000000000       0x2a
 *(.ARM.attributes)
 .ARM.attributes
                0x0000000000000000       0x1e /app/stm32cubeide/plugins/com.st.stm32cube.ide.mcu.externaltools.gnu-tools-for-stm32.10.3-2021.10.linux64_1.0.200.202301161003/tools/bin/../lib/gcc/arm-none-eabi/10.3.1/thumb/v7e-m/nofp/crti.o
 .ARM.attributes
                0x000000000000001e       0x2e /app/stm32cubeide/plugins/com.st.stm32cube.ide.mcu.externaltools.gnu-tools-for-stm32.10.3-2021.10.linux64_1.0.200.202301161003/tools/bin/../lib/gcc/arm-none-eabi/10.3.1/thumb/v7e-m/nofp/crtbegin.o
 .ARM.attributes
                0x000000000000004c       0x2e ./MCAL/GPIO/GPIO.o
 .ARM.attributes
                0x000000000000007a       0x2e ./Src/main.o
 .ARM.attributes
                0x00000000000000a8       0x21 ./Startup/startup_stm32f407vgtx.o
 .ARM.attributes
                0x00000000000000c9       0x2e /app/stm32cubeide/plugins/com.st.stm32cube.ide.mcu.externaltools.gnu-tools-for-stm32.10.3-2021.10.linux64_1.0.200.202301161003/tools/bin/../lib/gcc/arm-none-eabi/10.3.1/../../../../arm-none-eabi/lib/thumb/v7e-m/nofp/libc_nano.a(lib_a-init.o)
 .ARM.attributes
                0x00000000000000f7       0x1e /app/stm32cubeide/plugins/com.st.stm32cube.ide.mcu.externaltools.gnu-tools-for-stm32.10.3-2021.10.linux64_1.0.200.202301161003/tools/bin/../lib/gcc/arm-none-eabi/10.3.1/thumb/v7e-m/nofp/crtn.o
OUTPUT(009My_STM32F407VG_Drivers_with_ArrayOfPointers.elf elf32-littlearm)
LOAD linker stubs
LOAD /app/stm32cubeide/plugins/com.st.stm32cube.ide.mcu.externaltools.gnu-tools-for-stm32.10.3-2021.10.linux64_1.0.200.202301161003/tools/bin/../lib/gcc/arm-none-eabi/10.3.1/../../../../arm-none-eabi/lib/thumb/v7e-m/nofp/libc.a
LOAD /app/stm32cubeide/plugins/com.st.stm32cube.ide.mcu.externaltools.gnu-tools-for-stm32.10.3-2021.10.linux64_1.0.200.202301161003/tools/bin/../lib/gcc/arm-none-eabi/10.3.1/../../../../arm-none-eabi/lib/thumb/v7e-m/nofp/libm.a
LOAD /app/stm32cubeide/plugins/com.st.stm32cube.ide.mcu.externaltools.gnu-tools-for-stm32.10.3-2021.10.linux64_1.0.200.202301161003/tools/bin/../lib/gcc/arm-none-eabi/10.3.1/thumb/v7e-m/nofp/libgcc.a

.debug_info     0x0000000000000000     0x1865
 .debug_info    0x0000000000000000      0xeb5 ./MCAL/GPIO/GPIO.o
 .debug_info    0x0000000000000eb5      0x98e ./Src/main.o
 .debug_info    0x0000000000001843       0x22 ./Startup/startup_stm32f407vgtx.o

.debug_abbrev   0x0000000000000000      0x2f7
 .debug_abbrev  0x0000000000000000      0x17c ./MCAL/GPIO/GPIO.o
 .debug_abbrev  0x000000000000017c      0x169 ./Src/main.o
 .debug_abbrev  0x00000000000002e5       0x12 ./Startup/startup_stm32f407vgtx.o

.debug_aranges  0x0000000000000000       0x98
 .debug_aranges
                0x0000000000000000       0x50 ./MCAL/GPIO/GPIO.o
 .debug_aranges
                0x0000000000000050       0x20 ./Src/main.o
 .debug_aranges
                0x0000000000000070       0x28 ./Startup/startup_stm32f407vgtx.o

.debug_ranges   0x0000000000000000       0x70
 .debug_ranges  0x0000000000000000       0x40 ./MCAL/GPIO/GPIO.o
 .debug_ranges  0x0000000000000040       0x10 ./Src/main.o
 .debug_ranges  0x0000000000000050       0x20 ./Startup/startup_stm32f407vgtx.o

.debug_macro    0x0000000000000000     0x19ec
 .debug_macro   0x0000000000000000      0x287 ./MCAL/GPIO/GPIO.o
 .debug_macro   0x0000000000000287       0x22 ./MCAL/GPIO/GPIO.o
 .debug_macro   0x00000000000002a9       0x8e ./MCAL/GPIO/GPIO.o
 .debug_macro   0x0000000000000337       0x51 ./MCAL/GPIO/GPIO.o
 .debug_macro   0x0000000000000388      0x103 ./MCAL/GPIO/GPIO.o
 .debug_macro   0x000000000000048b       0x6a ./MCAL/GPIO/GPIO.o
 .debug_macro   0x00000000000004f5      0x1df ./MCAL/GPIO/GPIO.o
 .debug_macro   0x00000000000006d4       0x52 ./MCAL/GPIO/GPIO.o
 .debug_macro   0x0000000000000726       0x18 ./MCAL/GPIO/GPIO.o
 .debug_macro   0x000000000000073e       0x3c ./MCAL/GPIO/GPIO.o
 .debug_macro   0x000000000000077a       0x34 ./MCAL/GPIO/GPIO.o
 .debug_macro   0x00000000000007ae       0x16 ./MCAL/GPIO/GPIO.o
 .debug_macro   0x00000000000007c4       0x97 ./MCAL/GPIO/GPIO.o
 .debug_macro   0x000000000000085b      0x341 ./MCAL/GPIO/GPIO.o
 .debug_macro   0x0000000000000b9c       0xfd ./MCAL/GPIO/GPIO.o
 .debug_macro   0x0000000000000c99       0x10 ./MCAL/GPIO/GPIO.o
 .debug_macro   0x0000000000000ca9       0x16 ./MCAL/GPIO/GPIO.o
 .debug_macro   0x0000000000000cbf       0x43 ./MCAL/GPIO/GPIO.o
 .debug_macro   0x0000000000000d02       0x34 ./MCAL/GPIO/GPIO.o
 .debug_macro   0x0000000000000d36       0x10 ./MCAL/GPIO/GPIO.o
 .debug_macro   0x0000000000000d46       0x58 ./MCAL/GPIO/GPIO.o
 .debug_macro   0x0000000000000d9e       0x71 ./MCAL/GPIO/GPIO.o
 .debug_macro   0x0000000000000e0f       0x1c ./MCAL/GPIO/GPIO.o
 .debug_macro   0x0000000000000e2b      0x12a ./MCAL/GPIO/GPIO.o
 .debug_macro   0x0000000000000f55       0x10 ./MCAL/GPIO/GPIO.o
 .debug_macro   0x0000000000000f65       0x1c ./MCAL/GPIO/GPIO.o
 .debug_macro   0x0000000000000f81       0x52 ./MCAL/GPIO/GPIO.o
 .debug_macro   0x0000000000000fd3       0x22 ./MCAL/GPIO/GPIO.o
 .debug_macro   0x0000000000000ff5       0x10 ./MCAL/GPIO/GPIO.o
 .debug_macro   0x0000000000001005       0x52 ./MCAL/GPIO/GPIO.o
 .debug_macro   0x0000000000001057       0xd5 ./MCAL/GPIO/GPIO.o
 .debug_macro   0x000000000000112c       0x1c ./MCAL/GPIO/GPIO.o
 .debug_macro   0x0000000000001148       0x3d ./MCAL/GPIO/GPIO.o
 .debug_macro   0x0000000000001185       0x16 ./MCAL/GPIO/GPIO.o
 .debug_macro   0x000000000000119b      0x145 ./MCAL/GPIO/GPIO.o
 .debug_macro   0x00000000000012e0       0x16 ./MCAL/GPIO/GPIO.o
 .debug_macro   0x00000000000012f6       0x35 ./MCAL/GPIO/GPIO.o
 .debug_macro   0x000000000000132b       0x16 ./MCAL/GPIO/GPIO.o
 .debug_macro   0x0000000000001341       0x29 ./MCAL/GPIO/GPIO.o
 .debug_macro   0x000000000000136a       0x16 ./MCAL/GPIO/GPIO.o
 .debug_macro   0x0000000000001380       0x20 ./MCAL/GPIO/GPIO.o
 .debug_macro   0x00000000000013a0       0x22 ./MCAL/GPIO/GPIO.o
 .debug_macro   0x00000000000013c2      0x19b ./MCAL/GPIO/GPIO.o
 .debug_macro   0x000000000000155d       0xd0 ./MCAL/GPIO/GPIO.o
 .debug_macro   0x000000000000162d      0x138 ./MCAL/GPIO/GPIO.o
 .debug_macro   0x0000000000001765      0x287 ./Src/main.o

.debug_line     0x0000000000000000      0xe43
 .debug_line    0x0000000000000000      0x71d ./MCAL/GPIO/GPIO.o
 .debug_line    0x000000000000071d      0x6a2 ./Src/main.o
 .debug_line    0x0000000000000dbf       0x84 ./Startup/startup_stm32f407vgtx.o

.debug_str      0x0000000000000000     0x9cb4
 .debug_str     0x0000000000000000     0x9c14 ./MCAL/GPIO/GPIO.o
                                       0x9e30 (size before relaxing)
 .debug_str     0x0000000000009c14       0x6f ./Src/main.o
                                       0x9c61 (size before relaxing)
 .debug_str     0x0000000000009c83       0x31 ./Startup/startup_stm32f407vgtx.o
                                         0xcf (size before relaxing)

.comment        0x0000000000000000       0x50
 .comment       0x0000000000000000       0x50 ./MCAL/GPIO/GPIO.o
                                         0x51 (size before relaxing)
 .comment       0x0000000000000050       0x51 ./Src/main.o

.debug_frame    0x0000000000000000      0x184
 .debug_frame   0x0000000000000000      0x128 ./MCAL/GPIO/GPIO.o
 .debug_frame   0x0000000000000128       0x30 ./Src/main.o
 .debug_frame   0x0000000000000158       0x2c /app/stm32cubeide/plugins/com.st.stm32cube.ide.mcu.externaltools.gnu-tools-for-stm32.10.3-2021.10.linux64_1.0.200.202301161003/tools/bin/../lib/gcc/arm-none-eabi/10.3.1/../../../../arm-none-eabi/lib/thumb/v7e-m/nofp/libc_nano.a(lib_a-init.o)
