22:31:53 **** Incremental Build of configuration Debug for project 004LED_Blinky ****
make -j4 all 
arm-none-eabi-gcc "../Src/main.c" -mcpu=cortex-m4 -std=gnu11 -g3 -DDEBUG -DSTM32 -DSTM32F407G_DISC1 -DSTM32F4 -DSTM32F407VGTx -c -I../Inc -O0 -ffunction-sections -fdata-sections -Wall -fstack-usage -fcyclomatic-complexity -MMD -MP -MF"Src/main.d" -MT"Src/main.o" --specs=nano.specs -mfloat-abi=soft -mthumb -o "Src/main.o"
arm-none-eabi-gcc -o "004LED_Blinky.elf" @"objects.list"   -mcpu=cortex-m4 -T"/home/mohamed/Desktop/Embedded  Martin Schröder Courses/Courses/Kiran Nayak_slideshare/MCU1 course/MCU1/004LED_Blinky/STM32F407VGTX_FLASH.ld" --specs=nosys.specs -Wl,-Map="004LED_Blinky.map" -Wl,--gc-sections -static --specs=nano.specs -mfloat-abi=soft -mthumb -Wl,--start-group -lc -lm -Wl,--end-group
Finished building target: 004LED_Blinky.elf
 
arm-none-eabi-size   004LED_Blinky.elf 
arm-none-eabi-objdump -h -S  004LED_Blinky.elf  > "004LED_Blinky.list"
arm-none-eabi-objcopy  -O ihex  004LED_Blinky.elf  "004LED_Blinky.hex"
   text	   data	    bss	    dec	    hex	filename
   1104	      8	   1568	   2680	    a78	004LED_Blinky.elf
Finished building: default.size.stdout
 
Finished building: 004LED_Blinky.hex
 
Finished building: 004LED_Blinky.list
 

22:31:54 Build Finished. 0 errors, 0 warnings. (took 1s.32ms)

