23:26:26 **** Incremental Build of configuration Debug for project 007Volatile_Experiment ****
make -j4 all 
arm-none-eabi-gcc "../Src/main.c" -mcpu=cortex-m4 -std=gnu11 -g3 -DDEBUG -DSTM32 -DSTM32F407G_DISC1 -DSTM32F4 -DSTM32F407VGTx -c -I../Inc -O3 -ffunction-sections -fdata-sections -Wall -fstack-usage -fcyclomatic-complexity -MMD -MP -MF"Src/main.d" -MT"Src/main.o" --specs=nano.specs -mfloat-abi=soft -mthumb -o "Src/main.o"
arm-none-eabi-gcc -o "007Volatile_Experiment.elf" @"objects.list"   -mcpu=cortex-m4 -T"/home/mohamed/Desktop/Embedded  Martin Schröder Courses/Courses/Kiran Nayak_slideshare/MCU1 course/MCU1/007Volatile_Experiment/STM32F407VGTX_FLASH.ld" --specs=nosys.specs -Wl,-Map="007Volatile_Experiment.map" -Wl,--gc-sections -static --specs=nano.specs -mfloat-abi=soft -mthumb -Wl,--start-group -lc -lm -Wl,--end-group
Finished building target: 007Volatile_Experiment.elf
 
arm-none-eabi-size   007Volatile_Experiment.elf 
arm-none-eabi-objdump -h -S  007Volatile_Experiment.elf  > "007Volatile_Experiment.list"
arm-none-eabi-objcopy  -O ihex  007Volatile_Experiment.elf  "007Volatile_Experiment.hex"
   text	   data	    bss	    dec	    hex	filename
    680	      8	   1568	   2256	    8d0	007Volatile_Experiment.elf
Finished building: default.size.stdout
 
Finished building: 007Volatile_Experiment.hex
Finished building: 007Volatile_Experiment.list
 
 

23:26:27 Build Finished. 0 errors, 0 warnings. (took 830ms)

