00:39:15 **** Incremental Build of configuration Debug for project 008GPIO_Driver_with_ArrayOfPointers ****
make -j4 all 
arm-none-eabi-gcc "../Src/GPIO.c" -mcpu=cortex-m4 -std=gnu11 -g3 -DDEBUG -DSTM32 -DSTM32F407G_DISC1 -DSTM32F4 -DSTM32F407VGTx -c -I../Inc -O0 -ffunction-sections -fdata-sections -Wall -fstack-usage -fcyclomatic-complexity -MMD -MP -MF"Src/GPIO.d" -MT"Src/GPIO.o" --specs=nano.specs -mfloat-abi=soft -mthumb -o "Src/GPIO.o"
arm-none-eabi-gcc -o "008GPIO_Driver_with_ArrayOfPointers.elf" @"objects.list"   -mcpu=cortex-m4 -T"/home/mohamed/Desktop/Embedded  Martin Schröder Courses/Courses/Kiran Nayak_slideshare/MCU1 course/MCU1/008GPIO_Driver_with_ArrayOfPointers/STM32F407VGTX_FLASH.ld" --specs=nosys.specs -Wl,-Map="008GPIO_Driver_with_ArrayOfPointers.map" -Wl,--gc-sections -static --specs=nano.specs -mfloat-abi=soft -mthumb -Wl,--start-group -lc -lm -Wl,--end-group
Finished building target: 008GPIO_Driver_with_ArrayOfPointers.elf
 
arm-none-eabi-size   008GPIO_Driver_with_ArrayOfPointers.elf 
arm-none-eabi-objdump -h -S  008GPIO_Driver_with_ArrayOfPointers.elf  > "008GPIO_Driver_with_ArrayOfPointers.list"
arm-none-eabi-objcopy  -O ihex  008GPIO_Driver_with_ArrayOfPointers.elf  "008GPIO_Driver_with_ArrayOfPointers.hex"
   text	   data	    bss	    dec	    hex	filename
   1236	      8	   1568	   2812	    afc	008GPIO_Driver_with_ArrayOfPointers.elf
Finished building: default.size.stdout
 
Finished building: 008GPIO_Driver_with_ArrayOfPointers.hex
Finished building: 008GPIO_Driver_with_ArrayOfPointers.list
 
 
