12:29:08 **** Incremental Build of configuration Debug for project Volatile_Experiment ****
make -j4 all 
arm-none-eabi-gcc "../Src/main.c" -mcpu=cortex-m4 -std=gnu11 -g3 -DDEBUG -DSTM32 -DSTM32F407G_DISC1 -DSTM32F4 -DSTM32F407VGTx -c -I../Inc -O0 -ffunction-sections -fdata-sections -Wall -fstack-usage -fcyclomatic-complexity -MMD -MP -MF"Src/main.d" -MT"Src/main.o" --specs=nano.specs -mfloat-abi=soft -mthumb -o "Src/main.o"
arm-none-eabi-gcc "../Src/syscalls.c" -mcpu=cortex-m4 -std=gnu11 -g3 -DDEBUG -DSTM32 -DSTM32F407G_DISC1 -DSTM32F4 -DSTM32F407VGTx -c -I../Inc -O0 -ffunction-sections -fdata-sections -Wall -fstack-usage -fcyclomatic-complexity -MMD -MP -MF"Src/syscalls.d" -MT"Src/syscalls.o" --specs=nano.specs -mfloat-abi=soft -mthumb -o "Src/syscalls.o"
arm-none-eabi-gcc "../Src/sysmem.c" -mcpu=cortex-m4 -std=gnu11 -g3 -DDEBUG -DSTM32 -DSTM32F407G_DISC1 -DSTM32F4 -DSTM32F407VGTx -c -I../Inc -O0 -ffunction-sections -fdata-sections -Wall -fstack-usage -fcyclomatic-complexity -MMD -MP -MF"Src/sysmem.d" -MT"Src/sysmem.o" --specs=nano.specs -mfloat-abi=soft -mthumb -o "Src/sysmem.o"
arm-none-eabi-gcc -o "Volatile_Experiment.elf" @"objects.list"   -mcpu=cortex-m4 -T"/home/mohamed/Desktop/Embedded  Martin Schröder Courses/Courses/Kiran Nayak_slideshare/MCU1 course/MCU1/Volatile_Experiment/STM32F407VGTX_FLASH.ld" --specs=nosys.specs -Wl,-Map="Volatile_Experiment.map" -Wl,--gc-sections -static --specs=nano.specs -mfloat-abi=soft -mthumb -Wl,--start-group -lc -lm -Wl,--end-group
Finished building target: Volatile_Experiment.elf
 
arm-none-eabi-size   Volatile_Experiment.elf 
arm-none-eabi-objdump -h -S  Volatile_Experiment.elf  > "Volatile_Experiment.list"
arm-none-eabi-objcopy  -O ihex  Volatile_Experiment.elf  "Volatile_Experiment.hex"
   text	   data	    bss	    dec	    hex	filename
    700	      8	   1568	   2276	    8e4	Volatile_Experiment.elf
Finished building: default.size.stdout
Finished building: Volatile_Experiment.hex
 
Finished building: Volatile_Experiment.list
 
 

12:29:09 Build Finished. 0 errors, 0 warnings. (took 882ms)

